2026-08-23T06:56:22.586Z PASS macOS host: Darwin
2026-08-23T06:56:22.588Z PASS expected checksum-manifest hash format: 64 lowercase hexadecimal characters
2026-08-23T06:56:22.588Z PASS canonical checksum-manifest name: SHA256SUMS.txt
2026-08-23T06:56:22.588Z PASS exact archive name: local-browser-bridge-v0.12.7-macos-universal.tar.gz
2026-08-23T06:56:22.597Z PASS out-of-band checksum-manifest hash matches: e2f9a33fdee21e05d66960e63e2cd7757585b6f98969dab98a321cebda9df0a9
2026-08-23T06:56:22.598Z PASS checksum manifest has the exact canonical four-entry set: local-browser-bridge-v0.12.7-windows-x86_64.exe,local-computer-helper-v0.12.7-windows-x86_64.exe,local-browser-bridge-v0.12.7-macos-universal.tar.gz,local-browser-bridge-extension-v0.12.7.zip
2026-08-23T06:56:22.598Z PASS archive checksum is bound by the canonical manifest: dd8f95b1be5ee772c2ba1bd108fffb4e9dfc5cf4a3d4cb2271af34d8aa3ac806
2026-08-23T06:56:22.619Z PASS archive paths are traversal-safe: 10 safe entries
2026-08-23T06:56:22.640Z PASS archive contains only regular files and directories: no links or special filesystem entries
2026-08-23T06:56:22.640Z PASS archive contains exact server: local-browser-bridge
2026-08-23T06:56:22.640Z PASS archive contains exact helper: Local Computer Helper.app/Contents/MacOS/local-computer-helper
2026-08-23T06:56:22.668Z PASS supplied server is archive-exact: 0b5332e8eee2df8c0f291f3f09f5323243a0346ee1a9a4aa74809e543dacfa84
2026-08-23T06:56:22.670Z PASS supplied helper is archive-exact: dfd4c22d622184d7bfddc1426229edf6232788fe5cb2f57e6600e82e587d27dd
2026-08-23T06:56:22.683Z PASS server universal architecture: arm64,x86_64
2026-08-23T06:56:22.683Z PASS helper universal architecture: arm64,x86_64
2026-08-23T06:56:22.683Z PASS helper uses packaged app layout: Local Computer Helper.app
2026-08-23T06:56:22.705Z PASS strict code-signature verification: server, helper executable, and helper app bundle passed strict verification
2026-08-23T06:56:22.712Z PASS helper bundle version: 0.12.7/0.12.7
2026-08-23T06:56:23.038Z PASS server version: 0.12.7
2026-08-23T06:56:23.252Z PASS helper version: 0.12.7
2026-08-23T06:56:24.243Z PASS screen-capture permission preflight: preexisting permission; no request was made
2026-08-23T06:56:24.243Z PASS accessibility permission preflight: preexisting permission; no request was made
2026-08-23T06:56:24.243Z PASS active Space probe available: nonzero active Space identity
2026-08-23T06:56:24.243Z PASS sandwiched foreground AX focus probe available: stable NSWorkspace/raw PSN plus exact AX focused/main-window identities are available
2026-08-23T06:56:24.855Z PASS fixture process identity: state belongs to the spawned fixture
2026-08-23T06:56:25.028Z PASS startup same-PID sibling is the target app's remembered receiver: sibling-main-and-focused=true, fixture-background=true
2026-08-23T06:56:25.357Z PASS packaged helper compatible: protocol-compatible helper 0.12.7
2026-08-23T06:56:25.357Z PASS single helper spawn: 1 packaged helper process
2026-08-23T06:56:25.357Z PASS acknowledged share advertised: computer.share.ack present
2026-08-23T06:56:25.357Z PASS native stream advertised: computer.capture.native-stream.v1 present
2026-08-23T06:56:25.558Z PASS helper status backend: background-window/ax+skylight+screencapturekit-stream
2026-08-23T06:56:25.558Z PASS background shared-session mode: background-window/shared-user-session/target-routed
2026-08-23T06:56:25.558Z PASS background input backend ready: target-routed input is ready
2026-08-23T06:56:25.558Z PASS semantic backend ready: macos-accessibility is ready without prompting
2026-08-23T06:56:25.558Z PASS fixture exact window discovered: 1 matching windows
2026-08-23T06:56:25.558Z PASS genuine same-PID sibling window discovered: 1 sibling matches, distinct=true
2026-08-23T06:56:25.558Z PASS fixture is a background target: neither same-PID fixture window owns the user's foreground process or front window
2026-08-23T06:56:25.832Z PASS exact fixture window observed: 1209x826
2026-08-23T06:56:25.832Z PASS semantic snapshot available: 4 elements
2026-08-23T06:56:25.835Z PASS semantic value element discovered: AXTextField
2026-08-23T06:56:27.030Z PASS semantic setValue confirmed: Confirmed/value-confirmed
2026-08-23T06:56:27.030Z PASS semantic setValue non-interruption invariants: {"cursorUnchanged":true,"foregroundUnchanged":true,"spaceUnchanged":true,"userFocusUnchanged":true}
2026-08-23T06:56:27.254Z PASS semantic setValue screenshot changed: fresh exact-window pixels differ from the pre-action observation
2026-08-23T06:56:27.254Z PASS semantic action element discovered: AXButton
2026-08-23T06:56:28.481Z PASS semantic invoke target-side proof: fixture semantic counter advanced to 1
2026-08-23T06:56:28.481Z PASS semantic invoke conservatively classified: Partial/element-state-changed
2026-08-23T06:56:28.481Z PASS semantic invoke non-interruption invariants: {"cursorUnchanged":true,"foregroundUnchanged":true,"spaceUnchanged":true,"userFocusUnchanged":true}
2026-08-23T06:56:28.710Z PASS semantic invoke screenshot changed: fresh exact-window pixels differ from the setValue stage
2026-08-23T06:56:29.564Z PASS persistent live share started: persistent-native-stream/exact-window
2026-08-23T06:56:29.564Z PASS SCStream start metadata: macos-screencapturekit-scstream, native=true, indicator-policy=true, selection=programmatic-exact-window
2026-08-23T06:56:29.564Z PASS live share ack pacing: latest-frame-wins, ackPaced=true
2026-08-23T06:56:29.564Z PASS live share cursor policy: system cursor excluded; synthetic session pointer composited
2026-08-23T06:56:29.879Z PASS persistent-share screenshot is fresh: sourceSequence=3
2026-08-23T06:56:30.451Z PASS same-PID sibling is remembered before primary pixel dispatch: sibling-main-and-focused=true, sibling-state-clean=true
2026-08-23T06:56:33.683Z PASS exact active target receiver observed during pixel lease: active-target=true, exact-main-and-focused=true, saved-user-owner=true
2026-08-23T06:56:33.772Z PASS background pixel click targets only primary and restores sibling receiver: only the primary click counter advanced and the target app's prior sibling receiver was restored
2026-08-23T06:56:33.772Z PASS pixel click conservatively classified: Unverifiable
2026-08-23T06:56:33.772Z PASS pixel action bound to persistent share: share=true, source=8
2026-08-23T06:56:33.772Z PASS live-share pixel click non-interruption invariants: {"cursorUnchanged":true,"foregroundUnchanged":true,"spaceUnchanged":true,"userFocusUnchanged":true}
2026-08-23T06:56:33.849Z PASS same-PID pixel routing preserves user foreground/focus/cursor/Space: {"foregroundUnchanged":true,"userFocusUnchanged":true,"foregroundIdentitySandwichHeld":true,"rawForegroundIdentitySandwichHeld":true,"foregroundAxFocusUnchanged":true,"foregroundAxFrontmostHeld":true,"cursorUnchanged":true,"spaceUnchanged":true}
2026-08-23T06:56:33.954Z PASS native source remained live during input: source +36/drop +34; transport +3
2026-08-23T06:56:33.954Z PASS settled synthetic pointer published: action=click
2026-08-23T06:56:33.956Z PASS live-share action screenshot changed: fresh exact-window pixels include the action stage
2026-08-23T06:56:34.959Z PASS persistent share survived exact-target resize: 720x492 -> 820x552
2026-08-23T06:56:34.959Z PASS settled resize frame matches exact-window geometry: window=820x552, image=1218x820
2026-08-23T06:56:34.961Z PASS resize screenshot dimensions match settled observation: 1218x820
2026-08-23T06:56:34.961Z PASS resize screenshot geometry changed: 1209x826 -> 1218x820
2026-08-23T06:56:37.343Z PASS post-resize pixel click target-side proof: only the exact fixture click counter changed functional state after resize
2026-08-23T06:56:37.343Z PASS post-resize action bound to settled persistent share: frame=true, share=true, source=58
2026-08-23T06:56:37.343Z PASS post-resize pixel click conservatively classified: Unverifiable
2026-08-23T06:56:37.343Z PASS post-resize pixel click non-interruption invariants: {"cursorUnchanged":true,"foregroundUnchanged":true,"spaceUnchanged":true,"userFocusUnchanged":true}
2026-08-23T06:56:37.428Z PASS post-resize independent foreground/focus/cursor/Space invariants: {"foregroundUnchanged":true,"userFocusUnchanged":true,"foregroundIdentitySandwichHeld":true,"rawForegroundIdentitySandwichHeld":true,"foregroundAxFocusUnchanged":true,"foregroundAxFrontmostHeld":true,"cursorUnchanged":true,"spaceUnchanged":true}
2026-08-23T06:56:37.636Z PASS post-resize action retained resized exact-window stream: window=820x552, image=1218x820
2026-08-23T06:56:37.790Z PASS same-PID sibling is the prior receiver before text preparation: sibling-main-and-focused=true, sibling-state-clean=true
2026-08-23T06:56:38.068Z PASS background fixture field prepared without mutation while sibling remains prior receiver: the primary responder was prepared, the sibling was restored internally, and no target field mutated
2026-08-23T06:56:38.147Z PASS field preparation foreground/focus/cursor/Space invariants: {"foregroundUnchanged":true,"userFocusUnchanged":true,"foregroundIdentitySandwichHeld":true,"rawForegroundIdentitySandwichHeld":true,"foregroundAxFocusUnchanged":true,"foregroundAxFrontmostHeld":true,"cursorUnchanged":true,"spaceUnchanged":true}
2026-08-23T06:56:38.302Z PASS same-PID sibling remains the exact prior receiver immediately before text request: sibling-main-and-focused=true
2026-08-23T06:56:40.692Z PASS native typeText exact fixture read-back with zero sibling mutation: appended 20 ASCII characters only to the primary field and restored the prior sibling receiver
2026-08-23T06:56:40.692Z PASS native typeText bounded product result: Unverifiable/exact-window-background, characters=20, utf16=20
2026-08-23T06:56:40.692Z PASS native typeText non-interruption invariants: {"cursorUnchanged":true,"foregroundUnchanged":true,"spaceUnchanged":true,"userFocusUnchanged":true}
2026-08-23T06:56:40.768Z PASS native typeText independent foreground/focus/cursor/Space invariants: {"foregroundUnchanged":true,"userFocusUnchanged":true,"foregroundIdentitySandwichHeld":true,"rawForegroundIdentitySandwichHeld":true,"foregroundAxFocusUnchanged":true,"foregroundAxFrontmostHeld":true,"cursorUnchanged":true,"spaceUnchanged":true}
2026-08-23T06:56:40.975Z PASS native text restore element discovered: AXTextField
2026-08-23T06:56:40.975Z PASS native text restore frame is bound to the persistent share authority: share=true, source=112
2026-08-23T06:56:42.097Z PASS native text fixture value restored: Confirmed/value-confirmed
2026-08-23T06:56:42.097Z PASS native text restore non-interruption invariants: {"cursorUnchanged":true,"foregroundUnchanged":true,"spaceUnchanged":true,"userFocusUnchanged":true}
2026-08-23T06:56:42.097Z PASS native text restore exact fixture state: only the deterministic semantic value was restored
2026-08-23T06:56:42.407Z PASS persistent share sample count: 11 distinct transport frames
2026-08-23T06:56:42.407Z PASS one persistent share authority: 1 share IDs
2026-08-23T06:56:42.407Z PASS share-initial native stream metadata: macos-screencapturekit-scstream, native=true, indicator-policy=true, selection=programmatic-exact-window
2026-08-23T06:56:42.407Z PASS share-initial ack pacing metadata: ack=true, backpressure=latest-frame-wins
2026-08-23T06:56:42.407Z PASS share-cadence-1 native stream metadata: macos-screencapturekit-scstream, native=true, indicator-policy=true, selection=programmatic-exact-window
2026-08-23T06:56:42.407Z PASS share-cadence-1 ack pacing metadata: ack=true, backpressure=latest-frame-wins
2026-08-23T06:56:42.407Z PASS share-cadence-2 native stream metadata: macos-screencapturekit-scstream, native=true, indicator-policy=true, selection=programmatic-exact-window
2026-08-23T06:56:42.407Z PASS share-cadence-2 ack pacing metadata: ack=true, backpressure=latest-frame-wins
2026-08-23T06:56:42.407Z PASS share-after-long-action native stream metadata: macos-screencapturekit-scstream, native=true, indicator-policy=true, selection=programmatic-exact-window
2026-08-23T06:56:42.407Z PASS share-after-long-action ack pacing metadata: ack=true, backpressure=latest-frame-wins
2026-08-23T06:56:42.407Z PASS share-after-resize native stream metadata: macos-screencapturekit-scstream, native=true, indicator-policy=true, selection=programmatic-exact-window
2026-08-23T06:56:42.407Z PASS share-after-resize ack pacing metadata: ack=true, backpressure=latest-frame-wins
2026-08-23T06:56:42.407Z PASS share-resize-settled native stream metadata: macos-screencapturekit-scstream, native=true, indicator-policy=true, selection=programmatic-exact-window
2026-08-23T06:56:42.407Z PASS share-resize-settled ack pacing metadata: ack=true, backpressure=latest-frame-wins
2026-08-23T06:56:42.407Z PASS share-post-resize-cadence native stream metadata: macos-screencapturekit-scstream, native=true, indicator-policy=true, selection=programmatic-exact-window
2026-08-23T06:56:42.407Z PASS share-post-resize-cadence ack pacing metadata: ack=true, backpressure=latest-frame-wins
2026-08-23T06:56:42.407Z PASS share-after-post-resize-action native stream metadata: macos-screencapturekit-scstream, native=true, indicator-policy=true, selection=programmatic-exact-window
2026-08-23T06:56:42.407Z PASS share-after-post-resize-action ack pacing metadata: ack=true, backpressure=latest-frame-wins
2026-08-23T06:56:42.407Z PASS share-after-native-text-focus native stream metadata: macos-screencapturekit-scstream, native=true, indicator-policy=true, selection=programmatic-exact-window
2026-08-23T06:56:42.407Z PASS share-after-native-text-focus ack pacing metadata: ack=true, backpressure=latest-frame-wins
2026-08-23T06:56:42.407Z PASS share-after-native-text-delivery native stream metadata: macos-screencapturekit-scstream, native=true, indicator-policy=true, selection=programmatic-exact-window
2026-08-23T06:56:42.407Z PASS share-after-native-text-delivery ack pacing metadata: ack=true, backpressure=latest-frame-wins
2026-08-23T06:56:42.407Z PASS share-after-native-text-restore native stream metadata: macos-screencapturekit-scstream, native=true, indicator-policy=true, selection=programmatic-exact-window
2026-08-23T06:56:42.407Z PASS share-after-native-text-restore ack pacing metadata: ack=true, backpressure=latest-frame-wins
2026-08-23T06:56:42.407Z PASS share-cadence-1 independent sequences advance: source 3->6, transport 1->2
2026-08-23T06:56:42.407Z PASS share-cadence-1 drop counters are monotonic: source-drop 4->5, transport-drop 0->0
2026-08-23T06:56:42.407Z PASS share-cadence-1 previous frame was acknowledged: previous=1, ack=1, current=2
2026-08-23T06:56:42.407Z PASS share-cadence-2 independent sequences advance: source 6->8, transport 2->3
2026-08-23T06:56:42.407Z PASS share-cadence-2 drop counters are monotonic: source-drop 5->6, transport-drop 0->0
2026-08-23T06:56:42.407Z PASS share-cadence-2 previous frame was acknowledged: previous=2, ack=2, current=3
2026-08-23T06:56:42.407Z PASS share-after-long-action independent sequences advance: source 8->44, transport 3->6
2026-08-23T06:56:42.407Z PASS share-after-long-action drop counters are monotonic: source-drop 6->40, transport-drop 0->0
2026-08-23T06:56:42.407Z PASS share-after-long-action previous frame was acknowledged: previous=3, ack=5, current=6
2026-08-23T06:56:42.407Z PASS share-after-resize independent sequences advance: source 44->52, transport 6->8
2026-08-23T06:56:42.407Z PASS share-after-resize drop counters are monotonic: source-drop 40->45, transport-drop 0->0
2026-08-23T06:56:42.407Z PASS share-after-resize previous frame was acknowledged: previous=6, ack=7, current=8
2026-08-23T06:56:42.407Z PASS share-resize-settled independent sequences advance: source 52->54, transport 8->9
2026-08-23T06:56:42.407Z PASS share-resize-settled drop counters are monotonic: source-drop 45->46, transport-drop 0->0
2026-08-23T06:56:42.407Z PASS share-resize-settled previous frame was acknowledged: previous=8, ack=8, current=9
2026-08-23T06:56:42.407Z PASS share-post-resize-cadence independent sequences advance: source 54->58, transport 9->11
2026-08-23T06:56:42.407Z PASS share-post-resize-cadence drop counters are monotonic: source-drop 46->48, transport-drop 0->0
2026-08-23T06:56:42.407Z PASS share-post-resize-cadence previous frame was acknowledged: previous=9, ack=9, current=11
2026-08-23T06:56:42.407Z PASS share-after-post-resize-action independent sequences advance: source 58->80, transport 11->14
2026-08-23T06:56:42.407Z PASS share-after-post-resize-action drop counters are monotonic: source-drop 48->67, transport-drop 0->2
2026-08-23T06:56:42.407Z PASS share-after-post-resize-action previous frame was acknowledged: previous=11, ack=13, current=14
2026-08-23T06:56:42.407Z PASS share-after-native-text-focus independent sequences advance: source 80->85, transport 14->16
2026-08-23T06:56:42.408Z PASS share-after-native-text-focus drop counters are monotonic: source-drop 67->70, transport-drop 2->2
2026-08-23T06:56:42.408Z PASS share-after-native-text-focus previous frame was acknowledged: previous=14, ack=15, current=16
2026-08-23T06:56:42.408Z PASS share-after-native-text-delivery independent sequences advance: source 85->112, transport 16->19
2026-08-23T06:56:42.408Z PASS share-after-native-text-delivery drop counters are monotonic: source-drop 70->95, transport-drop 2->3
2026-08-23T06:56:42.408Z PASS share-after-native-text-delivery previous frame was acknowledged: previous=16, ack=18, current=19
2026-08-23T06:56:42.408Z PASS share-after-native-text-restore independent sequences advance: source 112->127, transport 19->23
2026-08-23T06:56:42.408Z PASS share-after-native-text-restore drop counters are monotonic: source-drop 95->105, transport-drop 3->3
2026-08-23T06:56:42.408Z PASS share-after-native-text-restore previous frame was acknowledged: previous=19, ack=22, current=23
2026-08-23T06:56:42.542Z PASS share status remains native and ack paced: macos-screencapturekit-scstream, source=130, transport=24
2026-08-23T06:56:42.542Z PASS share status drop domains retained: source-drop=107, transport-drop=3
2026-08-23T06:56:42.542Z PASS cancellation starts from a current resized share frame: share=true, source=127, screenshot-bound=true
2026-08-23T06:56:42.622Z PASS bounded fixture mouse-move instrumentation ready: baseline=61
2026-08-23T06:56:43.027Z PASS cancellation waits for target-routed native move delivery: moveEvents=61->64, wait=405ms
2026-08-23T06:56:43.029Z PASS exact duplicate observes one causally dispatched product action: HTTP 409, CALL_IN_PROGRESS
2026-08-23T06:56:43.030Z PASS authenticated exact-call cancellation accepted: HTTP 202, requested=true
2026-08-23T06:56:43.031Z PASS canceled original reports conservative outcome unknown: HTTP 504, COMMAND_OUTCOME_UNKNOWN/outcome_unknown, elapsed=409ms
2026-08-23T06:56:43.031Z PASS completed call cannot be canceled twice: HTTP 409, CALL_NOT_IN_PROGRESS
2026-08-23T06:56:43.033Z PASS exact canceled call replays without redispatch: HTTP 504, replayed=true
2026-08-23T06:56:43.035Z PASS changed command cannot reuse canceled call identity: HTTP 409, CALL_ID_REUSED/invalid_request
2026-08-23T06:56:43.035Z PASS cancellation fail-closed state names the exact-session revocation: outcome-unknown/COMMAND_OUTCOME_UNKNOWN
2026-08-23T06:56:43.037Z PASS cancellation tears down the computer screenshot surface: HTTP 404, NO_COMPUTER_SCREENSHOT
2026-08-23T06:56:43.339Z PASS canceled share surface stays torn down: no queued SCStream frame republished authority after cancellation
2026-08-23T06:56:43.341Z PASS post-cancellation share stop is idempotently fail-closed: false/false/not-active
2026-08-23T06:56:43.344Z PASS explicit stop preserves surface teardown: computer observation, screenshot, pointer, and share authority remain unavailable
2026-08-23T06:56:43.346Z PASS revoked authority gates pre-recovery mutations before helper relay: HTTP 409, NO_COMPUTER_FRAME/stale_snapshot/reobserve
2026-08-23T06:56:43.348Z PASS gated old-frame action cannot recreate a computer surface: no frame, screenshot, pointer, or share authority was republished
2026-08-23T06:56:43.936Z PASS explicit one-shot observation recovers exact-session authority: session-preserved=true, fresh-frame=true
2026-08-23T06:56:43.938Z PASS pre-cancellation frame stays stale after explicit recovery: HTTP 409, COMPUTER_STALE_FRAME/stale_snapshot/reobserve
2026-08-23T06:56:43.939Z PASS rejected stale action preserves the recovered exact frame: the old frame was refused without replacing or revoking the recovered one-shot frame
2026-08-23T06:56:43.940Z PASS fixture final state: {"clicks":2,"semanticPresses":1,"semanticValueMatchesExpected":true,"resizeCount":1,"focusCount":1,"siblingFocusCount":1,"siblingTextLength":0,"siblingClicks":0,"distinctSamePidWindows":true,"moveEvents":64,"appliedControlSequence":2,"contentWidth":820,"contentHeight":520}
2026-08-23T06:56:43.940Z PASS canceled move, gated refusal, recovery, and stale refusal caused no functional fixture mutation: functional fixture state stayed exact; only bounded move-delivery instrumentation advanced
2026-08-23T06:56:44.024Z PASS final same-PID receiver main and focus are restored before target close: sibling-main-and-focused=true
2026-08-23T06:56:44.098Z PASS cancellation/stop foreground/focus/cursor/Space invariants: {"foregroundUnchanged":true,"userFocusUnchanged":true,"foregroundIdentitySandwichHeld":true,"rawForegroundIdentitySandwichHeld":true,"foregroundAxFocusUnchanged":true,"foregroundAxFrontmostHeld":true,"cursorUnchanged":true,"spaceUnchanged":true}
2026-08-23T06:56:44.098Z PASS every retained screenshot is bound only to the primary exact window: 6 primary-only screenshot records; sibling excluded=true
2026-08-23T06:56:45.297Z PASS target-close persistent share started with fresh authority: fresh-share=true, target=true, backend=macos-screencapturekit-scstream
2026-08-23T06:56:45.297Z PASS fresh share start retires the recovered one-shot frame under exact new authority: same-session=true, new-frame=true, exact-share=true
2026-08-23T06:56:45.606Z PASS exact target is alive while its closing share frame is current: share=true, recovered-retired=true, start-frame-retired=true, source=6
2026-08-23T06:56:45.610Z exact fixture target stopped
2026-08-23T06:56:45.610Z PASS rig closed the exact target while its persistent share was active: signal-requested=true, already-exited=false
2026-08-23T06:56:45.817Z PASS helper-originated exact-share failure stops server authority: capture-error/COMPUTER_NO_WINDOW, same-helper=true
2026-08-23T06:56:45.818Z PASS target close clears the exact share screenshot surface: HTTP 404, NO_COMPUTER_SCREENSHOT
2026-08-23T06:56:46.122Z PASS closed target cannot republish a queued native frame: 3 frame periods settled without authority republish
2026-08-23T06:56:46.125Z PASS closed-target frame is refused before helper action relay: HTTP 409, NO_COMPUTER_FRAME/stale_snapshot
2026-08-23T06:56:46.128Z PASS stale closed-target action cannot recreate a computer surface: the retired frame remained unavailable after the rejected mutation
2026-08-23T06:56:46.475Z PASS explicit observe cannot recover a closed exact target: HTTP 409, COMPUTER_NO_WINDOW/target_changed
2026-08-23T06:56:46.477Z PASS closed-target observe refusal preserves terminal teardown: the failed recovery did not restore observation, screenshot, pointer, share, or frame authority
2026-08-23T06:56:46.645Z PASS helper independently observes the exact target pair is gone: the helper no longer enumerates either real window from the closed fixture process
2026-08-23T06:56:46.647Z PASS target-close share stop is idempotently clean: false/false/not-active
2026-08-23T06:56:46.649Z PASS target-close cleanup leaves no share or frame authority: the same helper remains ready with no target, share, observation, screenshot, or frame authority
2026-08-23T06:56:46.735Z PASS target-close foreground/focus/cursor/Space invariants: {"foregroundUnchanged":true,"userFocusUnchanged":true,"foregroundIdentitySandwichHeld":true,"rawForegroundIdentitySandwichHeld":true,"foregroundAxFocusUnchanged":true,"foregroundAxFrontmostHeld":true,"cursorUnchanged":true,"spaceUnchanged":true}
2026-08-23T06:56:46.811Z PASS independent foreground/focus/cursor/Space invariants: {"foregroundUnchanged":true,"userFocusUnchanged":true,"foregroundIdentitySandwichHeld":true,"rawForegroundIdentitySandwichHeld":true,"foregroundAxFocusUnchanged":true,"foregroundAxFrontmostHeld":true,"cursorUnchanged":true,"spaceUnchanged":true}
2026-08-23T06:56:46.813Z helper stopped
2026-08-23T06:56:46.813Z PASS helper remained alive until controlled teardown: SIGTERM was sent by the rig
2026-08-23T06:56:46.815Z PASS helper transport disconnected cleanly: helper session and observation were revoked
2026-08-23T06:56:46.815Z PASS helper was never respawned: 1 packaged helper process
2026-08-23T06:56:46.817Z server stopped
2026-08-23T06:56:46.817Z PASS server remained alive until controlled teardown: SIGTERM was sent by the rig
2026-08-23T06:56:46.818Z PASS server listener closed: the evidence port no longer accepts health requests
2026-08-23T06:56:46.832Z 187/187 checks passed
2026-08-23T06:56:46.833Z scratch directory removed
