2026-08-27T09:23:17.390Z PASS evidence output parent is an owner-private ordinary directory: the direct evidence parent is ordinary, owner-private, and current-user owned
2026-08-27T09:23:17.391Z PASS evidence output directory is newly created and owner-private: the runner created one private lane output directory
2026-08-27T09:23:18.302Z PASS pre-run harness source commit matches coordinator binding: exact source SHA matched
2026-08-27T09:23:18.302Z PASS pre-run harness checkout is detached: detached HEAD
2026-08-27T09:23:18.302Z PASS pre-run harness checkout is clean: tracked, staged, deleted, and untracked sets are empty
2026-08-27T09:23:18.302Z PASS pre-run harness source repository passes git fsck: git fsck --full passed
2026-08-27T09:23:18.302Z PASS pre-run harness files are exact tracked blobs: runner, native probes, and acceptance finalizer match HEAD blobs
2026-08-27T09:23:18.305Z PASS macOS host: Darwin
2026-08-27T09:23:18.315Z PASS expected checksum-manifest hash format: 64 lowercase hexadecimal characters
2026-08-27T09:23:18.315Z PASS canonical checksum-manifest name: SHA256SUMS.txt
2026-08-27T09:23:18.315Z PASS exact archive name: local-browser-bridge-v0.12.39-macos-universal.tar.gz
2026-08-27T09:23:18.315Z PASS checksum manifest is one bounded current-user-owned ordinary file: ordinary, singly linked, owner-controlled, and within the manifest byte bound
2026-08-27T09:23:18.315Z PASS checksum manifest stayed stable while it was bound: path and descriptor identity, size, links, and timestamps remained unchanged
2026-08-27T09:23:18.315Z PASS out-of-band checksum-manifest hash matches: ad91bd33cc1fac9960105cbdbe86ad86b7a3fe32de7756a1df90f3e17ebafa66
2026-08-27T09:23:18.316Z PASS checksum manifest has the exact canonical four-entry set: local-browser-bridge-v0.12.39-windows-x86_64.exe,local-computer-helper-v0.12.39-windows-x86_64.exe,local-browser-bridge-v0.12.39-macos-universal.tar.gz,local-browser-bridge-extension-v0.12.39.zip
2026-08-27T09:23:18.316Z PASS canonical manifest contains the macOS archive checksum: cd44a6bd044149972395a5e62794ba4158cc27c63803c50ca4d935ba22f41843
2026-08-27T09:23:18.413Z PASS macOS archive bounded exact inventory: ten PAX-free regular-file/directory entries passed bounded streaming extraction
2026-08-27T09:23:18.413Z PASS archive checksum is bound by the canonical manifest: cd44a6bd044149972395a5e62794ba4158cc27c63803c50ca4d935ba22f41843
2026-08-27T09:23:18.418Z PASS supplied server is archive-exact: e4974bab12d7992bd56d3d6b1fdde41bcab29207e4376bc14521e1f4fe577ff2
2026-08-27T09:23:18.420Z PASS supplied helper is archive-exact: c3e87ad87b724727d44cd564c49449be3baec2acb4e5fb750c4a3fd5040b19ca
2026-08-27T09:23:18.435Z PASS server universal architecture: arm64,x86_64
2026-08-27T09:23:18.435Z PASS helper universal architecture: arm64,x86_64
2026-08-27T09:23:18.435Z PASS helper uses packaged app layout: Local Computer Helper.app
2026-08-27T09:23:18.462Z PASS strict code-signature verification: server, helper executable, and helper app bundle passed strict verification
2026-08-27T09:23:18.467Z PASS helper bundle version: 0.12.39/0.12.39
2026-08-27T09:23:19.890Z PASS optional physical-pointer adversarial prompt self-test: source-only optional adversarial prompt cannot satisfy either release lane
2026-08-27T09:23:20.506Z PASS app-share handoff bundle identity: dev.flrngel.local-browser-bridge.acceptance.app-share
2026-08-27T09:23:20.818Z PASS app-share handoff self-test: stable bundle/window/button vocabulary and create-once receipts
2026-08-27T09:23:21.090Z PASS screen-capture permission preflight: preexisting permission; no request was made
2026-08-27T09:23:21.090Z PASS accessibility permission preflight: preexisting permission; no request was made
2026-08-27T09:23:21.090Z PASS active Space probe available: nonzero active Space identity
2026-08-27T09:23:21.090Z PASS sandwiched foreground AX focus probe available: stable NSWorkspace/raw PSN plus exact AX focused/main-window identities are available
2026-08-27T09:23:57.427Z PASS native quiet-seat stabilization completed before candidate execution: 36336 ms across 60 stable native transitions after 0 reset(s)
2026-08-27T09:23:57.740Z PASS server version: 0.12.39
2026-08-27T09:23:57.949Z PASS helper version: 0.12.39
2026-08-27T09:23:58.456Z PASS fixture process identity: state belongs to the spawned fixture
2026-08-27T09:23:58.670Z PASS startup same-PID sibling is the target app's remembered receiver: sibling-main-and-focused=true, fixture-background=true
2026-08-27T09:23:58.997Z PASS packaged helper compatible: protocol-compatible helper 0.12.39
2026-08-27T09:23:58.997Z PASS single helper spawn: 1 packaged helper process
2026-08-27T09:23:58.997Z PASS acknowledged share advertised: computer.share.ack present
2026-08-27T09:23:58.997Z PASS native stream advertised: computer.capture.native-stream.v1 present
2026-08-27T09:23:58.997Z PASS input-delivery provenance advertised: computer.input-delivery-provenance.v1 present
2026-08-27T09:23:58.997Z PASS pointer-activity monitor advertised: computer.pointer-activity-monitor.v1 present
2026-08-27T09:23:59.196Z PASS helper status backend: background-window/ax+skylight+screencapturekit-stream
2026-08-27T09:23:59.196Z PASS background shared-session mode: background-window/shared-user-session/target-routed
2026-08-27T09:23:59.197Z PASS background input backend ready: target-routed input is ready
2026-08-27T09:23:59.197Z PASS semantic backend ready: macos-accessibility is ready without prompting
2026-08-27T09:23:59.197Z PASS fixture exact window discovered: 1 matching windows
2026-08-27T09:23:59.197Z PASS genuine same-PID sibling window discovered: 1 sibling matches, distinct=true
2026-08-27T09:23:59.197Z PASS fixture is a background target: neither same-PID fixture window owns the user's foreground process or front window
2026-08-27T09:23:59.499Z PASS exact fixture window observed: 1209x826
2026-08-27T09:23:59.499Z PASS semantic snapshot available: 4 elements
2026-08-27T09:23:59.503Z PASS semantic value element discovered: AXTextField
2026-08-27T09:24:00.488Z PASS semantic setValue confirmed: Confirmed/value-confirmed
2026-08-27T09:24:00.488Z PASS semantic setValue route, helper-preservation, and shared-pointer invariants: {"cursorPositionUnchanged":true,"foregroundUnchanged":true,"hardwareCursorPreservedByHelper":true,"helperGlobalPointerPreservation":"confirmed","hidSystemPointerActivityObserved":false,"injectedPointerActivityObserved":false,"inputDelivery":{"dispatchAttemptRecorded":true,"exactTargetBound":true,"globalHidInputUsed":false,"hardwareCursorMutationRequested":false,"osAcceptanceObserved":true,"osAcceptanceSignalAvailable":true,"route":"macosAccessibility","sharedInputSeatUsed":false,"supportLevel":"publicDocumented"},"pointerActivityMonitorHealthy":true,"rawInputPointerActivityObserved":false,"sharedPointerActivityObserved":false,"sharedPointerActivityState":"quiet","sharedPointerBoundaryCorroborated":true,"sharedPointerBoundaryState":"corroborated","spaceUnchanged":true,"userFocusUnchanged":true}
2026-08-27T09:24:00.741Z PASS semantic setValue screenshot changed: fresh exact-window pixels differ from the pre-action observation
2026-08-27T09:24:00.741Z PASS semantic action element discovered: AXButton
2026-08-27T09:24:01.782Z PASS semantic invoke target-side proof: fixture semantic counter advanced to 1
2026-08-27T09:24:01.782Z PASS semantic invoke conservatively classified: Partial/element-state-changed
2026-08-27T09:24:01.782Z PASS semantic invoke route, helper-preservation, and shared-pointer invariants: {"cursorPositionUnchanged":true,"foregroundUnchanged":true,"hardwareCursorPreservedByHelper":true,"helperGlobalPointerPreservation":"confirmed","hidSystemPointerActivityObserved":false,"injectedPointerActivityObserved":false,"inputDelivery":{"dispatchAttemptRecorded":true,"exactTargetBound":true,"globalHidInputUsed":false,"hardwareCursorMutationRequested":false,"osAcceptanceObserved":true,"osAcceptanceSignalAvailable":true,"route":"macosAccessibility","sharedInputSeatUsed":false,"supportLevel":"publicDocumented"},"pointerActivityMonitorHealthy":true,"rawInputPointerActivityObserved":false,"sharedPointerActivityObserved":false,"sharedPointerActivityState":"quiet","sharedPointerBoundaryCorroborated":true,"sharedPointerBoundaryState":"corroborated","spaceUnchanged":true,"userFocusUnchanged":true}
2026-08-27T09:24:02.029Z PASS semantic invoke screenshot changed: fresh exact-window pixels differ from the setValue stage
2026-08-27T09:24:02.716Z PASS persistent live share started: persistent-native-stream/exact-window
2026-08-27T09:24:02.716Z PASS SCStream start metadata: macos-screencapturekit-scstream, native=true, indicator-policy=true, selection=programmatic-exact-window
2026-08-27T09:24:02.716Z PASS live share ack pacing: latest-frame-wins, ackPaced=true
2026-08-27T09:24:02.716Z PASS live share cursor policy: system cursor excluded; synthetic session pointer composited
2026-08-27T09:24:03.030Z PASS persistent-share screenshot is fresh: sourceSequence=3
2026-08-27T09:24:03.643Z PASS same-PID sibling is remembered before primary pixel dispatch: sibling-main-and-focused=true, sibling-state-clean=true
2026-08-27T09:24:06.376Z PASS exact active target receiver observed during pixel lease: active-target=true, exact-main-and-focused=true, saved-user-owner=true
2026-08-27T09:24:06.495Z PASS background pixel click targets only primary and restores sibling receiver: only the primary click counter advanced and the target app's prior sibling receiver was restored
2026-08-27T09:24:06.495Z PASS pixel click conservatively classified: Unverifiable
2026-08-27T09:24:06.495Z PASS pixel action bound to persistent share: share=true, source=8
2026-08-27T09:24:06.495Z PASS live-share pixel click route, helper-preservation, and shared-pointer invariants: {"cursorPositionUnchanged":true,"foregroundUnchanged":true,"hardwareCursorPreservedByHelper":true,"helperGlobalPointerPreservation":"confirmed","hidSystemPointerActivityObserved":false,"injectedPointerActivityObserved":false,"inputDelivery":{"dispatchAttemptRecorded":true,"exactTargetBound":true,"globalHidInputUsed":false,"hardwareCursorMutationRequested":false,"osAcceptanceObserved":false,"osAcceptanceSignalAvailable":false,"route":"macosTargetedProcessEvent","sharedInputSeatUsed":false,"supportLevel":"privateUnsupported"},"pointerActivityMonitorHealthy":true,"rawInputPointerActivityObserved":false,"sharedPointerActivityObserved":false,"sharedPointerActivityState":"quiet","sharedPointerBoundaryCorroborated":true,"sharedPointerBoundaryState":"corroborated","spaceUnchanged":true,"userFocusUnchanged":true}
2026-08-27T09:24:06.583Z PASS same-PID pixel routing independent foreground/focus/pointer/Space invariants: {"foregroundUnchanged":true,"userFocusUnchanged":true,"foregroundIdentitySandwichHeld":true,"rawForegroundIdentitySandwichHeld":true,"foregroundAxFocusUnchanged":true,"foregroundAxFrontmostHeld":true,"cursorPositionUnchanged":true,"sharedPointerActivityObserved":false,"hidSystemPointerActivityObserved":false,"rawInputPointerActivityObserved":false,"injectedPointerActivityObserved":false,"pointerActivityMonitorHealthy":true,"sharedPointerBoundaryCorroborated":true,"sharedPointerBoundaryState":"corroborated","sharedPointerActivityState":"quiet","hidSystemKeyboardActivityObserved":false,"keyboardActivityMonitorHealthy":true,"sharedKeyboardBoundaryCorroborated":true,"sharedKeyboardBoundaryState":"corroborated","sharedKeyboardActivityState":"quiet","sharedInputSeatActivityObserved":false,"spaceUnchanged":true}
2026-08-27T09:24:06.688Z PASS native source remained live during input: source +32/drop +28; transport +4
2026-08-27T09:24:06.688Z PASS settled synthetic pointer published: action=click
2026-08-27T09:24:06.691Z PASS live-share action screenshot changed: fresh exact-window pixels include the action stage
2026-08-27T09:24:07.713Z PASS persistent share survived exact-target resize: 720x492 -> 820x552
2026-08-27T09:24:07.713Z PASS settled resize frame matches exact-window geometry: window=820x552, image=1218x820
2026-08-27T09:24:07.716Z PASS resize screenshot dimensions match settled observation: 1218x820
2026-08-27T09:24:07.716Z PASS resize screenshot geometry changed: 1209x826 -> 1218x820
2026-08-27T09:24:10.088Z PASS post-resize pixel click target-side proof: only the exact fixture click counter changed functional state after resize
2026-08-27T09:24:10.088Z PASS post-resize action bound to settled persistent share: frame=true, share=true, source=52
2026-08-27T09:24:10.088Z PASS post-resize pixel click conservatively classified: Unverifiable
2026-08-27T09:24:10.088Z PASS post-resize pixel click route, helper-preservation, and shared-pointer invariants: {"cursorPositionUnchanged":true,"foregroundUnchanged":true,"hardwareCursorPreservedByHelper":true,"helperGlobalPointerPreservation":"confirmed","hidSystemPointerActivityObserved":false,"injectedPointerActivityObserved":false,"inputDelivery":{"dispatchAttemptRecorded":true,"exactTargetBound":true,"globalHidInputUsed":false,"hardwareCursorMutationRequested":false,"osAcceptanceObserved":false,"osAcceptanceSignalAvailable":false,"route":"macosTargetedProcessEvent","sharedInputSeatUsed":false,"supportLevel":"privateUnsupported"},"pointerActivityMonitorHealthy":true,"rawInputPointerActivityObserved":false,"sharedPointerActivityObserved":false,"sharedPointerActivityState":"quiet","sharedPointerBoundaryCorroborated":true,"sharedPointerBoundaryState":"corroborated","spaceUnchanged":true,"userFocusUnchanged":true}
2026-08-27T09:24:10.088Z PASS post-resize pixel action independent foreground/focus/pointer/Space invariants: {"foregroundUnchanged":true,"userFocusUnchanged":true,"foregroundIdentitySandwichHeld":true,"rawForegroundIdentitySandwichHeld":true,"foregroundAxFocusUnchanged":true,"foregroundAxFrontmostHeld":true,"cursorPositionUnchanged":true,"sharedPointerActivityObserved":false,"hidSystemPointerActivityObserved":false,"rawInputPointerActivityObserved":false,"injectedPointerActivityObserved":false,"pointerActivityMonitorHealthy":true,"sharedPointerBoundaryCorroborated":true,"sharedPointerBoundaryState":"corroborated","sharedPointerActivityState":"quiet","hidSystemKeyboardActivityObserved":false,"keyboardActivityMonitorHealthy":true,"sharedKeyboardBoundaryCorroborated":true,"sharedKeyboardBoundaryState":"corroborated","sharedKeyboardActivityState":"quiet","sharedInputSeatActivityObserved":false,"spaceUnchanged":true}
2026-08-27T09:24:10.294Z PASS post-resize action retained resized exact-window stream: window=820x552, image=1218x820
2026-08-27T09:24:10.491Z PASS same-PID sibling is the prior receiver before text preparation: sibling-main-and-focused=true, sibling-state-clean=true
2026-08-27T09:24:10.702Z PASS background fixture field prepared without mutation while sibling remains prior receiver: the primary responder was prepared, the sibling was restored internally, and no target field mutated
2026-08-27T09:24:10.795Z PASS field preparation independent foreground/focus/pointer/Space invariants: {"foregroundUnchanged":true,"userFocusUnchanged":true,"foregroundIdentitySandwichHeld":true,"rawForegroundIdentitySandwichHeld":true,"foregroundAxFocusUnchanged":true,"foregroundAxFrontmostHeld":true,"cursorPositionUnchanged":true,"sharedPointerActivityObserved":false,"hidSystemPointerActivityObserved":false,"rawInputPointerActivityObserved":false,"injectedPointerActivityObserved":false,"pointerActivityMonitorHealthy":true,"sharedPointerBoundaryCorroborated":true,"sharedPointerBoundaryState":"corroborated","sharedPointerActivityState":"quiet","hidSystemKeyboardActivityObserved":false,"keyboardActivityMonitorHealthy":true,"sharedKeyboardBoundaryCorroborated":true,"sharedKeyboardBoundaryState":"corroborated","sharedKeyboardActivityState":"quiet","sharedInputSeatActivityObserved":false,"spaceUnchanged":true}
2026-08-27T09:24:10.993Z PASS same-PID sibling remains the exact prior receiver immediately before text request: sibling-main-and-focused=true
2026-08-27T09:24:12.808Z PASS native typeText exact fixture read-back with zero sibling mutation: appended 20 ASCII characters only to the primary field and restored the prior sibling receiver
2026-08-27T09:24:12.808Z PASS native typeText bounded product result: Unverifiable/exact-window-background, characters=20, utf16=20
2026-08-27T09:24:12.808Z PASS native typeText route, helper-preservation, and shared-pointer invariants: {"cursorPositionUnchanged":true,"foregroundUnchanged":true,"hardwareCursorPreservedByHelper":true,"helperGlobalPointerPreservation":"confirmed","hidSystemPointerActivityObserved":false,"injectedPointerActivityObserved":false,"inputDelivery":{"dispatchAttemptRecorded":true,"exactTargetBound":true,"globalHidInputUsed":false,"hardwareCursorMutationRequested":false,"osAcceptanceObserved":false,"osAcceptanceSignalAvailable":false,"route":"macosTargetedProcessEvent","sharedInputSeatUsed":false,"supportLevel":"privateUnsupported"},"pointerActivityMonitorHealthy":true,"rawInputPointerActivityObserved":false,"sharedPointerActivityObserved":false,"sharedPointerActivityState":"quiet","sharedPointerBoundaryCorroborated":true,"sharedPointerBoundaryState":"corroborated","spaceUnchanged":true,"userFocusUnchanged":true}
2026-08-27T09:24:12.895Z PASS native typeText independent foreground/focus/pointer/Space invariants: {"foregroundUnchanged":true,"userFocusUnchanged":true,"foregroundIdentitySandwichHeld":true,"rawForegroundIdentitySandwichHeld":true,"foregroundAxFocusUnchanged":true,"foregroundAxFrontmostHeld":true,"cursorPositionUnchanged":true,"sharedPointerActivityObserved":false,"hidSystemPointerActivityObserved":false,"rawInputPointerActivityObserved":false,"injectedPointerActivityObserved":false,"pointerActivityMonitorHealthy":true,"sharedPointerBoundaryCorroborated":true,"sharedPointerBoundaryState":"corroborated","sharedPointerActivityState":"quiet","hidSystemKeyboardActivityObserved":false,"keyboardActivityMonitorHealthy":true,"sharedKeyboardBoundaryCorroborated":true,"sharedKeyboardBoundaryState":"corroborated","sharedKeyboardActivityState":"quiet","sharedInputSeatActivityObserved":false,"spaceUnchanged":true}
2026-08-27T09:24:13.000Z PASS native text restore element discovered: AXTextField
2026-08-27T09:24:13.000Z PASS native text restore frame is bound to the persistent share authority: share=true, source=102
2026-08-27T09:24:14.189Z PASS native text fixture value restored: Confirmed/value-confirmed
2026-08-27T09:24:14.189Z PASS native text restore route, helper-preservation, and shared-pointer invariants: {"cursorPositionUnchanged":true,"foregroundUnchanged":true,"hardwareCursorPreservedByHelper":true,"helperGlobalPointerPreservation":"confirmed","hidSystemPointerActivityObserved":false,"injectedPointerActivityObserved":false,"inputDelivery":{"dispatchAttemptRecorded":true,"exactTargetBound":true,"globalHidInputUsed":false,"hardwareCursorMutationRequested":false,"osAcceptanceObserved":true,"osAcceptanceSignalAvailable":true,"route":"macosAccessibility","sharedInputSeatUsed":false,"supportLevel":"publicDocumented"},"pointerActivityMonitorHealthy":true,"rawInputPointerActivityObserved":false,"sharedPointerActivityObserved":false,"sharedPointerActivityState":"quiet","sharedPointerBoundaryCorroborated":true,"sharedPointerBoundaryState":"corroborated","spaceUnchanged":true,"userFocusUnchanged":true}
2026-08-27T09:24:14.189Z PASS native text restore exact fixture state: only the deterministic semantic value was restored
2026-08-27T09:24:14.500Z PASS persistent share sample count: 11 distinct transport frames
2026-08-27T09:24:14.500Z PASS one persistent share authority: 1 share IDs
2026-08-27T09:24:14.500Z PASS share-initial native stream metadata: macos-screencapturekit-scstream, native=true, indicator-policy=true, selection=programmatic-exact-window
2026-08-27T09:24:14.500Z PASS share-initial ack pacing metadata: ack=true, backpressure=latest-frame-wins
2026-08-27T09:24:14.500Z PASS share-cadence-1 native stream metadata: macos-screencapturekit-scstream, native=true, indicator-policy=true, selection=programmatic-exact-window
2026-08-27T09:24:14.500Z PASS share-cadence-1 ack pacing metadata: ack=true, backpressure=latest-frame-wins
2026-08-27T09:24:14.500Z PASS share-cadence-2 native stream metadata: macos-screencapturekit-scstream, native=true, indicator-policy=true, selection=programmatic-exact-window
2026-08-27T09:24:14.500Z PASS share-cadence-2 ack pacing metadata: ack=true, backpressure=latest-frame-wins
2026-08-27T09:24:14.500Z PASS share-after-long-action native stream metadata: macos-screencapturekit-scstream, native=true, indicator-policy=true, selection=programmatic-exact-window
2026-08-27T09:24:14.500Z PASS share-after-long-action ack pacing metadata: ack=true, backpressure=latest-frame-wins
2026-08-27T09:24:14.500Z PASS share-after-resize native stream metadata: macos-screencapturekit-scstream, native=true, indicator-policy=true, selection=programmatic-exact-window
2026-08-27T09:24:14.500Z PASS share-after-resize ack pacing metadata: ack=true, backpressure=latest-frame-wins
2026-08-27T09:24:14.500Z PASS share-resize-settled native stream metadata: macos-screencapturekit-scstream, native=true, indicator-policy=true, selection=programmatic-exact-window
2026-08-27T09:24:14.500Z PASS share-resize-settled ack pacing metadata: ack=true, backpressure=latest-frame-wins
2026-08-27T09:24:14.500Z PASS share-post-resize-cadence native stream metadata: macos-screencapturekit-scstream, native=true, indicator-policy=true, selection=programmatic-exact-window
2026-08-27T09:24:14.500Z PASS share-post-resize-cadence ack pacing metadata: ack=true, backpressure=latest-frame-wins
2026-08-27T09:24:14.500Z PASS share-after-post-resize-action native stream metadata: macos-screencapturekit-scstream, native=true, indicator-policy=true, selection=programmatic-exact-window
2026-08-27T09:24:14.500Z PASS share-after-post-resize-action ack pacing metadata: ack=true, backpressure=latest-frame-wins
2026-08-27T09:24:14.500Z PASS share-after-native-text-focus native stream metadata: macos-screencapturekit-scstream, native=true, indicator-policy=true, selection=programmatic-exact-window
2026-08-27T09:24:14.500Z PASS share-after-native-text-focus ack pacing metadata: ack=true, backpressure=latest-frame-wins
2026-08-27T09:24:14.500Z PASS share-after-native-text-delivery native stream metadata: macos-screencapturekit-scstream, native=true, indicator-policy=true, selection=programmatic-exact-window
2026-08-27T09:24:14.500Z PASS share-after-native-text-delivery ack pacing metadata: ack=true, backpressure=latest-frame-wins
2026-08-27T09:24:14.500Z PASS share-after-native-text-restore native stream metadata: macos-screencapturekit-scstream, native=true, indicator-policy=true, selection=programmatic-exact-window
2026-08-27T09:24:14.500Z PASS share-after-native-text-restore ack pacing metadata: ack=true, backpressure=latest-frame-wins
2026-08-27T09:24:14.500Z PASS share-cadence-1 independent sequences advance: source 3->6, transport 1->2
2026-08-27T09:24:14.500Z PASS share-cadence-1 drop counters are monotonic: source-drop 4->5, transport-drop 0->0
2026-08-27T09:24:14.500Z PASS share-cadence-1 previous frame was acknowledged: previous=1, ack=1, current=2
2026-08-27T09:24:14.500Z PASS share-cadence-2 independent sequences advance: source 6->8, transport 2->3
2026-08-27T09:24:14.500Z PASS share-cadence-2 drop counters are monotonic: source-drop 5->6, transport-drop 0->0
2026-08-27T09:24:14.500Z PASS share-cadence-2 previous frame was acknowledged: previous=2, ack=2, current=3
2026-08-27T09:24:14.500Z PASS share-after-long-action independent sequences advance: source 8->40, transport 3->7
2026-08-27T09:24:14.500Z PASS share-after-long-action drop counters are monotonic: source-drop 6->34, transport-drop 0->0
2026-08-27T09:24:14.500Z PASS share-after-long-action previous frame was acknowledged: previous=3, ack=6, current=7
2026-08-27T09:24:14.500Z PASS share-after-resize independent sequences advance: source 40->48, transport 7->9
2026-08-27T09:24:14.500Z PASS share-after-resize drop counters are monotonic: source-drop 34->40, transport-drop 0->0
2026-08-27T09:24:14.500Z PASS share-after-resize previous frame was acknowledged: previous=7, ack=8, current=9
2026-08-27T09:24:14.500Z PASS share-resize-settled independent sequences advance: source 48->50, transport 9->10
2026-08-27T09:24:14.500Z PASS share-resize-settled drop counters are monotonic: source-drop 40->41, transport-drop 0->0
2026-08-27T09:24:14.500Z PASS share-resize-settled previous frame was acknowledged: previous=9, ack=9, current=10
2026-08-27T09:24:14.500Z PASS share-post-resize-cadence independent sequences advance: source 50->52, transport 10->11
2026-08-27T09:24:14.500Z PASS share-post-resize-cadence drop counters are monotonic: source-drop 41->42, transport-drop 0->0
2026-08-27T09:24:14.500Z PASS share-post-resize-cadence previous frame was acknowledged: previous=10, ack=10, current=11
2026-08-27T09:24:14.500Z PASS share-after-post-resize-action independent sequences advance: source 52->75, transport 11->14
2026-08-27T09:24:14.500Z PASS share-after-post-resize-action drop counters are monotonic: source-drop 42->62, transport-drop 0->0
2026-08-27T09:24:14.500Z PASS share-after-post-resize-action previous frame was acknowledged: previous=11, ack=13, current=14
2026-08-27T09:24:14.500Z PASS share-after-native-text-focus independent sequences advance: source 75->77, transport 14->15
2026-08-27T09:24:14.500Z PASS share-after-native-text-focus drop counters are monotonic: source-drop 62->64, transport-drop 0->0
2026-08-27T09:24:14.500Z PASS share-after-native-text-focus previous frame was acknowledged: previous=14, ack=14, current=15
2026-08-27T09:24:14.500Z PASS share-after-native-text-delivery independent sequences advance: source 77->102, transport 15->19
2026-08-27T09:24:14.500Z PASS share-after-native-text-delivery drop counters are monotonic: source-drop 64->85, transport-drop 0->0
2026-08-27T09:24:14.500Z PASS share-after-native-text-delivery previous frame was acknowledged: previous=15, ack=18, current=19
2026-08-27T09:24:14.500Z PASS share-after-native-text-restore independent sequences advance: source 102->117, transport 19->23
2026-08-27T09:24:14.500Z PASS share-after-native-text-restore drop counters are monotonic: source-drop 85->95, transport-drop 0->0
2026-08-27T09:24:14.500Z PASS share-after-native-text-restore previous frame was acknowledged: previous=19, ack=21, current=23
2026-08-27T09:24:14.637Z PASS share status remains native and ack paced: macos-screencapturekit-scstream, source=119, transport=24
2026-08-27T09:24:14.637Z PASS share status drop domains retained: source-drop=96, transport-drop=1
2026-08-27T09:24:14.637Z PASS cancellation starts from a current resized share frame: share=true, source=117, screenshot-bound=true
2026-08-27T09:24:14.720Z PASS bounded fixture mouse-move instrumentation ready: baseline=60
2026-08-27T09:24:15.125Z PASS cancellation waits for target-routed native move delivery: moveEvents=60->62, wait=404ms
2026-08-27T09:24:15.127Z PASS exact duplicate observes one causally dispatched product action: HTTP 409, CALL_IN_PROGRESS
2026-08-27T09:24:15.128Z PASS authenticated exact-call cancellation accepted: HTTP 202, requested=true
2026-08-27T09:24:15.129Z PASS canceled original reports conservative outcome unknown: HTTP 504, COMMAND_OUTCOME_UNKNOWN/outcome_unknown, elapsed=409ms
2026-08-27T09:24:15.130Z PASS completed call cannot be canceled twice: HTTP 409, CALL_NOT_IN_PROGRESS
2026-08-27T09:24:15.132Z PASS exact canceled call replays without redispatch: HTTP 504, replayed=true
2026-08-27T09:24:15.133Z PASS changed command cannot reuse canceled call identity: HTTP 409, CALL_ID_REUSED/invalid_request
2026-08-27T09:24:15.135Z PASS cancellation fail-closed state names the exact-session revocation: outcome-unknown/COMMAND_OUTCOME_UNKNOWN
2026-08-27T09:24:15.137Z PASS cancellation tears down the computer screenshot surface: HTTP 404, NO_COMPUTER_SCREENSHOT
2026-08-27T09:24:15.440Z PASS canceled share surface stays torn down: no queued SCStream frame republished authority after cancellation
2026-08-27T09:24:15.442Z PASS post-cancellation share stop is idempotently fail-closed: false/false/not-active
2026-08-27T09:24:15.444Z PASS explicit stop preserves surface teardown: computer observation, screenshot, pointer, and share authority remain unavailable
2026-08-27T09:24:15.446Z PASS revoked authority gates pre-recovery mutations before helper relay: HTTP 409, NO_COMPUTER_FRAME/stale_snapshot/reobserve
2026-08-27T09:24:15.448Z PASS gated old-frame action cannot recreate a computer surface: no frame, screenshot, pointer, or share authority was republished
2026-08-27T09:24:15.826Z PASS explicit one-shot observation recovers exact-session authority: session-preserved=true, fresh-frame=true
2026-08-27T09:24:15.827Z PASS pre-cancellation frame stays stale after explicit recovery: HTTP 409, COMPUTER_STALE_FRAME/stale_snapshot/reobserve
2026-08-27T09:24:15.829Z PASS rejected stale action preserves the recovered exact frame: the old frame was refused without replacing or revoking the recovered one-shot frame
2026-08-27T09:24:15.830Z PASS fixture final state: {"clicks":2,"semanticPresses":1,"semanticValueMatchesExpected":true,"resizeCount":1,"focusCount":1,"siblingFocusCount":1,"siblingTextLength":0,"siblingClicks":0,"distinctSamePidWindows":true,"moveEvents":62,"appliedControlSequence":2,"contentWidth":820,"contentHeight":520}
2026-08-27T09:24:15.830Z PASS canceled move, gated refusal, recovery, and stale refusal caused no functional fixture mutation: functional fixture state stayed exact; only bounded move-delivery instrumentation advanced
2026-08-27T09:24:15.940Z PASS final same-PID receiver main and focus are restored before target close: sibling-main-and-focused=true
2026-08-27T09:24:16.019Z PASS cancellation/stop independent foreground/focus/pointer/Space invariants: {"foregroundUnchanged":true,"userFocusUnchanged":true,"foregroundIdentitySandwichHeld":true,"rawForegroundIdentitySandwichHeld":true,"foregroundAxFocusUnchanged":true,"foregroundAxFrontmostHeld":true,"cursorPositionUnchanged":true,"sharedPointerActivityObserved":false,"hidSystemPointerActivityObserved":false,"rawInputPointerActivityObserved":false,"injectedPointerActivityObserved":false,"pointerActivityMonitorHealthy":true,"sharedPointerBoundaryCorroborated":true,"sharedPointerBoundaryState":"corroborated","sharedPointerActivityState":"quiet","hidSystemKeyboardActivityObserved":false,"keyboardActivityMonitorHealthy":true,"sharedKeyboardBoundaryCorroborated":true,"sharedKeyboardBoundaryState":"corroborated","sharedKeyboardActivityState":"quiet","sharedInputSeatActivityObserved":false,"spaceUnchanged":true}
2026-08-27T09:24:16.019Z PASS every retained screenshot is bound only to the primary exact window: 6 primary-only screenshot records; sibling excluded=true
2026-08-27T09:24:16.791Z PASS target-close persistent share started with fresh authority: fresh-share=true, target=true, backend=macos-screencapturekit-scstream
2026-08-27T09:24:16.791Z PASS fresh share start retires the recovered one-shot frame under exact new authority: same-session=true, new-frame=true, exact-share=true
2026-08-27T09:24:17.101Z PASS exact target is alive while its closing share frame is current: share=true, recovered-retired=true, start-frame-retired=true, source=3
2026-08-27T09:24:17.105Z exact fixture target stopped
2026-08-27T09:24:17.105Z PASS rig closed the exact target while its persistent share was active: signal-requested=true, already-exited=false
2026-08-27T09:24:17.312Z PASS helper-originated exact-share failure stops server authority: capture-error/COMPUTER_NO_WINDOW, same-helper=true
2026-08-27T09:24:17.314Z PASS target close clears the exact share screenshot surface: HTTP 404, NO_COMPUTER_SCREENSHOT
2026-08-27T09:24:17.616Z PASS closed target cannot republish a queued native frame: 3 frame periods settled without authority republish
2026-08-27T09:24:17.618Z PASS closed-target frame is refused before helper action relay: HTTP 409, NO_COMPUTER_FRAME/stale_snapshot
2026-08-27T09:24:17.620Z PASS stale closed-target action cannot recreate a computer surface: the retired frame remained unavailable after the rejected mutation
2026-08-27T09:24:17.855Z PASS explicit observe cannot recover a closed exact target: HTTP 409, COMPUTER_NO_WINDOW/target_changed
2026-08-27T09:24:17.857Z PASS closed-target observe refusal preserves terminal teardown: the failed recovery did not restore observation, screenshot, pointer, share, or frame authority
2026-08-27T09:24:18.026Z PASS helper independently observes the exact target pair is gone: the helper no longer enumerates either real window from the closed fixture process
2026-08-27T09:24:18.028Z PASS target-close share stop is idempotently clean: false/false/not-active
2026-08-27T09:24:18.030Z PASS target-close cleanup leaves no share or frame authority: the same helper remains ready with no target, share, observation, screenshot, or frame authority
2026-08-27T09:24:18.108Z PASS target-close independent foreground/focus/pointer/Space invariants: {"foregroundUnchanged":true,"userFocusUnchanged":true,"foregroundIdentitySandwichHeld":true,"rawForegroundIdentitySandwichHeld":true,"foregroundAxFocusUnchanged":true,"foregroundAxFrontmostHeld":true,"cursorPositionUnchanged":true,"sharedPointerActivityObserved":false,"hidSystemPointerActivityObserved":false,"rawInputPointerActivityObserved":false,"injectedPointerActivityObserved":false,"pointerActivityMonitorHealthy":true,"sharedPointerBoundaryCorroborated":true,"sharedPointerBoundaryState":"corroborated","sharedPointerActivityState":"quiet","hidSystemKeyboardActivityObserved":false,"keyboardActivityMonitorHealthy":true,"sharedKeyboardBoundaryCorroborated":true,"sharedKeyboardBoundaryState":"corroborated","sharedKeyboardActivityState":"quiet","sharedInputSeatActivityObserved":false,"spaceUnchanged":true}
2026-08-27T09:24:18.190Z PASS whole-run independent foreground/focus/pointer/Space invariants: {"foregroundUnchanged":true,"userFocusUnchanged":true,"foregroundIdentitySandwichHeld":true,"rawForegroundIdentitySandwichHeld":true,"foregroundAxFocusUnchanged":true,"foregroundAxFrontmostHeld":true,"cursorPositionUnchanged":true,"sharedPointerActivityObserved":false,"hidSystemPointerActivityObserved":false,"rawInputPointerActivityObserved":false,"injectedPointerActivityObserved":false,"pointerActivityMonitorHealthy":true,"sharedPointerBoundaryCorroborated":true,"sharedPointerBoundaryState":"corroborated","sharedPointerActivityState":"quiet","hidSystemKeyboardActivityObserved":false,"keyboardActivityMonitorHealthy":true,"sharedKeyboardBoundaryCorroborated":true,"sharedKeyboardBoundaryState":"corroborated","sharedKeyboardActivityState":"quiet","sharedInputSeatActivityObserved":false,"spaceUnchanged":true}
2026-08-27T09:24:18.190Z PASS requested pointer evidence lane completed without unknown attribution: {"requestedLane":"quiet","quietObserved":true,"concurrentSharedSeatActivityObserved":false,"unknownObserved":false,"rawCursorPositionsRetained":false,"rawPlatformActivityCountersRetained":false,"rawHidSystemCountersRetained":false,"hidSystemActivityClaimedAsPhysical":false}
2026-08-27T09:24:19.012Z PASS post-run harness source commit matches coordinator binding: exact source SHA matched
2026-08-27T09:24:19.012Z PASS post-run harness checkout is detached: detached HEAD
2026-08-27T09:24:19.012Z PASS post-run harness checkout is clean: tracked, staged, deleted, and untracked sets are empty
2026-08-27T09:24:19.012Z PASS post-run harness source repository passes git fsck: git fsck --full passed
2026-08-27T09:24:19.012Z PASS post-run harness files are exact tracked blobs: runner, native probes, and acceptance finalizer match HEAD blobs
2026-08-27T09:24:19.015Z helper stopped
2026-08-27T09:24:19.015Z PASS helper remained alive until controlled teardown: SIGTERM was sent by the rig
2026-08-27T09:24:19.017Z PASS helper transport disconnected cleanly: helper session and observation were revoked
2026-08-27T09:24:19.017Z PASS helper was never respawned: 1 packaged helper process
2026-08-27T09:24:19.019Z server stopped
2026-08-27T09:24:19.019Z PASS server remained alive until controlled teardown: SIGTERM was sent by the rig
2026-08-27T09:24:19.020Z PASS server listener closed: the evidence port no longer accepts health requests
2026-08-27T09:24:19.030Z 206/206 checks passed
2026-08-27T09:24:19.032Z scratch directory removed
