2026-08-29T01:35:17.152Z PASS evidence output parent is an owner-private ordinary directory: the direct evidence parent is ordinary, owner-private, and current-user owned
2026-08-29T01:35:17.154Z PASS evidence output directory is newly created and owner-private: the runner created one private lane output directory
2026-08-29T01:35:18.267Z PASS pre-run harness source commit matches coordinator binding: exact source SHA matched
2026-08-29T01:35:18.267Z PASS pre-run harness checkout is detached: detached HEAD
2026-08-29T01:35:18.267Z PASS pre-run harness checkout is clean: tracked, staged, deleted, and untracked sets are empty
2026-08-29T01:35:18.267Z PASS pre-run harness source repository passes git fsck: git fsck --full passed
2026-08-29T01:35:18.267Z PASS pre-run harness files are exact tracked blobs: runner, native probes, and acceptance finalizer match HEAD blobs
2026-08-29T01:35:18.270Z PASS macOS host: Darwin
2026-08-29T01:35:18.277Z PASS expected checksum-manifest hash format: 64 lowercase hexadecimal characters
2026-08-29T01:35:18.277Z PASS canonical checksum-manifest name: SHA256SUMS.txt
2026-08-29T01:35:18.277Z PASS exact archive name: local-browser-bridge-v0.12.50-macos-universal.tar.gz
2026-08-29T01:35:18.278Z PASS checksum manifest is one bounded current-user-owned ordinary file: ordinary, singly linked, owner-controlled, and within the manifest byte bound
2026-08-29T01:35:18.278Z PASS checksum manifest stayed stable while it was bound: path and descriptor identity, size, links, and timestamps remained unchanged
2026-08-29T01:35:18.278Z PASS out-of-band checksum-manifest hash matches: 2ebc5894ab4fe66c74e7c19d6b3fc5ef7bf89dce529217bc44d4388caffd3d81
2026-08-29T01:35:18.278Z PASS checksum manifest has the exact canonical four-entry set: local-browser-bridge-v0.12.50-windows-x86_64.exe,local-computer-helper-v0.12.50-windows-x86_64.exe,local-browser-bridge-v0.12.50-macos-universal.tar.gz,local-browser-bridge-extension-v0.12.50.zip
2026-08-29T01:35:18.278Z PASS canonical manifest contains the macOS archive checksum: 6de6e357f09667b97eba52ce22d376c13f3daf45cab44fbd0072f2b8199221de
2026-08-29T01:35:18.336Z PASS macOS archive bounded exact inventory: seventeen PAX-free regular-file/directory entries passed bounded streaming extraction
2026-08-29T01:35:18.336Z PASS archive checksum is bound by the canonical manifest: 6de6e357f09667b97eba52ce22d376c13f3daf45cab44fbd0072f2b8199221de
2026-08-29T01:35:18.341Z PASS supplied server is archive-exact: cb040f1bed4b6fae9be9f12a35a45ac57d6f09aa1b31f53388d1e612a975c52d
2026-08-29T01:35:18.343Z PASS supplied helper is archive-exact: eb699ff7ba1843b49d5fdef7faece81aca3079faccfb03799941dfbb24afcc77
2026-08-29T01:35:18.358Z PASS server universal architecture: arm64,x86_64
2026-08-29T01:35:18.358Z PASS helper universal architecture: arm64,x86_64
2026-08-29T01:35:18.358Z PASS helper uses packaged app layout: Local Computer Helper.app
2026-08-29T01:35:18.386Z PASS strict code-signature verification: server, helper executable, and helper app bundle passed strict verification
2026-08-29T01:35:18.395Z PASS helper bundle version: 0.12.50/0.12.50
2026-08-29T01:35:19.462Z PASS system probe foreground-window self-test: AX-focused/main identity wins over same-process app-share auxiliary compositor order
2026-08-29T01:35:20.078Z PASS optional physical-pointer adversarial prompt self-test: source-only optional adversarial prompt cannot satisfy either release lane
2026-08-29T01:35:20.722Z PASS app-share handoff bundle identity: dev.flrngel.local-browser-bridge.acceptance.app-share
2026-08-29T01:35:21.021Z PASS app-share handoff self-test: stable bundle/window/button vocabulary and create-once receipts
2026-08-29T01:35:21.131Z PASS screen-capture permission preflight: preexisting permission; no request was made
2026-08-29T01:35:21.131Z PASS accessibility permission preflight: preexisting permission; no request was made
2026-08-29T01:35:21.131Z PASS active Space probe available: nonzero active Space identity
2026-08-29T01:35:21.131Z PASS sandwiched foreground AX focus probe available: stable NSWorkspace/raw PSN plus exact AX focused/main-window identities are available
2026-08-29T01:35:57.499Z PASS native quiet-seat stabilization completed before candidate execution: 36366 ms across 60 stable native transitions after 0 reset(s)
2026-08-29T01:35:57.810Z PASS server version: 0.12.50
2026-08-29T01:35:58.013Z PASS helper version: 0.12.50
2026-08-29T01:35:58.731Z PASS fixture process identity: state belongs to the spawned fixture
2026-08-29T01:35:58.932Z PASS startup same-PID sibling is the target app's remembered receiver: sibling-main-and-focused=true, fixture-background=true
2026-08-29T01:35:59.886Z PASS packaged helper compatible: protocol-compatible helper 0.12.50
2026-08-29T01:35:59.886Z PASS single helper spawn: 1 packaged helper process
2026-08-29T01:35:59.886Z PASS acknowledged share advertised: computer.share.ack present
2026-08-29T01:35:59.886Z PASS native stream advertised: computer.capture.native-stream.v1 present
2026-08-29T01:35:59.886Z PASS input-delivery provenance advertised: computer.input-delivery-provenance.v1 present
2026-08-29T01:35:59.886Z PASS pointer-activity monitor advertised: computer.pointer-activity-monitor.v1 present
2026-08-29T01:36:00.619Z PASS helper status backend: background-window/ax+skylight+screencapturekit-stream
2026-08-29T01:36:00.619Z PASS background shared-session mode: background-window/shared-user-session/target-routed
2026-08-29T01:36:00.619Z PASS background input backend ready: target-routed input is ready
2026-08-29T01:36:00.619Z PASS semantic backend ready: macos-accessibility is ready without prompting
2026-08-29T01:36:00.620Z PASS fixture exact window discovered: 1 matching windows
2026-08-29T01:36:00.620Z PASS genuine same-PID sibling window discovered: 1 sibling matches, distinct=true
2026-08-29T01:36:00.620Z PASS fixture is a background target: neither same-PID fixture window owns the user's foreground process or front window
2026-08-29T01:36:01.464Z PASS exact fixture window observed: 1209x826
2026-08-29T01:36:01.464Z PASS semantic snapshot available: 4 elements
2026-08-29T01:36:01.468Z PASS semantic value element discovered: AXTextField
2026-08-29T01:36:03.251Z PASS semantic setValue confirmed: Confirmed/value-confirmed
2026-08-29T01:36:03.251Z PASS semantic setValue route, helper-preservation, and shared-pointer invariants: {"cursorPositionUnchanged":true,"foregroundUnchanged":true,"hardwareCursorPreservedByHelper":true,"helperGlobalPointerPreservation":"confirmed","hidSystemPointerActivityObserved":false,"injectedPointerActivityObserved":false,"inputDelivery":{"dispatchAttemptRecorded":true,"exactTargetBound":true,"globalHidInputUsed":false,"hardwareCursorMutationRequested":false,"osAcceptanceObserved":true,"osAcceptanceSignalAvailable":true,"route":"macosAccessibility","sharedInputSeatUsed":false,"supportLevel":"publicDocumented"},"pointerActivityMonitorHealthy":true,"rawInputPointerActivityObserved":false,"sharedPointerActivityObserved":false,"sharedPointerActivityState":"quiet","sharedPointerBoundaryCorroborated":true,"sharedPointerBoundaryState":"corroborated","spaceUnchanged":true,"userFocusUnchanged":true}
2026-08-29T01:36:03.913Z PASS semantic setValue screenshot changed: fresh exact-window pixels differ from the pre-action observation
2026-08-29T01:36:03.913Z PASS semantic action element discovered: AXButton
2026-08-29T01:36:05.843Z PASS semantic invoke target-side proof: fixture semantic counter advanced to 1
2026-08-29T01:36:05.843Z PASS semantic invoke conservatively classified: Partial/element-state-changed
2026-08-29T01:36:05.843Z PASS semantic invoke route, helper-preservation, and shared-pointer invariants: {"cursorPositionUnchanged":true,"foregroundUnchanged":true,"hardwareCursorPreservedByHelper":true,"helperGlobalPointerPreservation":"confirmed","hidSystemPointerActivityObserved":false,"injectedPointerActivityObserved":false,"inputDelivery":{"dispatchAttemptRecorded":true,"exactTargetBound":true,"globalHidInputUsed":false,"hardwareCursorMutationRequested":false,"osAcceptanceObserved":true,"osAcceptanceSignalAvailable":true,"route":"macosAccessibility","sharedInputSeatUsed":false,"supportLevel":"publicDocumented"},"pointerActivityMonitorHealthy":true,"rawInputPointerActivityObserved":false,"sharedPointerActivityObserved":false,"sharedPointerActivityState":"quiet","sharedPointerBoundaryCorroborated":true,"sharedPointerBoundaryState":"corroborated","spaceUnchanged":true,"userFocusUnchanged":true}
2026-08-29T01:36:06.578Z PASS semantic invoke screenshot changed: fresh exact-window pixels differ from the setValue stage
2026-08-29T01:36:08.992Z PASS persistent live share started: persistent-native-stream/exact-window
2026-08-29T01:36:08.992Z PASS SCStream start metadata: macos-screencapturekit-scstream, native=true, indicator-policy=true, selection=programmatic-exact-window
2026-08-29T01:36:08.992Z PASS live share ack pacing: latest-frame-wins, ackPaced=true
2026-08-29T01:36:08.992Z PASS live share cursor policy: system cursor excluded; synthetic session pointer composited
2026-08-29T01:36:09.723Z PASS persistent-share screenshot is fresh: sourceSequence=16
2026-08-29T01:36:11.416Z PASS same-PID sibling is remembered before primary pixel dispatch: sibling-main-and-focused=true, sibling-state-clean=true
2026-08-29T01:36:16.092Z PASS exact active target receiver observed during pixel lease: active-target=true, exact-main-and-focused=true, saved-user-owner=true
2026-08-29T01:36:16.203Z PASS background pixel click targets only primary and restores sibling receiver: only the primary click counter advanced and the target app's prior sibling receiver was restored
2026-08-29T01:36:16.203Z PASS pixel click conservatively classified: Unverifiable
2026-08-29T01:36:16.203Z PASS pixel action bound to persistent share: share=true, source=29
2026-08-29T01:36:16.203Z PASS live-share pixel click route, helper-preservation, and shared-pointer invariants: {"cursorPositionUnchanged":true,"foregroundUnchanged":true,"hardwareCursorPreservedByHelper":true,"helperGlobalPointerPreservation":"confirmed","hidSystemPointerActivityObserved":false,"injectedPointerActivityObserved":false,"inputDelivery":{"dispatchAttemptRecorded":true,"exactTargetBound":true,"globalHidInputUsed":false,"hardwareCursorMutationRequested":false,"osAcceptanceObserved":false,"osAcceptanceSignalAvailable":false,"route":"macosTargetedProcessEvent","sharedInputSeatUsed":false,"supportLevel":"privateUnsupported"},"pointerActivityMonitorHealthy":true,"rawInputPointerActivityObserved":false,"sharedPointerActivityObserved":false,"sharedPointerActivityState":"quiet","sharedPointerBoundaryCorroborated":true,"sharedPointerBoundaryState":"corroborated","spaceUnchanged":true,"userFocusUnchanged":true}
2026-08-29T01:36:16.297Z PASS same-PID pixel routing independent foreground/focus/pointer/Space invariants: {"foregroundUnchanged":true,"userFocusUnchanged":true,"foregroundIdentitySandwichHeld":true,"rawForegroundIdentitySandwichHeld":true,"foregroundAxFocusUnchanged":true,"foregroundAxFrontmostHeld":true,"cursorPositionUnchanged":true,"sharedPointerActivityObserved":false,"hidSystemPointerActivityObserved":false,"rawInputPointerActivityObserved":false,"injectedPointerActivityObserved":false,"pointerActivityMonitorHealthy":true,"sharedPointerBoundaryCorroborated":true,"sharedPointerBoundaryState":"corroborated","sharedPointerActivityState":"quiet","hidSystemKeyboardActivityObserved":false,"keyboardActivityMonitorHealthy":true,"sharedKeyboardBoundaryCorroborated":true,"sharedKeyboardBoundaryState":"corroborated","sharedKeyboardActivityState":"quiet","sharedInputSeatActivityObserved":false,"spaceUnchanged":true}
2026-08-29T01:36:16.813Z PASS native source remained live during input: source +57/drop +53; transport +3
2026-08-29T01:36:16.813Z PASS settled synthetic pointer published: action=click
2026-08-29T01:36:16.815Z PASS live-share action screenshot changed: fresh exact-window pixels include the action stage
2026-08-29T01:36:19.188Z PASS persistent share survived exact-target resize: 720x492 -> 820x552
2026-08-29T01:36:19.188Z PASS settled resize frame matches exact-window geometry: window=820x552, image=1218x820
2026-08-29T01:36:19.192Z PASS resize screenshot dimensions match settled observation: 1218x820
2026-08-29T01:36:19.192Z PASS resize screenshot geometry changed: 1209x826 -> 1218x820
2026-08-29T01:36:24.016Z PASS post-resize pixel click target-side proof: only the exact fixture click counter changed functional state after resize
2026-08-29T01:36:24.016Z PASS post-resize action bound to settled persistent share: frame=true, share=true, source=115
2026-08-29T01:36:24.016Z PASS post-resize pixel click conservatively classified: Unverifiable
2026-08-29T01:36:24.016Z PASS post-resize pixel click route, helper-preservation, and shared-pointer invariants: {"cursorPositionUnchanged":true,"foregroundUnchanged":true,"hardwareCursorPreservedByHelper":true,"helperGlobalPointerPreservation":"confirmed","hidSystemPointerActivityObserved":false,"injectedPointerActivityObserved":false,"inputDelivery":{"dispatchAttemptRecorded":true,"exactTargetBound":true,"globalHidInputUsed":false,"hardwareCursorMutationRequested":false,"osAcceptanceObserved":false,"osAcceptanceSignalAvailable":false,"route":"macosTargetedProcessEvent","sharedInputSeatUsed":false,"supportLevel":"privateUnsupported"},"pointerActivityMonitorHealthy":true,"rawInputPointerActivityObserved":false,"sharedPointerActivityObserved":false,"sharedPointerActivityState":"quiet","sharedPointerBoundaryCorroborated":true,"sharedPointerBoundaryState":"corroborated","spaceUnchanged":true,"userFocusUnchanged":true}
2026-08-29T01:36:24.016Z PASS post-resize pixel action independent foreground/focus/pointer/Space invariants: {"foregroundUnchanged":true,"userFocusUnchanged":true,"foregroundIdentitySandwichHeld":true,"rawForegroundIdentitySandwichHeld":true,"foregroundAxFocusUnchanged":true,"foregroundAxFrontmostHeld":true,"cursorPositionUnchanged":true,"sharedPointerActivityObserved":false,"hidSystemPointerActivityObserved":false,"rawInputPointerActivityObserved":false,"injectedPointerActivityObserved":false,"pointerActivityMonitorHealthy":true,"sharedPointerBoundaryCorroborated":true,"sharedPointerBoundaryState":"corroborated","sharedPointerActivityState":"quiet","hidSystemKeyboardActivityObserved":false,"keyboardActivityMonitorHealthy":true,"sharedKeyboardBoundaryCorroborated":true,"sharedKeyboardBoundaryState":"corroborated","sharedKeyboardActivityState":"quiet","sharedInputSeatActivityObserved":false,"spaceUnchanged":true}
2026-08-29T01:36:24.636Z PASS post-resize action retained resized exact-window stream: window=820x552, image=1218x820
2026-08-29T01:36:24.868Z PASS same-PID sibling is the prior receiver before text preparation: sibling-main-and-focused=true, sibling-state-clean=true
2026-08-29T01:36:25.084Z PASS background fixture field prepared without mutation while sibling remains prior receiver: the primary responder was prepared, the sibling was restored internally, and no target field mutated
2026-08-29T01:36:25.182Z PASS field preparation independent foreground/focus/pointer/Space invariants: {"foregroundUnchanged":true,"userFocusUnchanged":true,"foregroundIdentitySandwichHeld":true,"rawForegroundIdentitySandwichHeld":true,"foregroundAxFocusUnchanged":true,"foregroundAxFrontmostHeld":true,"cursorPositionUnchanged":true,"sharedPointerActivityObserved":false,"hidSystemPointerActivityObserved":false,"rawInputPointerActivityObserved":false,"injectedPointerActivityObserved":false,"pointerActivityMonitorHealthy":true,"sharedPointerBoundaryCorroborated":true,"sharedPointerBoundaryState":"corroborated","sharedPointerActivityState":"quiet","hidSystemKeyboardActivityObserved":false,"keyboardActivityMonitorHealthy":true,"sharedKeyboardBoundaryCorroborated":true,"sharedKeyboardBoundaryState":"corroborated","sharedKeyboardActivityState":"quiet","sharedInputSeatActivityObserved":false,"spaceUnchanged":true}
2026-08-29T01:36:25.602Z PASS same-PID sibling remains the exact prior receiver immediately before text request: sibling-main-and-focused=true
2026-08-29T01:36:30.020Z PASS native typeText exact fixture read-back with zero sibling mutation: appended 20 ASCII characters only to the primary field and restored the prior sibling receiver
2026-08-29T01:36:30.021Z PASS native typeText bounded product result: Unverifiable/exact-window-background, characters=20, utf16=20
2026-08-29T01:36:30.021Z PASS native typeText route, helper-preservation, and shared-pointer invariants: {"cursorPositionUnchanged":true,"foregroundUnchanged":true,"hardwareCursorPreservedByHelper":true,"helperGlobalPointerPreservation":"confirmed","hidSystemPointerActivityObserved":false,"injectedPointerActivityObserved":false,"inputDelivery":{"dispatchAttemptRecorded":true,"exactTargetBound":true,"globalHidInputUsed":false,"hardwareCursorMutationRequested":false,"osAcceptanceObserved":false,"osAcceptanceSignalAvailable":false,"route":"macosTargetedProcessEvent","sharedInputSeatUsed":false,"supportLevel":"privateUnsupported"},"pointerActivityMonitorHealthy":true,"rawInputPointerActivityObserved":false,"sharedPointerActivityObserved":false,"sharedPointerActivityState":"quiet","sharedPointerBoundaryCorroborated":true,"sharedPointerBoundaryState":"corroborated","spaceUnchanged":true,"userFocusUnchanged":true}
2026-08-29T01:36:30.115Z PASS native typeText independent foreground/focus/pointer/Space invariants: {"foregroundUnchanged":true,"userFocusUnchanged":true,"foregroundIdentitySandwichHeld":true,"rawForegroundIdentitySandwichHeld":true,"foregroundAxFocusUnchanged":true,"foregroundAxFrontmostHeld":true,"cursorPositionUnchanged":true,"sharedPointerActivityObserved":false,"hidSystemPointerActivityObserved":false,"rawInputPointerActivityObserved":false,"injectedPointerActivityObserved":false,"pointerActivityMonitorHealthy":true,"sharedPointerBoundaryCorroborated":true,"sharedPointerBoundaryState":"corroborated","sharedPointerActivityState":"quiet","hidSystemKeyboardActivityObserved":false,"keyboardActivityMonitorHealthy":true,"sharedKeyboardBoundaryCorroborated":true,"sharedKeyboardBoundaryState":"corroborated","sharedKeyboardActivityState":"quiet","sharedInputSeatActivityObserved":false,"spaceUnchanged":true}
2026-08-29T01:36:30.733Z PASS native text restore element discovered: AXTextField
2026-08-29T01:36:30.733Z PASS native text restore frame is bound to the persistent share authority: share=true, source=222
2026-08-29T01:36:33.925Z PASS native text fixture value restored: Confirmed/value-confirmed
2026-08-29T01:36:33.925Z PASS native text restore route, helper-preservation, and shared-pointer invariants: {"cursorPositionUnchanged":true,"foregroundUnchanged":true,"hardwareCursorPreservedByHelper":true,"helperGlobalPointerPreservation":"confirmed","hidSystemPointerActivityObserved":false,"injectedPointerActivityObserved":false,"inputDelivery":{"dispatchAttemptRecorded":true,"exactTargetBound":true,"globalHidInputUsed":false,"hardwareCursorMutationRequested":false,"osAcceptanceObserved":true,"osAcceptanceSignalAvailable":true,"route":"macosAccessibility","sharedInputSeatUsed":false,"supportLevel":"publicDocumented"},"pointerActivityMonitorHealthy":true,"rawInputPointerActivityObserved":false,"sharedPointerActivityObserved":false,"sharedPointerActivityState":"quiet","sharedPointerBoundaryCorroborated":true,"sharedPointerBoundaryState":"corroborated","spaceUnchanged":true,"userFocusUnchanged":true}
2026-08-29T01:36:33.925Z PASS native text restore exact fixture state: only the deterministic semantic value was restored
2026-08-29T01:36:34.753Z PASS persistent share sample count: 11 distinct transport frames
2026-08-29T01:36:34.754Z PASS one persistent share authority: 1 share IDs
2026-08-29T01:36:34.754Z PASS share-initial native stream metadata: macos-screencapturekit-scstream, native=true, indicator-policy=true, selection=programmatic-exact-window
2026-08-29T01:36:34.754Z PASS share-initial ack pacing metadata: ack=true, backpressure=latest-frame-wins
2026-08-29T01:36:34.754Z PASS share-cadence-1 native stream metadata: macos-screencapturekit-scstream, native=true, indicator-policy=true, selection=programmatic-exact-window
2026-08-29T01:36:34.754Z PASS share-cadence-1 ack pacing metadata: ack=true, backpressure=latest-frame-wins
2026-08-29T01:36:34.754Z PASS share-cadence-2 native stream metadata: macos-screencapturekit-scstream, native=true, indicator-policy=true, selection=programmatic-exact-window
2026-08-29T01:36:34.754Z PASS share-cadence-2 ack pacing metadata: ack=true, backpressure=latest-frame-wins
2026-08-29T01:36:34.754Z PASS share-after-long-action native stream metadata: macos-screencapturekit-scstream, native=true, indicator-policy=true, selection=programmatic-exact-window
2026-08-29T01:36:34.754Z PASS share-after-long-action ack pacing metadata: ack=true, backpressure=latest-frame-wins
2026-08-29T01:36:34.754Z PASS share-after-resize native stream metadata: macos-screencapturekit-scstream, native=true, indicator-policy=true, selection=programmatic-exact-window
2026-08-29T01:36:34.754Z PASS share-after-resize ack pacing metadata: ack=true, backpressure=latest-frame-wins
2026-08-29T01:36:34.754Z PASS share-resize-settled native stream metadata: macos-screencapturekit-scstream, native=true, indicator-policy=true, selection=programmatic-exact-window
2026-08-29T01:36:34.754Z PASS share-resize-settled ack pacing metadata: ack=true, backpressure=latest-frame-wins
2026-08-29T01:36:34.754Z PASS share-post-resize-cadence native stream metadata: macos-screencapturekit-scstream, native=true, indicator-policy=true, selection=programmatic-exact-window
2026-08-29T01:36:34.754Z PASS share-post-resize-cadence ack pacing metadata: ack=true, backpressure=latest-frame-wins
2026-08-29T01:36:34.754Z PASS share-after-post-resize-action native stream metadata: macos-screencapturekit-scstream, native=true, indicator-policy=true, selection=programmatic-exact-window
2026-08-29T01:36:34.754Z PASS share-after-post-resize-action ack pacing metadata: ack=true, backpressure=latest-frame-wins
2026-08-29T01:36:34.754Z PASS share-after-native-text-focus native stream metadata: macos-screencapturekit-scstream, native=true, indicator-policy=true, selection=programmatic-exact-window
2026-08-29T01:36:34.754Z PASS share-after-native-text-focus ack pacing metadata: ack=true, backpressure=latest-frame-wins
2026-08-29T01:36:34.754Z PASS share-after-native-text-delivery native stream metadata: macos-screencapturekit-scstream, native=true, indicator-policy=true, selection=programmatic-exact-window
2026-08-29T01:36:34.754Z PASS share-after-native-text-delivery ack pacing metadata: ack=true, backpressure=latest-frame-wins
2026-08-29T01:36:34.754Z PASS share-after-native-text-restore native stream metadata: macos-screencapturekit-scstream, native=true, indicator-policy=true, selection=programmatic-exact-window
2026-08-29T01:36:34.754Z PASS share-after-native-text-restore ack pacing metadata: ack=true, backpressure=latest-frame-wins
2026-08-29T01:36:34.754Z PASS share-cadence-1 independent sequences advance: source 16->22, transport 2->3
2026-08-29T01:36:34.754Z PASS share-cadence-1 drop counters are monotonic: source-drop 19->25, transport-drop 0->0
2026-08-29T01:36:34.754Z PASS share-cadence-1 previous frame was acknowledged: previous=2, ack=2, current=3
2026-08-29T01:36:34.754Z PASS share-cadence-2 independent sequences advance: source 22->29, transport 3->4
2026-08-29T01:36:34.754Z PASS share-cadence-2 drop counters are monotonic: source-drop 25->32, transport-drop 0->0
2026-08-29T01:36:34.754Z PASS share-cadence-2 previous frame was acknowledged: previous=3, ack=3, current=4
2026-08-29T01:36:34.754Z PASS share-after-long-action independent sequences advance: source 29->86, transport 4->7
2026-08-29T01:36:34.754Z PASS share-after-long-action drop counters are monotonic: source-drop 32->85, transport-drop 0->0
2026-08-29T01:36:34.754Z PASS share-after-long-action previous frame was acknowledged: previous=4, ack=6, current=7
2026-08-29T01:36:34.754Z PASS share-after-resize independent sequences advance: source 86->100, transport 7->8
2026-08-29T01:36:34.754Z PASS share-after-resize drop counters are monotonic: source-drop 85->98, transport-drop 0->0
2026-08-29T01:36:34.754Z PASS share-after-resize previous frame was acknowledged: previous=7, ack=7, current=8
2026-08-29T01:36:34.754Z PASS share-resize-settled independent sequences advance: source 100->107, transport 8->9
2026-08-29T01:36:34.754Z PASS share-resize-settled drop counters are monotonic: source-drop 98->105, transport-drop 0->0
2026-08-29T01:36:34.754Z PASS share-resize-settled previous frame was acknowledged: previous=8, ack=8, current=9
2026-08-29T01:36:34.754Z PASS share-post-resize-cadence independent sequences advance: source 107->115, transport 9->10
2026-08-29T01:36:34.754Z PASS share-post-resize-cadence drop counters are monotonic: source-drop 105->112, transport-drop 0->0
2026-08-29T01:36:34.754Z PASS share-post-resize-cadence previous frame was acknowledged: previous=9, ack=9, current=10
2026-08-29T01:36:34.754Z PASS share-after-post-resize-action independent sequences advance: source 115->163, transport 10->13
2026-08-29T01:36:34.754Z PASS share-after-post-resize-action drop counters are monotonic: source-drop 112->156, transport-drop 0->0
2026-08-29T01:36:34.754Z PASS share-after-post-resize-action previous frame was acknowledged: previous=10, ack=12, current=13
2026-08-29T01:36:34.754Z PASS share-after-native-text-focus independent sequences advance: source 163->170, transport 13->14
2026-08-29T01:36:34.754Z PASS share-after-native-text-focus drop counters are monotonic: source-drop 156->162, transport-drop 0->0
2026-08-29T01:36:34.754Z PASS share-after-native-text-focus previous frame was acknowledged: previous=13, ack=13, current=14
2026-08-29T01:36:34.754Z PASS share-after-native-text-delivery independent sequences advance: source 170->222, transport 14->17
2026-08-29T01:36:34.754Z PASS share-after-native-text-delivery drop counters are monotonic: source-drop 162->211, transport-drop 0->0
2026-08-29T01:36:34.754Z PASS share-after-native-text-delivery previous frame was acknowledged: previous=14, ack=16, current=17
2026-08-29T01:36:34.754Z PASS share-after-native-text-restore independent sequences advance: source 222->262, transport 17->20
2026-08-29T01:36:34.754Z PASS share-after-native-text-restore drop counters are monotonic: source-drop 211->249, transport-drop 0->0
2026-08-29T01:36:34.754Z PASS share-after-native-text-restore previous frame was acknowledged: previous=17, ack=19, current=20
2026-08-29T01:36:35.544Z PASS share status remains native and ack paced: macos-screencapturekit-scstream, source=270, transport=21
2026-08-29T01:36:35.544Z PASS share status drop domains retained: source-drop=256, transport-drop=0
2026-08-29T01:36:35.544Z PASS cancellation starts from a current resized share frame: share=true, source=262, screenshot-bound=true
2026-08-29T01:36:35.649Z PASS bounded fixture mouse-move instrumentation ready: baseline=61
2026-08-29T01:36:37.170Z PASS cancellation waits for target-routed native move delivery: moveEvents=61->65, wait=1521ms
2026-08-29T01:36:37.172Z PASS exact duplicate observes one causally dispatched product action: HTTP 409, CALL_IN_PROGRESS
2026-08-29T01:36:37.174Z PASS authenticated exact-call cancellation accepted: HTTP 202, requested=true
2026-08-29T01:36:37.174Z PASS canceled original reports conservative outcome unknown: HTTP 504, COMMAND_OUTCOME_UNKNOWN/outcome_unknown, elapsed=1525ms
2026-08-29T01:36:37.176Z PASS completed call cannot be canceled twice: HTTP 409, CALL_NOT_IN_PROGRESS
2026-08-29T01:36:37.178Z PASS exact canceled call replays without redispatch: HTTP 504, replayed=true
2026-08-29T01:36:37.181Z PASS changed command cannot reuse canceled call identity: HTTP 409, CALL_ID_REUSED/invalid_request
2026-08-29T01:36:37.183Z PASS cancellation fail-closed state names the exact-session revocation: outcome-unknown/COMMAND_OUTCOME_UNKNOWN
2026-08-29T01:36:37.185Z PASS cancellation tears down the computer screenshot surface: HTTP 404, NO_COMPUTER_SCREENSHOT
2026-08-29T01:36:37.487Z PASS canceled share surface stays torn down: no queued SCStream frame republished authority after cancellation
2026-08-29T01:36:37.490Z PASS post-cancellation share stop is idempotently fail-closed: false/false/not-active
2026-08-29T01:36:37.491Z PASS explicit stop preserves surface teardown: computer observation, screenshot, pointer, and share authority remain unavailable
2026-08-29T01:36:37.493Z PASS revoked authority gates pre-recovery mutations before helper relay: HTTP 409, NO_COMPUTER_FRAME/stale_snapshot/reobserve
2026-08-29T01:36:37.494Z PASS gated old-frame action cannot recreate a computer surface: no frame, screenshot, pointer, or share authority was republished
2026-08-29T01:36:38.308Z PASS explicit one-shot observation recovers exact-session authority: session-preserved=true, fresh-frame=true
2026-08-29T01:36:38.310Z PASS pre-cancellation frame stays stale after explicit recovery: HTTP 409, COMPUTER_STALE_FRAME/stale_snapshot/reobserve
2026-08-29T01:36:38.312Z PASS rejected stale action preserves the recovered exact frame: the old frame was refused without replacing or revoking the recovered one-shot frame
2026-08-29T01:36:38.312Z PASS fixture final state: {"clicks":2,"semanticPresses":1,"semanticValueMatchesExpected":true,"resizeCount":1,"focusCount":1,"siblingFocusCount":1,"siblingTextLength":0,"siblingClicks":0,"distinctSamePidWindows":true,"moveEvents":65,"appliedControlSequence":2,"contentWidth":820,"contentHeight":520}
2026-08-29T01:36:38.312Z PASS canceled move, gated refusal, recovery, and stale refusal caused no functional fixture mutation: functional fixture state stayed exact; only bounded move-delivery instrumentation advanced
2026-08-29T01:36:38.415Z PASS final same-PID receiver main and focus are restored before target close: sibling-main-and-focused=true
2026-08-29T01:36:38.514Z PASS cancellation/stop independent foreground/focus/pointer/Space invariants: {"foregroundUnchanged":true,"userFocusUnchanged":true,"foregroundIdentitySandwichHeld":true,"rawForegroundIdentitySandwichHeld":true,"foregroundAxFocusUnchanged":true,"foregroundAxFrontmostHeld":true,"cursorPositionUnchanged":true,"sharedPointerActivityObserved":false,"hidSystemPointerActivityObserved":false,"rawInputPointerActivityObserved":false,"injectedPointerActivityObserved":false,"pointerActivityMonitorHealthy":true,"sharedPointerBoundaryCorroborated":true,"sharedPointerBoundaryState":"corroborated","sharedPointerActivityState":"quiet","hidSystemKeyboardActivityObserved":false,"keyboardActivityMonitorHealthy":true,"sharedKeyboardBoundaryCorroborated":true,"sharedKeyboardBoundaryState":"corroborated","sharedKeyboardActivityState":"quiet","sharedInputSeatActivityObserved":false,"spaceUnchanged":true}
2026-08-29T01:36:38.514Z PASS every retained screenshot is bound only to the primary exact window: 6 primary-only screenshot records; sibling excluded=true
2026-08-29T01:36:41.009Z PASS target-close persistent share started with fresh authority: fresh-share=true, target=true, backend=macos-screencapturekit-scstream
2026-08-29T01:36:41.009Z PASS fresh share start retires the recovered one-shot frame under exact new authority: same-session=true, new-frame=true, exact-share=true
2026-08-29T01:36:41.731Z PASS exact target is alive while its closing share frame is current: share=true, recovered-retired=true, start-frame-retired=true, source=16
2026-08-29T01:36:41.734Z exact fixture target stopped
2026-08-29T01:36:41.734Z PASS rig closed the exact target while its persistent share was active: signal-requested=true, already-exited=false
2026-08-29T01:36:42.458Z PASS helper-originated exact-share failure stops server authority: capture-error/COMPUTER_NO_WINDOW, same-helper=true
2026-08-29T01:36:42.460Z PASS target close clears the exact share screenshot surface: HTTP 404, NO_COMPUTER_SCREENSHOT
2026-08-29T01:36:42.764Z PASS closed target cannot republish a queued native frame: 3 frame periods settled without authority republish
2026-08-29T01:36:42.767Z PASS closed-target frame is refused before helper action relay: HTTP 409, NO_COMPUTER_FRAME/stale_snapshot
2026-08-29T01:36:42.768Z PASS stale closed-target action cannot recreate a computer surface: the retired frame remained unavailable after the rejected mutation
2026-08-29T01:36:43.398Z PASS explicit observe cannot recover a closed exact target: HTTP 409, COMPUTER_NO_WINDOW/target_changed
2026-08-29T01:36:43.401Z PASS closed-target observe refusal preserves terminal teardown: the failed recovery did not restore observation, screenshot, pointer, share, or frame authority
2026-08-29T01:36:44.035Z PASS helper independently observes the exact target pair is gone: the helper no longer enumerates either real window from the closed fixture process
2026-08-29T01:36:44.038Z PASS target-close share stop is idempotently clean: false/false/not-active
2026-08-29T01:36:44.040Z PASS target-close cleanup leaves no share or frame authority: the same helper remains ready with no target, share, observation, screenshot, or frame authority
2026-08-29T01:36:44.148Z PASS target-close independent foreground/focus/pointer/Space invariants: {"foregroundUnchanged":true,"userFocusUnchanged":true,"foregroundIdentitySandwichHeld":true,"rawForegroundIdentitySandwichHeld":true,"foregroundAxFocusUnchanged":true,"foregroundAxFrontmostHeld":true,"cursorPositionUnchanged":true,"sharedPointerActivityObserved":false,"hidSystemPointerActivityObserved":false,"rawInputPointerActivityObserved":false,"injectedPointerActivityObserved":false,"pointerActivityMonitorHealthy":true,"sharedPointerBoundaryCorroborated":true,"sharedPointerBoundaryState":"corroborated","sharedPointerActivityState":"quiet","hidSystemKeyboardActivityObserved":false,"keyboardActivityMonitorHealthy":true,"sharedKeyboardBoundaryCorroborated":true,"sharedKeyboardBoundaryState":"corroborated","sharedKeyboardActivityState":"quiet","sharedInputSeatActivityObserved":false,"spaceUnchanged":true}
2026-08-29T01:36:44.247Z PASS whole-run independent foreground/focus/pointer/Space invariants: {"foregroundUnchanged":true,"userFocusUnchanged":true,"foregroundIdentitySandwichHeld":true,"rawForegroundIdentitySandwichHeld":true,"foregroundAxFocusUnchanged":true,"foregroundAxFrontmostHeld":true,"cursorPositionUnchanged":true,"sharedPointerActivityObserved":false,"hidSystemPointerActivityObserved":false,"rawInputPointerActivityObserved":false,"injectedPointerActivityObserved":false,"pointerActivityMonitorHealthy":true,"sharedPointerBoundaryCorroborated":true,"sharedPointerBoundaryState":"corroborated","sharedPointerActivityState":"quiet","hidSystemKeyboardActivityObserved":false,"keyboardActivityMonitorHealthy":true,"sharedKeyboardBoundaryCorroborated":true,"sharedKeyboardBoundaryState":"corroborated","sharedKeyboardActivityState":"quiet","sharedInputSeatActivityObserved":false,"spaceUnchanged":true}
2026-08-29T01:36:44.247Z PASS requested pointer evidence lane completed without unknown attribution: {"requestedLane":"quiet","quietObserved":true,"concurrentSharedSeatActivityObserved":false,"unknownObserved":false,"rawCursorPositionsRetained":false,"rawPlatformActivityCountersRetained":false,"rawHidSystemCountersRetained":false,"hidSystemActivityClaimedAsPhysical":false}
2026-08-29T01:36:45.369Z PASS post-run harness source commit matches coordinator binding: exact source SHA matched
2026-08-29T01:36:45.369Z PASS post-run harness checkout is detached: detached HEAD
2026-08-29T01:36:45.369Z PASS post-run harness checkout is clean: tracked, staged, deleted, and untracked sets are empty
2026-08-29T01:36:45.369Z PASS post-run harness source repository passes git fsck: git fsck --full passed
2026-08-29T01:36:45.369Z PASS post-run harness files are exact tracked blobs: runner, native probes, and acceptance finalizer match HEAD blobs
2026-08-29T01:36:45.372Z helper stopped
2026-08-29T01:36:45.372Z PASS helper remained alive until controlled teardown: SIGTERM was sent by the rig
2026-08-29T01:36:45.373Z PASS helper transport disconnected cleanly: helper session and observation were revoked
2026-08-29T01:36:45.373Z PASS helper was never respawned: 1 packaged helper process
2026-08-29T01:36:45.374Z server stopped
2026-08-29T01:36:45.374Z PASS server remained alive until controlled teardown: SIGTERM was sent by the rig
2026-08-29T01:36:45.375Z PASS server listener closed: the evidence port no longer accepts health requests
2026-08-29T01:36:45.388Z 207/207 checks passed
2026-08-29T01:36:45.390Z scratch directory removed
