2026-08-26T04:15:32.949Z PASS evidence output parent is an owner-private ordinary directory: the direct evidence parent is ordinary, owner-private, and current-user owned
2026-08-26T04:15:32.951Z PASS evidence output directory is newly created and owner-private: the runner created one private lane output directory
2026-08-26T04:15:33.644Z PASS pre-run harness source commit matches coordinator binding: exact source SHA matched
2026-08-26T04:15:33.644Z PASS pre-run harness checkout is detached: detached HEAD
2026-08-26T04:15:33.644Z PASS pre-run harness checkout is clean: tracked, staged, deleted, and untracked sets are empty
2026-08-26T04:15:33.644Z PASS pre-run harness source repository passes git fsck: git fsck --full passed
2026-08-26T04:15:33.644Z PASS pre-run harness files are exact tracked blobs: runner, native probes, and acceptance finalizer match HEAD blobs
2026-08-26T04:15:33.647Z PASS macOS host: Darwin
2026-08-26T04:15:33.654Z PASS expected checksum-manifest hash format: 64 lowercase hexadecimal characters
2026-08-26T04:15:33.654Z PASS canonical checksum-manifest name: SHA256SUMS.txt
2026-08-26T04:15:33.654Z PASS exact archive name: local-browser-bridge-v0.12.30-macos-universal.tar.gz
2026-08-26T04:15:33.654Z PASS checksum manifest is one bounded current-user-owned ordinary file: ordinary, singly linked, owner-controlled, and within the manifest byte bound
2026-08-26T04:15:33.654Z PASS checksum manifest stayed stable while it was bound: path and descriptor identity, size, links, and timestamps remained unchanged
2026-08-26T04:15:33.654Z PASS out-of-band checksum-manifest hash matches: c80c42db588f0ce121390e04893c041821aa67c6c8af796a64a85be9112c2632
2026-08-26T04:15:33.655Z PASS checksum manifest has the exact canonical four-entry set: local-browser-bridge-v0.12.30-windows-x86_64.exe,local-computer-helper-v0.12.30-windows-x86_64.exe,local-browser-bridge-v0.12.30-macos-universal.tar.gz,local-browser-bridge-extension-v0.12.30.zip
2026-08-26T04:15:33.655Z PASS canonical manifest contains the macOS archive checksum: f92338c794c489eb8df992bd91a3e28a9cd78c5aeda5b0b98e651d2a0f7d2fe5
2026-08-26T04:15:33.698Z PASS macOS archive bounded exact inventory: ten PAX-free regular-file/directory entries passed bounded streaming extraction
2026-08-26T04:15:33.698Z PASS archive checksum is bound by the canonical manifest: f92338c794c489eb8df992bd91a3e28a9cd78c5aeda5b0b98e651d2a0f7d2fe5
2026-08-26T04:15:33.702Z PASS supplied server is archive-exact: d4e73891ae0483a4379552dab476b7d01876e9aa51406ee7e7f3fec6f84418cb
2026-08-26T04:15:33.704Z PASS supplied helper is archive-exact: 39beb5cece0018c6c85298845dd2858e8167b0916ff61177e02ba93774781aa0
2026-08-26T04:15:33.718Z PASS server universal architecture: arm64,x86_64
2026-08-26T04:15:33.718Z PASS helper universal architecture: arm64,x86_64
2026-08-26T04:15:33.718Z PASS helper uses packaged app layout: Local Computer Helper.app
2026-08-26T04:15:33.742Z PASS strict code-signature verification: server, helper executable, and helper app bundle passed strict verification
2026-08-26T04:15:33.747Z PASS helper bundle version: 0.12.30/0.12.30
2026-08-26T04:15:35.025Z PASS optional physical-pointer adversarial prompt self-test: source-only optional adversarial prompt cannot satisfy either release lane
2026-08-26T04:15:35.623Z PASS app-share handoff bundle identity: dev.flrngel.local-browser-bridge.acceptance.app-share
2026-08-26T04:15:35.757Z PASS app-share handoff self-test: stable bundle/window/button vocabulary and create-once receipts
2026-08-26T04:15:35.926Z PASS screen-capture permission preflight: preexisting permission; no request was made
2026-08-26T04:15:35.926Z PASS accessibility permission preflight: preexisting permission; no request was made
2026-08-26T04:15:35.926Z PASS active Space probe available: nonzero active Space identity
2026-08-26T04:15:35.926Z PASS sandwiched foreground AX focus probe available: stable NSWorkspace/raw PSN plus exact AX focused/main-window identities are available
2026-08-26T04:16:10.853Z PASS native quiet-seat stabilization completed before candidate execution: 34927 ms across 60 stable native transitions after 0 reset(s)
2026-08-26T04:16:10.858Z PASS server version: 0.12.30
2026-08-26T04:16:10.864Z PASS helper version: 0.12.30
2026-08-26T04:16:11.371Z PASS fixture process identity: state belongs to the spawned fixture
2026-08-26T04:16:11.559Z PASS startup same-PID sibling is the target app's remembered receiver: sibling-main-and-focused=true, fixture-background=true
2026-08-26T04:16:11.887Z PASS packaged helper compatible: protocol-compatible helper 0.12.30
2026-08-26T04:16:11.887Z PASS single helper spawn: 1 packaged helper process
2026-08-26T04:16:11.887Z PASS acknowledged share advertised: computer.share.ack present
2026-08-26T04:16:11.887Z PASS native stream advertised: computer.capture.native-stream.v1 present
2026-08-26T04:16:11.887Z PASS input-delivery provenance advertised: computer.input-delivery-provenance.v1 present
2026-08-26T04:16:11.887Z PASS pointer-activity monitor advertised: computer.pointer-activity-monitor.v1 present
2026-08-26T04:16:12.099Z PASS helper status backend: background-window/ax+skylight+screencapturekit-stream
2026-08-26T04:16:12.099Z PASS background shared-session mode: background-window/shared-user-session/target-routed
2026-08-26T04:16:12.099Z PASS background input backend ready: target-routed input is ready
2026-08-26T04:16:12.099Z PASS semantic backend ready: macos-accessibility is ready without prompting
2026-08-26T04:16:12.099Z PASS fixture exact window discovered: 1 matching windows
2026-08-26T04:16:12.099Z PASS genuine same-PID sibling window discovered: 1 sibling matches, distinct=true
2026-08-26T04:16:12.099Z PASS fixture is a background target: neither same-PID fixture window owns the user's foreground process or front window
2026-08-26T04:16:12.423Z PASS exact fixture window observed: 1209x826
2026-08-26T04:16:12.423Z PASS semantic snapshot available: 4 elements
2026-08-26T04:16:12.428Z PASS semantic value element discovered: AXTextField
2026-08-26T04:16:13.330Z PASS semantic setValue confirmed: Confirmed/value-confirmed
2026-08-26T04:16:13.330Z PASS semantic setValue route, helper-preservation, and shared-pointer invariants: {"cursorPositionUnchanged":true,"foregroundUnchanged":true,"hardwareCursorPreservedByHelper":true,"helperGlobalPointerPreservation":"confirmed","hidSystemPointerActivityObserved":false,"injectedPointerActivityObserved":false,"inputDelivery":{"dispatchAttemptRecorded":true,"exactTargetBound":true,"globalHidInputUsed":false,"hardwareCursorMutationRequested":false,"osAcceptanceObserved":true,"osAcceptanceSignalAvailable":true,"route":"macosAccessibility","sharedInputSeatUsed":false,"supportLevel":"publicDocumented"},"pointerActivityMonitorHealthy":true,"rawInputPointerActivityObserved":false,"sharedPointerActivityObserved":false,"sharedPointerActivityState":"quiet","sharedPointerBoundaryCorroborated":true,"sharedPointerBoundaryState":"corroborated","spaceUnchanged":true,"userFocusUnchanged":true}
2026-08-26T04:16:13.572Z PASS semantic setValue screenshot changed: fresh exact-window pixels differ from the pre-action observation
2026-08-26T04:16:13.572Z PASS semantic action element discovered: AXButton
2026-08-26T04:16:14.563Z PASS semantic invoke target-side proof: fixture semantic counter advanced to 1
2026-08-26T04:16:14.563Z PASS semantic invoke conservatively classified: Partial/element-state-changed
2026-08-26T04:16:14.563Z PASS semantic invoke route, helper-preservation, and shared-pointer invariants: {"cursorPositionUnchanged":true,"foregroundUnchanged":true,"hardwareCursorPreservedByHelper":true,"helperGlobalPointerPreservation":"confirmed","hidSystemPointerActivityObserved":false,"injectedPointerActivityObserved":false,"inputDelivery":{"dispatchAttemptRecorded":true,"exactTargetBound":true,"globalHidInputUsed":false,"hardwareCursorMutationRequested":false,"osAcceptanceObserved":true,"osAcceptanceSignalAvailable":true,"route":"macosAccessibility","sharedInputSeatUsed":false,"supportLevel":"publicDocumented"},"pointerActivityMonitorHealthy":true,"rawInputPointerActivityObserved":false,"sharedPointerActivityObserved":false,"sharedPointerActivityState":"quiet","sharedPointerBoundaryCorroborated":true,"sharedPointerBoundaryState":"corroborated","spaceUnchanged":true,"userFocusUnchanged":true}
2026-08-26T04:16:14.803Z PASS semantic invoke screenshot changed: fresh exact-window pixels differ from the setValue stage
2026-08-26T04:16:15.495Z PASS persistent live share started: persistent-native-stream/exact-window
2026-08-26T04:16:15.495Z PASS SCStream start metadata: macos-screencapturekit-scstream, native=true, indicator-policy=true, selection=programmatic-exact-window
2026-08-26T04:16:15.495Z PASS live share ack pacing: latest-frame-wins, ackPaced=true
2026-08-26T04:16:15.495Z PASS live share cursor policy: system cursor excluded; synthetic session pointer composited
2026-08-26T04:16:15.807Z PASS persistent-share screenshot is fresh: sourceSequence=3
2026-08-26T04:16:16.494Z PASS same-PID sibling is remembered before primary pixel dispatch: sibling-main-and-focused=true, sibling-state-clean=true
2026-08-26T04:16:19.172Z PASS exact active target receiver observed during pixel lease: active-target=true, exact-main-and-focused=true, saved-user-owner=true
2026-08-26T04:16:19.257Z PASS background pixel click targets only primary and restores sibling receiver: only the primary click counter advanced and the target app's prior sibling receiver was restored
2026-08-26T04:16:19.258Z PASS pixel click conservatively classified: Unverifiable
2026-08-26T04:16:19.258Z PASS pixel action bound to persistent share: share=true, source=8
2026-08-26T04:16:19.258Z PASS live-share pixel click route, helper-preservation, and shared-pointer invariants: {"cursorPositionUnchanged":true,"foregroundUnchanged":true,"hardwareCursorPreservedByHelper":true,"helperGlobalPointerPreservation":"confirmed","hidSystemPointerActivityObserved":false,"injectedPointerActivityObserved":false,"inputDelivery":{"dispatchAttemptRecorded":true,"exactTargetBound":true,"globalHidInputUsed":false,"hardwareCursorMutationRequested":false,"osAcceptanceObserved":false,"osAcceptanceSignalAvailable":false,"route":"macosTargetedProcessEvent","sharedInputSeatUsed":false,"supportLevel":"privateUnsupported"},"pointerActivityMonitorHealthy":true,"rawInputPointerActivityObserved":false,"sharedPointerActivityObserved":false,"sharedPointerActivityState":"quiet","sharedPointerBoundaryCorroborated":true,"sharedPointerBoundaryState":"corroborated","spaceUnchanged":true,"userFocusUnchanged":true}
2026-08-26T04:16:19.336Z PASS same-PID pixel routing independent foreground/focus/pointer/Space invariants: {"foregroundUnchanged":true,"userFocusUnchanged":true,"foregroundIdentitySandwichHeld":true,"rawForegroundIdentitySandwichHeld":true,"foregroundAxFocusUnchanged":true,"foregroundAxFrontmostHeld":true,"cursorPositionUnchanged":true,"sharedPointerActivityObserved":false,"hidSystemPointerActivityObserved":false,"rawInputPointerActivityObserved":false,"injectedPointerActivityObserved":false,"pointerActivityMonitorHealthy":true,"sharedPointerBoundaryCorroborated":true,"sharedPointerBoundaryState":"corroborated","sharedPointerActivityState":"quiet","hidSystemKeyboardActivityObserved":false,"keyboardActivityMonitorHealthy":true,"sharedKeyboardBoundaryCorroborated":true,"sharedKeyboardBoundaryState":"corroborated","sharedKeyboardActivityState":"quiet","sharedInputSeatActivityObserved":false,"spaceUnchanged":true}
2026-08-26T04:16:19.544Z PASS native source remained live during input: source +32/drop +28; transport +4
2026-08-26T04:16:19.545Z PASS settled synthetic pointer published: action=click
2026-08-26T04:16:19.547Z PASS live-share action screenshot changed: fresh exact-window pixels include the action stage
2026-08-26T04:16:20.552Z PASS persistent share survived exact-target resize: 720x492 -> 820x552
2026-08-26T04:16:20.552Z PASS settled resize frame matches exact-window geometry: window=820x552, image=1218x820
2026-08-26T04:16:20.555Z PASS resize screenshot dimensions match settled observation: 1218x820
2026-08-26T04:16:20.555Z PASS resize screenshot geometry changed: 1209x826 -> 1218x820
2026-08-26T04:16:21.453Z PASS app-share WAITING presentation independent foreground/focus/pointer/Space invariants: {"foregroundUnchanged":true,"userFocusUnchanged":true,"foregroundIdentitySandwichHeld":true,"rawForegroundIdentitySandwichHeld":true,"foregroundAxFocusUnchanged":true,"foregroundAxFrontmostHeld":true,"cursorPositionUnchanged":true,"sharedPointerActivityObserved":false,"hidSystemPointerActivityObserved":false,"rawInputPointerActivityObserved":false,"injectedPointerActivityObserved":false,"pointerActivityMonitorHealthy":true,"sharedPointerBoundaryCorroborated":true,"sharedPointerBoundaryState":"corroborated","sharedPointerActivityState":"quiet","hidSystemKeyboardActivityObserved":false,"keyboardActivityMonitorHealthy":true,"sharedKeyboardBoundaryCorroborated":true,"sharedKeyboardBoundaryState":"corroborated","sharedKeyboardActivityState":"quiet","sharedInputSeatActivityObserved":false,"spaceUnchanged":true}
2026-08-26T04:16:21.453Z PASS app-share WAITING presentation remained quiet: the bound app appeared without shared-pointer or user-context activity
2026-08-26T04:16:21.550Z PASS app-share READY presentation independent foreground/focus/pointer/Space invariants: {"foregroundUnchanged":true,"userFocusUnchanged":true,"foregroundIdentitySandwichHeld":true,"rawForegroundIdentitySandwichHeld":true,"foregroundAxFocusUnchanged":true,"foregroundAxFrontmostHeld":true,"cursorPositionUnchanged":true,"sharedPointerActivityObserved":false,"hidSystemPointerActivityObserved":false,"rawInputPointerActivityObserved":false,"injectedPointerActivityObserved":false,"pointerActivityMonitorHealthy":true,"sharedPointerBoundaryCorroborated":true,"sharedPointerBoundaryState":"corroborated","sharedPointerActivityState":"quiet","hidSystemKeyboardActivityObserved":false,"keyboardActivityMonitorHealthy":true,"sharedKeyboardBoundaryCorroborated":true,"sharedKeyboardBoundaryState":"corroborated","sharedKeyboardActivityState":"quiet","sharedInputSeatActivityObserved":false,"spaceUnchanged":true}
2026-08-26T04:16:21.550Z PASS app-share READY transition preserved the shared input seat: foreground, focus, cursor, HID counters, and active Space stayed unchanged
2026-08-26T04:16:21.550Z ACTION REQUIRED: through the separately authorized exact-app share for dev.flrngel.local-browser-bridge.acceptance.app-share, press START APP-SHARE CHECK exactly once. Do not use the shared desktop or retry.
2026-08-26T04:16:39.581Z PASS exact-app-share action independent foreground/focus/pointer/Space invariants: {"foregroundUnchanged":true,"userFocusUnchanged":true,"foregroundIdentitySandwichHeld":true,"rawForegroundIdentitySandwichHeld":true,"foregroundAxFocusUnchanged":true,"foregroundAxFrontmostHeld":true,"cursorPositionUnchanged":true,"sharedPointerActivityObserved":false,"hidSystemPointerActivityObserved":false,"rawInputPointerActivityObserved":false,"injectedPointerActivityObserved":false,"pointerActivityMonitorHealthy":true,"sharedPointerBoundaryCorroborated":true,"sharedPointerBoundaryState":"corroborated","sharedPointerActivityState":"quiet","hidSystemKeyboardActivityObserved":false,"keyboardActivityMonitorHealthy":true,"sharedKeyboardBoundaryCorroborated":true,"sharedKeyboardBoundaryState":"corroborated","sharedKeyboardActivityState":"quiet","sharedInputSeatActivityObserved":false,"spaceUnchanged":true}
2026-08-26T04:16:39.581Z PASS exact-app-share action did not use the shared input seat: foreground, focus, cursor, HID counters, and active Space stayed unchanged across the external app action
2026-08-26T04:16:39.725Z PASS app-share ACTION transition independent foreground/focus/pointer/Space invariants: {"foregroundUnchanged":true,"userFocusUnchanged":true,"foregroundIdentitySandwichHeld":true,"rawForegroundIdentitySandwichHeld":true,"foregroundAxFocusUnchanged":true,"foregroundAxFrontmostHeld":true,"cursorPositionUnchanged":true,"sharedPointerActivityObserved":false,"hidSystemPointerActivityObserved":false,"rawInputPointerActivityObserved":false,"injectedPointerActivityObserved":false,"pointerActivityMonitorHealthy":true,"sharedPointerBoundaryCorroborated":true,"sharedPointerBoundaryState":"corroborated","sharedPointerActivityState":"quiet","hidSystemKeyboardActivityObserved":false,"keyboardActivityMonitorHealthy":true,"sharedKeyboardBoundaryCorroborated":true,"sharedKeyboardBoundaryState":"corroborated","sharedKeyboardActivityState":"quiet","sharedInputSeatActivityObserved":false,"spaceUnchanged":true}
2026-08-26T04:16:39.725Z PASS app-share ACTION transition remained outside the shared input seat: the exact app remained bound while the product action window opened
2026-08-26T04:16:39.726Z PASS app-share receipt retained the exact persistent share: target=true, share=true, source-bound=true, geometry=true
2026-08-26T04:16:40.345Z PASS post-handoff share action authority is fresh and exact: target=true, share=true, source-advanced=true, transport-advanced=true, frame-rebased=true, estimatedAgeMs=950.142822265625
2026-08-26T04:16:40.345Z PASS app-share handoff and frame refresh caused no target mutation: the exact target functional baseline stayed unchanged until fresh action authority was bound
2026-08-26T04:16:40.345Z PASS post-handoff share action authority remained fresh at dispatch: frame-bound=true, estimatedAgeMs=950.142822265625
2026-08-26T04:16:46.387Z PASS post-resize command returned a recorded dispatch attempt: a returned response cannot complete the handoff without product dispatch evidence
2026-08-26T04:16:46.521Z PASS post-resize pixel click target-side proof: only the exact fixture click counter changed functional state after resize
2026-08-26T04:16:46.521Z PASS post-resize action bound to settled persistent share: frame=true, share=true, source=241
2026-08-26T04:16:46.521Z PASS post-resize pixel click conservatively classified: Unverifiable
2026-08-26T04:16:46.521Z PASS post-resize pixel click route, helper-preservation, and shared-pointer invariants: {"cursorPositionUnchanged":true,"foregroundUnchanged":true,"hardwareCursorPreservedByHelper":true,"helperGlobalPointerPreservation":"confirmed","hidSystemPointerActivityObserved":false,"injectedPointerActivityObserved":false,"inputDelivery":{"dispatchAttemptRecorded":true,"exactTargetBound":true,"globalHidInputUsed":false,"hardwareCursorMutationRequested":false,"osAcceptanceObserved":false,"osAcceptanceSignalAvailable":false,"route":"macosTargetedProcessEvent","sharedInputSeatUsed":false,"supportLevel":"privateUnsupported"},"pointerActivityMonitorHealthy":true,"rawInputPointerActivityObserved":false,"sharedPointerActivityObserved":false,"sharedPointerActivityState":"quiet","sharedPointerBoundaryCorroborated":true,"sharedPointerBoundaryState":"corroborated","spaceUnchanged":true,"userFocusUnchanged":true}
2026-08-26T04:16:46.521Z PASS post-resize pixel action independent foreground/focus/pointer/Space invariants: {"foregroundUnchanged":true,"userFocusUnchanged":true,"foregroundIdentitySandwichHeld":true,"rawForegroundIdentitySandwichHeld":true,"foregroundAxFocusUnchanged":true,"foregroundAxFrontmostHeld":true,"cursorPositionUnchanged":true,"sharedPointerActivityObserved":false,"hidSystemPointerActivityObserved":false,"rawInputPointerActivityObserved":false,"injectedPointerActivityObserved":false,"pointerActivityMonitorHealthy":true,"sharedPointerBoundaryCorroborated":true,"sharedPointerBoundaryState":"corroborated","sharedPointerActivityState":"quiet","hidSystemKeyboardActivityObserved":false,"keyboardActivityMonitorHealthy":true,"sharedKeyboardBoundaryCorroborated":true,"sharedKeyboardBoundaryState":"corroborated","sharedKeyboardActivityState":"quiet","sharedInputSeatActivityObserved":false,"spaceUnchanged":true}
2026-08-26T04:16:46.521Z PASS exact-app-share concurrency preserved both product and independent shared-seat boundaries: both post-resize boundaries stayed quiet and the exact target postcondition advanced
2026-08-26T04:16:46.639Z PASS app-share pre-completion boundary independent foreground/focus/pointer/Space invariants: {"foregroundUnchanged":true,"userFocusUnchanged":true,"foregroundIdentitySandwichHeld":true,"rawForegroundIdentitySandwichHeld":true,"foregroundAxFocusUnchanged":true,"foregroundAxFrontmostHeld":true,"cursorPositionUnchanged":true,"sharedPointerActivityObserved":false,"hidSystemPointerActivityObserved":false,"rawInputPointerActivityObserved":false,"injectedPointerActivityObserved":false,"pointerActivityMonitorHealthy":true,"sharedPointerBoundaryCorroborated":true,"sharedPointerBoundaryState":"corroborated","sharedPointerActivityState":"quiet","hidSystemKeyboardActivityObserved":false,"keyboardActivityMonitorHealthy":true,"sharedKeyboardBoundaryCorroborated":true,"sharedKeyboardBoundaryState":"corroborated","sharedKeyboardActivityState":"quiet","sharedInputSeatActivityObserved":false,"spaceUnchanged":true}
2026-08-26T04:16:46.639Z PASS app-share pre-completion boundary remained quiet: the shared cursor, HID counters, foreground, focus, and Space stayed unchanged
2026-08-26T04:16:46.871Z PASS app-share COMPLETE presentation independent foreground/focus/pointer/Space invariants: {"foregroundUnchanged":true,"userFocusUnchanged":true,"foregroundIdentitySandwichHeld":true,"rawForegroundIdentitySandwichHeld":true,"foregroundAxFocusUnchanged":true,"foregroundAxFrontmostHeld":true,"cursorPositionUnchanged":true,"sharedPointerActivityObserved":false,"hidSystemPointerActivityObserved":false,"rawInputPointerActivityObserved":false,"injectedPointerActivityObserved":false,"pointerActivityMonitorHealthy":true,"sharedPointerBoundaryCorroborated":true,"sharedPointerBoundaryState":"corroborated","sharedPointerActivityState":"quiet","hidSystemKeyboardActivityObserved":false,"keyboardActivityMonitorHealthy":true,"sharedKeyboardBoundaryCorroborated":true,"sharedKeyboardBoundaryState":"corroborated","sharedKeyboardActivityState":"quiet","sharedInputSeatActivityObserved":false,"spaceUnchanged":true}
2026-08-26T04:16:46.871Z PASS app-share COMPLETE presentation remained quiet: the app-produced completion receipt and green state preserved the shared context
2026-08-26T04:16:47.625Z app-share handoff stopped
2026-08-26T04:16:47.627Z PASS post-resize action retained resized exact-window stream: window=820x552, image=1218x820
2026-08-26T04:16:47.809Z PASS same-PID sibling is the prior receiver before text preparation: sibling-main-and-focused=true, sibling-state-clean=true
2026-08-26T04:16:47.999Z PASS background fixture field prepared without mutation while sibling remains prior receiver: the primary responder was prepared, the sibling was restored internally, and no target field mutated
2026-08-26T04:16:48.073Z PASS field preparation independent foreground/focus/pointer/Space invariants: {"foregroundUnchanged":true,"userFocusUnchanged":true,"foregroundIdentitySandwichHeld":true,"rawForegroundIdentitySandwichHeld":true,"foregroundAxFocusUnchanged":true,"foregroundAxFrontmostHeld":true,"cursorPositionUnchanged":true,"sharedPointerActivityObserved":false,"hidSystemPointerActivityObserved":false,"rawInputPointerActivityObserved":false,"injectedPointerActivityObserved":false,"pointerActivityMonitorHealthy":true,"sharedPointerBoundaryCorroborated":true,"sharedPointerBoundaryState":"corroborated","sharedPointerActivityState":"quiet","hidSystemKeyboardActivityObserved":false,"keyboardActivityMonitorHealthy":true,"sharedKeyboardBoundaryCorroborated":true,"sharedKeyboardBoundaryState":"corroborated","sharedKeyboardActivityState":"quiet","sharedInputSeatActivityObserved":false,"spaceUnchanged":true}
2026-08-26T04:16:48.240Z PASS same-PID sibling remains the exact prior receiver immediately before text request: sibling-main-and-focused=true
2026-08-26T04:16:50.178Z PASS native typeText exact fixture read-back with zero sibling mutation: appended 20 ASCII characters only to the primary field and restored the prior sibling receiver
2026-08-26T04:16:50.178Z PASS native typeText bounded product result: Unverifiable/exact-window-background, characters=20, utf16=20
2026-08-26T04:16:50.178Z PASS native typeText route, helper-preservation, and shared-pointer invariants: {"cursorPositionUnchanged":true,"foregroundUnchanged":true,"hardwareCursorPreservedByHelper":true,"helperGlobalPointerPreservation":"confirmed","hidSystemPointerActivityObserved":false,"injectedPointerActivityObserved":false,"inputDelivery":{"dispatchAttemptRecorded":true,"exactTargetBound":true,"globalHidInputUsed":false,"hardwareCursorMutationRequested":false,"osAcceptanceObserved":false,"osAcceptanceSignalAvailable":false,"route":"macosTargetedProcessEvent","sharedInputSeatUsed":false,"supportLevel":"privateUnsupported"},"pointerActivityMonitorHealthy":true,"rawInputPointerActivityObserved":false,"sharedPointerActivityObserved":false,"sharedPointerActivityState":"quiet","sharedPointerBoundaryCorroborated":true,"sharedPointerBoundaryState":"corroborated","spaceUnchanged":true,"userFocusUnchanged":true}
2026-08-26T04:16:50.258Z PASS native typeText independent foreground/focus/pointer/Space invariants: {"foregroundUnchanged":true,"userFocusUnchanged":true,"foregroundIdentitySandwichHeld":true,"rawForegroundIdentitySandwichHeld":true,"foregroundAxFocusUnchanged":true,"foregroundAxFrontmostHeld":true,"cursorPositionUnchanged":true,"sharedPointerActivityObserved":false,"hidSystemPointerActivityObserved":false,"rawInputPointerActivityObserved":false,"injectedPointerActivityObserved":false,"pointerActivityMonitorHealthy":true,"sharedPointerBoundaryCorroborated":true,"sharedPointerBoundaryState":"corroborated","sharedPointerActivityState":"quiet","hidSystemKeyboardActivityObserved":false,"keyboardActivityMonitorHealthy":true,"sharedKeyboardBoundaryCorroborated":true,"sharedKeyboardBoundaryState":"corroborated","sharedKeyboardActivityState":"quiet","sharedInputSeatActivityObserved":false,"spaceUnchanged":true}
2026-08-26T04:16:50.465Z PASS native text restore element discovered: AXTextField
2026-08-26T04:16:50.465Z PASS native text restore frame is bound to the persistent share authority: share=true, source=346
2026-08-26T04:16:51.657Z PASS native text fixture value restored: Confirmed/value-confirmed
2026-08-26T04:16:51.657Z PASS native text restore route, helper-preservation, and shared-pointer invariants: {"cursorPositionUnchanged":true,"foregroundUnchanged":true,"hardwareCursorPreservedByHelper":true,"helperGlobalPointerPreservation":"confirmed","hidSystemPointerActivityObserved":false,"injectedPointerActivityObserved":false,"inputDelivery":{"dispatchAttemptRecorded":true,"exactTargetBound":true,"globalHidInputUsed":false,"hardwareCursorMutationRequested":false,"osAcceptanceObserved":true,"osAcceptanceSignalAvailable":true,"route":"macosAccessibility","sharedInputSeatUsed":false,"supportLevel":"publicDocumented"},"pointerActivityMonitorHealthy":true,"rawInputPointerActivityObserved":false,"sharedPointerActivityObserved":false,"sharedPointerActivityState":"quiet","sharedPointerBoundaryCorroborated":true,"sharedPointerBoundaryState":"corroborated","spaceUnchanged":true,"userFocusUnchanged":true}
2026-08-26T04:16:51.658Z PASS native text restore exact fixture state: only the deterministic semantic value was restored
2026-08-26T04:16:51.969Z PASS persistent share sample count: 12 distinct transport frames
2026-08-26T04:16:51.969Z PASS one persistent share authority: 1 share IDs
2026-08-26T04:16:51.969Z PASS share-initial native stream metadata: macos-screencapturekit-scstream, native=true, indicator-policy=true, selection=programmatic-exact-window
2026-08-26T04:16:51.969Z PASS share-initial ack pacing metadata: ack=true, backpressure=latest-frame-wins
2026-08-26T04:16:51.969Z PASS share-cadence-1 native stream metadata: macos-screencapturekit-scstream, native=true, indicator-policy=true, selection=programmatic-exact-window
2026-08-26T04:16:51.969Z PASS share-cadence-1 ack pacing metadata: ack=true, backpressure=latest-frame-wins
2026-08-26T04:16:51.969Z PASS share-cadence-2 native stream metadata: macos-screencapturekit-scstream, native=true, indicator-policy=true, selection=programmatic-exact-window
2026-08-26T04:16:51.969Z PASS share-cadence-2 ack pacing metadata: ack=true, backpressure=latest-frame-wins
2026-08-26T04:16:51.969Z PASS share-after-long-action native stream metadata: macos-screencapturekit-scstream, native=true, indicator-policy=true, selection=programmatic-exact-window
2026-08-26T04:16:51.969Z PASS share-after-long-action ack pacing metadata: ack=true, backpressure=latest-frame-wins
2026-08-26T04:16:51.969Z PASS share-after-resize native stream metadata: macos-screencapturekit-scstream, native=true, indicator-policy=true, selection=programmatic-exact-window
2026-08-26T04:16:51.969Z PASS share-after-resize ack pacing metadata: ack=true, backpressure=latest-frame-wins
2026-08-26T04:16:51.969Z PASS share-resize-settled native stream metadata: macos-screencapturekit-scstream, native=true, indicator-policy=true, selection=programmatic-exact-window
2026-08-26T04:16:51.969Z PASS share-resize-settled ack pacing metadata: ack=true, backpressure=latest-frame-wins
2026-08-26T04:16:51.969Z PASS share-post-resize-cadence native stream metadata: macos-screencapturekit-scstream, native=true, indicator-policy=true, selection=programmatic-exact-window
2026-08-26T04:16:51.969Z PASS share-post-resize-cadence ack pacing metadata: ack=true, backpressure=latest-frame-wins
2026-08-26T04:16:51.969Z PASS share-after-app-share-action-authority native stream metadata: macos-screencapturekit-scstream, native=true, indicator-policy=true, selection=programmatic-exact-window
2026-08-26T04:16:51.969Z PASS share-after-app-share-action-authority ack pacing metadata: ack=true, backpressure=latest-frame-wins
2026-08-26T04:16:51.969Z PASS share-after-post-resize-action native stream metadata: macos-screencapturekit-scstream, native=true, indicator-policy=true, selection=programmatic-exact-window
2026-08-26T04:16:51.969Z PASS share-after-post-resize-action ack pacing metadata: ack=true, backpressure=latest-frame-wins
2026-08-26T04:16:51.969Z PASS share-after-native-text-focus native stream metadata: macos-screencapturekit-scstream, native=true, indicator-policy=true, selection=programmatic-exact-window
2026-08-26T04:16:51.969Z PASS share-after-native-text-focus ack pacing metadata: ack=true, backpressure=latest-frame-wins
2026-08-26T04:16:51.969Z PASS share-after-native-text-delivery native stream metadata: macos-screencapturekit-scstream, native=true, indicator-policy=true, selection=programmatic-exact-window
2026-08-26T04:16:51.969Z PASS share-after-native-text-delivery ack pacing metadata: ack=true, backpressure=latest-frame-wins
2026-08-26T04:16:51.969Z PASS share-after-native-text-restore native stream metadata: macos-screencapturekit-scstream, native=true, indicator-policy=true, selection=programmatic-exact-window
2026-08-26T04:16:51.969Z PASS share-after-native-text-restore ack pacing metadata: ack=true, backpressure=latest-frame-wins
2026-08-26T04:16:51.969Z PASS share-cadence-1 independent sequences advance: source 3->6, transport 1->2
2026-08-26T04:16:51.969Z PASS share-cadence-1 drop counters are monotonic: source-drop 4->5, transport-drop 0->0
2026-08-26T04:16:51.969Z PASS share-cadence-1 previous frame was acknowledged: previous=1, ack=1, current=2
2026-08-26T04:16:51.969Z PASS share-cadence-2 independent sequences advance: source 6->8, transport 2->3
2026-08-26T04:16:51.969Z PASS share-cadence-2 drop counters are monotonic: source-drop 5->7, transport-drop 0->0
2026-08-26T04:16:51.969Z PASS share-cadence-2 previous frame was acknowledged: previous=2, ack=2, current=3
2026-08-26T04:16:51.969Z PASS share-after-long-action independent sequences advance: source 8->40, transport 3->7
2026-08-26T04:16:51.969Z PASS share-after-long-action drop counters are monotonic: source-drop 7->35, transport-drop 0->0
2026-08-26T04:16:51.969Z PASS share-after-long-action previous frame was acknowledged: previous=3, ack=6, current=7
2026-08-26T04:16:51.969Z PASS share-after-resize independent sequences advance: source 40->48, transport 7->9
2026-08-26T04:16:51.969Z PASS share-after-resize drop counters are monotonic: source-drop 35->41, transport-drop 0->0
2026-08-26T04:16:51.969Z PASS share-after-resize previous frame was acknowledged: previous=7, ack=8, current=9
2026-08-26T04:16:51.969Z PASS share-resize-settled independent sequences advance: source 48->50, transport 9->10
2026-08-26T04:16:51.969Z PASS share-resize-settled drop counters are monotonic: source-drop 41->42, transport-drop 0->0
2026-08-26T04:16:51.969Z PASS share-resize-settled previous frame was acknowledged: previous=9, ack=9, current=10
2026-08-26T04:16:51.969Z PASS share-post-resize-cadence independent sequences advance: source 50->55, transport 10->12
2026-08-26T04:16:51.969Z PASS share-post-resize-cadence drop counters are monotonic: source-drop 42->45, transport-drop 0->0
2026-08-26T04:16:51.969Z PASS share-post-resize-cadence previous frame was acknowledged: previous=10, ack=10, current=12
2026-08-26T04:16:51.969Z PASS share-after-app-share-action-authority independent sequences advance: source 55->241, transport 12->83
2026-08-26T04:16:51.969Z PASS share-after-app-share-action-authority drop counters are monotonic: source-drop 45->166, transport-drop 0->9
2026-08-26T04:16:51.969Z PASS share-after-app-share-action-authority previous frame was acknowledged: previous=12, ack=82, current=83
2026-08-26T04:16:51.969Z PASS share-after-post-resize-action independent sequences advance: source 241->309, transport 83->86
2026-08-26T04:16:51.969Z PASS share-after-post-resize-action drop counters are monotonic: source-drop 166->231, transport-drop 9->9
2026-08-26T04:16:51.969Z PASS share-after-post-resize-action previous frame was acknowledged: previous=83, ack=85, current=86
2026-08-26T04:16:51.969Z PASS share-after-native-text-focus independent sequences advance: source 309->317, transport 86->87
2026-08-26T04:16:51.969Z PASS share-after-native-text-focus drop counters are monotonic: source-drop 231->236, transport-drop 9->9
2026-08-26T04:16:51.969Z PASS share-after-native-text-focus previous frame was acknowledged: previous=86, ack=86, current=87
2026-08-26T04:16:51.969Z PASS share-after-native-text-delivery independent sequences advance: source 317->346, transport 87->91
2026-08-26T04:16:51.969Z PASS share-after-native-text-delivery drop counters are monotonic: source-drop 236->258, transport-drop 9->9
2026-08-26T04:16:51.969Z PASS share-after-native-text-delivery previous frame was acknowledged: previous=87, ack=90, current=91
2026-08-26T04:16:51.969Z PASS share-after-native-text-restore independent sequences advance: source 346->362, transport 91->94
2026-08-26T04:16:51.969Z PASS share-after-native-text-restore drop counters are monotonic: source-drop 258->270, transport-drop 9->9
2026-08-26T04:16:51.969Z PASS share-after-native-text-restore previous frame was acknowledged: previous=91, ack=93, current=94
2026-08-26T04:16:52.210Z PASS share status remains native and ack paced: macos-screencapturekit-scstream, source=364, transport=95
2026-08-26T04:16:52.210Z PASS share status drop domains retained: source-drop=272, transport-drop=9
2026-08-26T04:16:52.210Z PASS cancellation starts from a current resized share frame: share=true, source=362, screenshot-bound=true
2026-08-26T04:16:52.288Z PASS bounded fixture mouse-move instrumentation ready: baseline=158
2026-08-26T04:16:52.793Z PASS cancellation waits for target-routed native move delivery: moveEvents=158->160, wait=505ms
2026-08-26T04:16:52.795Z PASS exact duplicate observes one causally dispatched product action: HTTP 409, CALL_IN_PROGRESS
2026-08-26T04:16:52.796Z PASS authenticated exact-call cancellation accepted: HTTP 202, requested=true
2026-08-26T04:16:52.796Z PASS canceled original reports conservative outcome unknown: HTTP 504, COMMAND_OUTCOME_UNKNOWN/outcome_unknown, elapsed=508ms
2026-08-26T04:16:52.797Z PASS completed call cannot be canceled twice: HTTP 409, CALL_NOT_IN_PROGRESS
2026-08-26T04:16:52.799Z PASS exact canceled call replays without redispatch: HTTP 504, replayed=true
2026-08-26T04:16:52.800Z PASS changed command cannot reuse canceled call identity: HTTP 409, CALL_ID_REUSED/invalid_request
2026-08-26T04:16:52.802Z PASS cancellation fail-closed state names the exact-session revocation: outcome-unknown/COMMAND_OUTCOME_UNKNOWN
2026-08-26T04:16:52.804Z PASS cancellation tears down the computer screenshot surface: HTTP 404, NO_COMPUTER_SCREENSHOT
2026-08-26T04:16:53.106Z PASS canceled share surface stays torn down: no queued SCStream frame republished authority after cancellation
2026-08-26T04:16:53.108Z PASS post-cancellation share stop is idempotently fail-closed: false/false/not-active
2026-08-26T04:16:53.110Z PASS explicit stop preserves surface teardown: computer observation, screenshot, pointer, and share authority remain unavailable
2026-08-26T04:16:53.112Z PASS revoked authority gates pre-recovery mutations before helper relay: HTTP 409, NO_COMPUTER_FRAME/stale_snapshot/reobserve
2026-08-26T04:16:53.113Z PASS gated old-frame action cannot recreate a computer surface: no frame, screenshot, pointer, or share authority was republished
2026-08-26T04:16:53.421Z PASS explicit one-shot observation recovers exact-session authority: session-preserved=true, fresh-frame=true
2026-08-26T04:16:53.422Z PASS pre-cancellation frame stays stale after explicit recovery: HTTP 409, COMPUTER_STALE_FRAME/stale_snapshot/reobserve
2026-08-26T04:16:53.424Z PASS rejected stale action preserves the recovered exact frame: the old frame was refused without replacing or revoking the recovered one-shot frame
2026-08-26T04:16:53.424Z PASS fixture final state: {"clicks":2,"semanticPresses":1,"semanticValueMatchesExpected":true,"resizeCount":1,"focusCount":1,"siblingFocusCount":1,"siblingTextLength":0,"siblingClicks":0,"distinctSamePidWindows":true,"moveEvents":160,"appliedControlSequence":2,"contentWidth":820,"contentHeight":520}
2026-08-26T04:16:53.424Z PASS canceled move, gated refusal, recovery, and stale refusal caused no functional fixture mutation: functional fixture state stayed exact; only bounded move-delivery instrumentation advanced
2026-08-26T04:16:53.517Z PASS final same-PID receiver main and focus are restored before target close: sibling-main-and-focused=true
2026-08-26T04:16:53.598Z PASS cancellation/stop independent foreground/focus/pointer/Space invariants: {"foregroundUnchanged":true,"userFocusUnchanged":true,"foregroundIdentitySandwichHeld":true,"rawForegroundIdentitySandwichHeld":true,"foregroundAxFocusUnchanged":true,"foregroundAxFrontmostHeld":true,"cursorPositionUnchanged":true,"sharedPointerActivityObserved":false,"hidSystemPointerActivityObserved":false,"rawInputPointerActivityObserved":false,"injectedPointerActivityObserved":false,"pointerActivityMonitorHealthy":true,"sharedPointerBoundaryCorroborated":true,"sharedPointerBoundaryState":"corroborated","sharedPointerActivityState":"quiet","hidSystemKeyboardActivityObserved":false,"keyboardActivityMonitorHealthy":true,"sharedKeyboardBoundaryCorroborated":true,"sharedKeyboardBoundaryState":"corroborated","sharedKeyboardActivityState":"quiet","sharedInputSeatActivityObserved":false,"spaceUnchanged":true}
2026-08-26T04:16:53.598Z PASS every retained screenshot is bound only to the primary exact window: 6 primary-only screenshot records; sibling excluded=true
2026-08-26T04:16:54.412Z PASS target-close persistent share started with fresh authority: fresh-share=true, target=true, backend=macos-screencapturekit-scstream
2026-08-26T04:16:54.412Z PASS fresh share start retires the recovered one-shot frame under exact new authority: same-session=true, new-frame=true, exact-share=true
2026-08-26T04:16:54.722Z PASS exact target is alive while its closing share frame is current: share=true, recovered-retired=true, start-frame-retired=true, source=4
2026-08-26T04:16:54.726Z exact fixture target stopped
2026-08-26T04:16:54.726Z PASS rig closed the exact target while its persistent share was active: signal-requested=true, already-exited=false
2026-08-26T04:16:55.037Z PASS helper-originated exact-share failure stops server authority: capture-error/COMPUTER_NO_WINDOW, same-helper=true
2026-08-26T04:16:55.038Z PASS target close clears the exact share screenshot surface: HTTP 404, NO_COMPUTER_SCREENSHOT
2026-08-26T04:16:55.341Z PASS closed target cannot republish a queued native frame: 3 frame periods settled without authority republish
2026-08-26T04:16:55.343Z PASS closed-target frame is refused before helper action relay: HTTP 409, NO_COMPUTER_FRAME/stale_snapshot
2026-08-26T04:16:55.345Z PASS stale closed-target action cannot recreate a computer surface: the retired frame remained unavailable after the rejected mutation
2026-08-26T04:16:55.582Z PASS explicit observe cannot recover a closed exact target: HTTP 409, COMPUTER_NO_WINDOW/target_changed
2026-08-26T04:16:55.584Z PASS closed-target observe refusal preserves terminal teardown: the failed recovery did not restore observation, screenshot, pointer, share, or frame authority
2026-08-26T04:16:55.832Z PASS helper independently observes the exact target pair is gone: the helper no longer enumerates either real window from the closed fixture process
2026-08-26T04:16:55.835Z PASS target-close share stop is idempotently clean: false/false/not-active
2026-08-26T04:16:55.836Z PASS target-close cleanup leaves no share or frame authority: the same helper remains ready with no target, share, observation, screenshot, or frame authority
2026-08-26T04:16:55.921Z PASS target-close independent foreground/focus/pointer/Space invariants: {"foregroundUnchanged":true,"userFocusUnchanged":true,"foregroundIdentitySandwichHeld":true,"rawForegroundIdentitySandwichHeld":true,"foregroundAxFocusUnchanged":true,"foregroundAxFrontmostHeld":true,"cursorPositionUnchanged":true,"sharedPointerActivityObserved":false,"hidSystemPointerActivityObserved":false,"rawInputPointerActivityObserved":false,"injectedPointerActivityObserved":false,"pointerActivityMonitorHealthy":true,"sharedPointerBoundaryCorroborated":true,"sharedPointerBoundaryState":"corroborated","sharedPointerActivityState":"quiet","hidSystemKeyboardActivityObserved":false,"keyboardActivityMonitorHealthy":true,"sharedKeyboardBoundaryCorroborated":true,"sharedKeyboardBoundaryState":"corroborated","sharedKeyboardActivityState":"quiet","sharedInputSeatActivityObserved":false,"spaceUnchanged":true}
2026-08-26T04:16:55.991Z PASS whole-run independent foreground/focus/pointer/Space invariants: {"foregroundUnchanged":true,"userFocusUnchanged":true,"foregroundIdentitySandwichHeld":true,"rawForegroundIdentitySandwichHeld":true,"foregroundAxFocusUnchanged":true,"foregroundAxFrontmostHeld":true,"cursorPositionUnchanged":true,"sharedPointerActivityObserved":false,"hidSystemPointerActivityObserved":false,"rawInputPointerActivityObserved":false,"injectedPointerActivityObserved":false,"pointerActivityMonitorHealthy":true,"sharedPointerBoundaryCorroborated":true,"sharedPointerBoundaryState":"corroborated","sharedPointerActivityState":"quiet","hidSystemKeyboardActivityObserved":false,"keyboardActivityMonitorHealthy":true,"sharedKeyboardBoundaryCorroborated":true,"sharedKeyboardBoundaryState":"corroborated","sharedKeyboardActivityState":"quiet","sharedInputSeatActivityObserved":false,"spaceUnchanged":true}
2026-08-26T04:16:55.992Z PASS requested pointer evidence lane completed without unknown attribution: {"requestedLane":"deliberate-concurrency","quietObserved":true,"concurrentSharedSeatActivityObserved":false,"unknownObserved":false,"rawCursorPositionsRetained":false,"rawPlatformActivityCountersRetained":false,"rawHidSystemCountersRetained":false,"hidSystemActivityClaimedAsPhysical":false}
2026-08-26T04:16:56.705Z PASS post-run harness source commit matches coordinator binding: exact source SHA matched
2026-08-26T04:16:56.705Z PASS post-run harness checkout is detached: detached HEAD
2026-08-26T04:16:56.705Z PASS post-run harness checkout is clean: tracked, staged, deleted, and untracked sets are empty
2026-08-26T04:16:56.705Z PASS post-run harness source repository passes git fsck: git fsck --full passed
2026-08-26T04:16:56.705Z PASS post-run harness files are exact tracked blobs: runner, native probes, and acceptance finalizer match HEAD blobs
2026-08-26T04:16:56.708Z helper stopped
2026-08-26T04:16:56.708Z PASS helper remained alive until controlled teardown: SIGTERM was sent by the rig
2026-08-26T04:16:56.710Z PASS helper transport disconnected cleanly: helper session and observation were revoked
2026-08-26T04:16:56.710Z PASS helper was never respawned: 1 packaged helper process
2026-08-26T04:16:56.711Z server stopped
2026-08-26T04:16:56.711Z PASS server remained alive until controlled teardown: SIGTERM was sent by the rig
2026-08-26T04:16:56.712Z PASS server listener closed: the evidence port no longer accepts health requests
2026-08-26T04:16:56.712Z PASS app-share handoff records were published and the app was closed before success: the runner and bound app completed the request/start/complete create-once chain
2026-08-26T04:16:56.722Z 230/230 checks passed
2026-08-26T04:16:56.724Z scratch directory removed
