2026-08-29T04:15:25.272Z PASS evidence output parent is an owner-private ordinary directory: the direct evidence parent is ordinary, owner-private, and current-user owned
2026-08-29T04:15:25.274Z PASS evidence output directory is newly created and owner-private: the runner created one private lane output directory
2026-08-29T04:15:26.972Z PASS pre-run harness source commit matches coordinator binding: exact source SHA matched
2026-08-29T04:15:26.972Z PASS pre-run harness checkout is detached: detached HEAD
2026-08-29T04:15:26.972Z PASS pre-run harness checkout is clean: tracked, staged, deleted, and untracked sets are empty
2026-08-29T04:15:26.972Z PASS pre-run harness source repository passes git fsck: git fsck --full passed
2026-08-29T04:15:26.972Z PASS pre-run harness files are exact tracked blobs: runner, native probes, and acceptance finalizer match HEAD blobs
2026-08-29T04:15:26.976Z PASS macOS host: Darwin
2026-08-29T04:15:26.983Z PASS expected checksum-manifest hash format: 64 lowercase hexadecimal characters
2026-08-29T04:15:26.983Z PASS canonical checksum-manifest name: SHA256SUMS.txt
2026-08-29T04:15:26.983Z PASS exact archive name: local-browser-bridge-v0.12.56-macos-universal.tar.gz
2026-08-29T04:15:26.983Z PASS checksum manifest is one bounded current-user-owned ordinary file: ordinary, singly linked, owner-controlled, and within the manifest byte bound
2026-08-29T04:15:26.983Z PASS checksum manifest stayed stable while it was bound: path and descriptor identity, size, links, and timestamps remained unchanged
2026-08-29T04:15:26.983Z PASS out-of-band checksum-manifest hash matches: de672a1af4db2cc7cfd5aa404cb4d922152d430b25c2a54fc8088ffc50c278fa
2026-08-29T04:15:26.983Z PASS checksum manifest has the exact canonical four-entry set: local-browser-bridge-v0.12.56-windows-x86_64.exe,local-computer-helper-v0.12.56-windows-x86_64.exe,local-browser-bridge-v0.12.56-macos-universal.tar.gz,local-browser-bridge-extension-v0.12.56.zip
2026-08-29T04:15:26.983Z PASS canonical manifest contains the macOS archive checksum: 4ce3a384e00a2db0dd379155651f16527be4758413863dbc1e7033f2bfab52a7
2026-08-29T04:15:27.040Z PASS macOS archive bounded exact inventory: seventeen PAX-free regular-file/directory entries passed bounded streaming extraction
2026-08-29T04:15:27.040Z PASS archive checksum is bound by the canonical manifest: 4ce3a384e00a2db0dd379155651f16527be4758413863dbc1e7033f2bfab52a7
2026-08-29T04:15:27.045Z PASS supplied server is archive-exact: f9a7d3b67a4704b20e665450321fd28ca02b36c621fc0f5e4b5d2cedba42055a
2026-08-29T04:15:27.047Z PASS supplied helper is archive-exact: 9df43e1ad0b394e9ca030f7308d275c06259daa885d9941582edf05d3296bb55
2026-08-29T04:15:27.062Z PASS server universal architecture: arm64,x86_64
2026-08-29T04:15:27.062Z PASS helper universal architecture: arm64,x86_64
2026-08-29T04:15:27.062Z PASS helper uses packaged app layout: Local Computer Helper.app
2026-08-29T04:15:27.090Z PASS strict code-signature verification: server, helper executable, and helper app bundle passed strict verification
2026-08-29T04:15:27.098Z PASS helper bundle version: 0.12.56/0.12.56
2026-08-29T04:15:28.154Z PASS system probe foreground-window self-test: AX-focused/main identity wins over same-process app-share auxiliary compositor order
2026-08-29T04:15:28.769Z PASS optional physical-pointer adversarial prompt self-test: source-only optional adversarial prompt cannot satisfy either release lane
2026-08-29T04:15:29.413Z PASS app-share handoff bundle identity: dev.flrngel.local-browser-bridge.acceptance.app-share
2026-08-29T04:15:29.700Z PASS app-share handoff self-test: stable bundle/window/button vocabulary and create-once receipts
2026-08-29T04:15:29.806Z PASS screen-capture permission preflight: preexisting permission; no request was made
2026-08-29T04:15:29.806Z PASS accessibility permission preflight: preexisting permission; no request was made
2026-08-29T04:15:29.806Z PASS active Space probe available: nonzero active Space identity
2026-08-29T04:15:29.806Z PASS sandwiched foreground AX focus probe available: stable NSWorkspace/raw PSN plus exact AX focused/main-window identities are available
2026-08-29T04:16:06.158Z PASS native quiet-seat stabilization completed before candidate execution: 36350 ms across 60 stable native transitions after 0 reset(s)
2026-08-29T04:16:06.489Z PASS server version: 0.12.56
2026-08-29T04:16:06.847Z PASS helper version: 0.12.56
2026-08-29T04:16:07.462Z PASS fixture process identity: state belongs to the spawned fixture
2026-08-29T04:16:07.741Z PASS startup same-PID sibling is the target app's remembered receiver: sibling-main-and-focused=true, fixture-background=true
2026-08-29T04:16:08.695Z PASS packaged helper compatible: protocol-compatible helper 0.12.56
2026-08-29T04:16:08.695Z PASS single helper spawn: 1 packaged helper process
2026-08-29T04:16:08.695Z PASS acknowledged share advertised: computer.share.ack present
2026-08-29T04:16:08.695Z PASS native stream advertised: computer.capture.native-stream.v1 present
2026-08-29T04:16:08.695Z PASS input-delivery provenance advertised: computer.input-delivery-provenance.v1 present
2026-08-29T04:16:08.695Z PASS pointer-activity monitor advertised: computer.pointer-activity-monitor.v1 present
2026-08-29T04:16:09.642Z PASS helper status backend: background-window/ax+skylight+screencapturekit-stream
2026-08-29T04:16:09.642Z PASS background shared-session mode: background-window/shared-user-session/target-routed
2026-08-29T04:16:09.642Z PASS background input backend ready: target-routed input is ready
2026-08-29T04:16:09.642Z PASS semantic backend ready: macos-accessibility is ready without prompting
2026-08-29T04:16:09.642Z PASS fixture exact window discovered: 1 matching windows
2026-08-29T04:16:09.642Z PASS genuine same-PID sibling window discovered: 1 sibling matches, distinct=true
2026-08-29T04:16:09.642Z PASS fixture is a background target: neither same-PID fixture window owns the user's foreground process or front window
2026-08-29T04:16:10.711Z PASS exact fixture window observed: 1209x826
2026-08-29T04:16:10.711Z PASS semantic snapshot available: 4 elements
2026-08-29T04:16:10.713Z PASS semantic value element discovered: AXTextField
2026-08-29T04:16:13.128Z PASS semantic setValue confirmed: Confirmed/value-confirmed
2026-08-29T04:16:13.129Z PASS semantic setValue route, helper-preservation, and shared-pointer invariants: {"cursorPositionUnchanged":true,"foregroundUnchanged":true,"hardwareCursorPreservedByHelper":true,"helperGlobalPointerPreservation":"confirmed","hidSystemPointerActivityObserved":false,"injectedPointerActivityObserved":false,"inputDelivery":{"dispatchAttemptRecorded":true,"exactTargetBound":true,"globalHidInputUsed":false,"hardwareCursorMutationRequested":false,"osAcceptanceObserved":true,"osAcceptanceSignalAvailable":true,"route":"macosAccessibility","sharedInputSeatUsed":false,"supportLevel":"publicDocumented"},"pointerActivityMonitorHealthy":true,"rawInputPointerActivityObserved":false,"sharedPointerActivityObserved":false,"sharedPointerActivityState":"quiet","sharedPointerBoundaryCorroborated":true,"sharedPointerBoundaryState":"corroborated","spaceUnchanged":true,"userFocusUnchanged":true}
2026-08-29T04:16:14.054Z PASS semantic setValue screenshot changed: fresh exact-window pixels differ from the pre-action observation
2026-08-29T04:16:14.054Z PASS semantic action element discovered: AXButton
2026-08-29T04:16:16.467Z PASS semantic invoke target-side proof: fixture semantic counter advanced to 1
2026-08-29T04:16:16.467Z PASS semantic invoke conservatively classified: Partial/element-state-changed
2026-08-29T04:16:16.467Z PASS semantic invoke route, helper-preservation, and shared-pointer invariants: {"cursorPositionUnchanged":true,"foregroundUnchanged":true,"hardwareCursorPreservedByHelper":true,"helperGlobalPointerPreservation":"confirmed","hidSystemPointerActivityObserved":false,"injectedPointerActivityObserved":false,"inputDelivery":{"dispatchAttemptRecorded":true,"exactTargetBound":true,"globalHidInputUsed":false,"hardwareCursorMutationRequested":false,"osAcceptanceObserved":true,"osAcceptanceSignalAvailable":true,"route":"macosAccessibility","sharedInputSeatUsed":false,"supportLevel":"publicDocumented"},"pointerActivityMonitorHealthy":true,"rawInputPointerActivityObserved":false,"sharedPointerActivityObserved":false,"sharedPointerActivityState":"quiet","sharedPointerBoundaryCorroborated":true,"sharedPointerBoundaryState":"corroborated","spaceUnchanged":true,"userFocusUnchanged":true}
2026-08-29T04:16:17.403Z PASS semantic invoke screenshot changed: fresh exact-window pixels differ from the setValue stage
2026-08-29T04:16:19.586Z PASS persistent live share started: persistent-native-stream/exact-window
2026-08-29T04:16:19.586Z PASS SCStream start metadata: macos-screencapturekit-scstream, native=true, indicator-policy=true, selection=programmatic-exact-window
2026-08-29T04:16:19.586Z PASS live share ack pacing: latest-frame-wins, ackPaced=true
2026-08-29T04:16:19.586Z PASS live share cursor policy: system cursor excluded; synthetic session pointer composited
2026-08-29T04:16:20.635Z PASS persistent-share screenshot is fresh: sourceSequence=11
2026-08-29T04:16:22.956Z PASS same-PID sibling is remembered before primary pixel dispatch: sibling-main-and-focused=true, sibling-state-clean=true
2026-08-29T04:16:31.234Z PASS exact active target receiver observed during pixel lease: active-target=true, exact-main-and-focused=true, saved-user-owner=true
2026-08-29T04:16:31.356Z PASS background pixel click targets only primary and restores sibling receiver: only the primary click counter advanced and the target app's prior sibling receiver was restored
2026-08-29T04:16:31.356Z PASS pixel click conservatively classified: Unverifiable
2026-08-29T04:16:31.356Z PASS pixel action bound to persistent share: share=true, source=32
2026-08-29T04:16:31.356Z PASS live-share pixel click route, helper-preservation, and shared-pointer invariants: {"cursorPositionUnchanged":true,"foregroundUnchanged":true,"hardwareCursorPreservedByHelper":true,"helperGlobalPointerPreservation":"confirmed","hidSystemPointerActivityObserved":false,"injectedPointerActivityObserved":false,"inputDelivery":{"dispatchAttemptRecorded":true,"exactTargetBound":true,"globalHidInputUsed":false,"hardwareCursorMutationRequested":false,"osAcceptanceObserved":false,"osAcceptanceSignalAvailable":false,"route":"macosTargetedProcessEvent","sharedInputSeatUsed":false,"supportLevel":"privateUnsupported"},"pointerActivityMonitorHealthy":true,"rawInputPointerActivityObserved":false,"sharedPointerActivityObserved":false,"sharedPointerActivityState":"quiet","sharedPointerBoundaryCorroborated":true,"sharedPointerBoundaryState":"corroborated","spaceUnchanged":true,"userFocusUnchanged":true}
2026-08-29T04:16:31.480Z PASS same-PID pixel routing independent foreground/focus/pointer/Space invariants: {"foregroundUnchanged":true,"userFocusUnchanged":true,"foregroundIdentitySandwichHeld":true,"rawForegroundIdentitySandwichHeld":true,"foregroundAxFocusUnchanged":true,"foregroundAxFrontmostHeld":true,"cursorPositionUnchanged":true,"sharedPointerActivityObserved":false,"hidSystemPointerActivityObserved":false,"rawInputPointerActivityObserved":false,"injectedPointerActivityObserved":false,"pointerActivityMonitorHealthy":true,"sharedPointerBoundaryCorroborated":true,"sharedPointerBoundaryState":"corroborated","sharedPointerActivityState":"quiet","hidSystemKeyboardActivityObserved":false,"keyboardActivityMonitorHealthy":true,"sharedKeyboardBoundaryCorroborated":true,"sharedKeyboardBoundaryState":"corroborated","sharedKeyboardActivityState":"quiet","sharedInputSeatActivityObserved":false,"spaceUnchanged":true}
2026-08-29T04:16:32.302Z PASS native source remained live during input: source +94/drop +91; transport +3
2026-08-29T04:16:32.302Z PASS settled synthetic pointer published: action=click
2026-08-29T04:16:32.306Z PASS live-share action screenshot changed: fresh exact-window pixels include the action stage
2026-08-29T04:16:36.563Z PASS persistent share survived exact-target resize: 720x492 -> 820x552
2026-08-29T04:16:36.563Z PASS settled resize frame matches exact-window geometry: window=820x552, image=1218x820
2026-08-29T04:16:36.567Z PASS resize screenshot dimensions match settled observation: 1218x820
2026-08-29T04:16:36.567Z PASS resize screenshot geometry changed: 1209x826 -> 1218x820
2026-08-29T04:16:44.090Z PASS post-resize pixel click target-side proof: only the exact fixture click counter changed functional state after resize
2026-08-29T04:16:44.090Z PASS post-resize action bound to settled persistent share: frame=true, share=true, source=177
2026-08-29T04:16:44.090Z PASS post-resize pixel click conservatively classified: Unverifiable
2026-08-29T04:16:44.090Z PASS post-resize pixel click route, helper-preservation, and shared-pointer invariants: {"cursorPositionUnchanged":true,"foregroundUnchanged":true,"hardwareCursorPreservedByHelper":true,"helperGlobalPointerPreservation":"confirmed","hidSystemPointerActivityObserved":false,"injectedPointerActivityObserved":false,"inputDelivery":{"dispatchAttemptRecorded":true,"exactTargetBound":true,"globalHidInputUsed":false,"hardwareCursorMutationRequested":false,"osAcceptanceObserved":false,"osAcceptanceSignalAvailable":false,"route":"macosTargetedProcessEvent","sharedInputSeatUsed":false,"supportLevel":"privateUnsupported"},"pointerActivityMonitorHealthy":true,"rawInputPointerActivityObserved":false,"sharedPointerActivityObserved":false,"sharedPointerActivityState":"quiet","sharedPointerBoundaryCorroborated":true,"sharedPointerBoundaryState":"corroborated","spaceUnchanged":true,"userFocusUnchanged":true}
2026-08-29T04:16:44.090Z PASS post-resize pixel action independent foreground/focus/pointer/Space invariants: {"foregroundUnchanged":true,"userFocusUnchanged":true,"foregroundIdentitySandwichHeld":true,"rawForegroundIdentitySandwichHeld":true,"foregroundAxFocusUnchanged":true,"foregroundAxFrontmostHeld":true,"cursorPositionUnchanged":true,"sharedPointerActivityObserved":false,"hidSystemPointerActivityObserved":false,"rawInputPointerActivityObserved":false,"injectedPointerActivityObserved":false,"pointerActivityMonitorHealthy":true,"sharedPointerBoundaryCorroborated":true,"sharedPointerBoundaryState":"corroborated","sharedPointerActivityState":"quiet","hidSystemKeyboardActivityObserved":false,"keyboardActivityMonitorHealthy":true,"sharedKeyboardBoundaryCorroborated":true,"sharedKeyboardBoundaryState":"corroborated","sharedKeyboardActivityState":"quiet","sharedInputSeatActivityObserved":false,"spaceUnchanged":true}
2026-08-29T04:16:44.915Z PASS post-resize action retained resized exact-window stream: window=820x552, image=1218x820
2026-08-29T04:16:45.139Z PASS same-PID sibling is the prior receiver before text preparation: sibling-main-and-focused=true, sibling-state-clean=true
2026-08-29T04:16:45.374Z PASS background fixture field prepared without mutation while sibling remains prior receiver: the primary responder was prepared, the sibling was restored internally, and no target field mutated
2026-08-29T04:16:45.483Z PASS field preparation independent foreground/focus/pointer/Space invariants: {"foregroundUnchanged":true,"userFocusUnchanged":true,"foregroundIdentitySandwichHeld":true,"rawForegroundIdentitySandwichHeld":true,"foregroundAxFocusUnchanged":true,"foregroundAxFrontmostHeld":true,"cursorPositionUnchanged":true,"sharedPointerActivityObserved":false,"hidSystemPointerActivityObserved":false,"rawInputPointerActivityObserved":false,"injectedPointerActivityObserved":false,"pointerActivityMonitorHealthy":true,"sharedPointerBoundaryCorroborated":true,"sharedPointerBoundaryState":"corroborated","sharedPointerActivityState":"quiet","hidSystemKeyboardActivityObserved":false,"keyboardActivityMonitorHealthy":true,"sharedKeyboardBoundaryCorroborated":true,"sharedKeyboardBoundaryState":"corroborated","sharedKeyboardActivityState":"quiet","sharedInputSeatActivityObserved":false,"spaceUnchanged":true}
2026-08-29T04:16:46.223Z PASS same-PID sibling remains the exact prior receiver immediately before text request: sibling-main-and-focused=true
2026-08-29T04:16:51.873Z PASS native typeText exact fixture read-back with zero sibling mutation: appended 20 ASCII characters only to the primary field and restored the prior sibling receiver
2026-08-29T04:16:51.873Z PASS native typeText bounded product result: Unverifiable/exact-window-background, characters=20, utf16=20
2026-08-29T04:16:51.873Z PASS native typeText route, helper-preservation, and shared-pointer invariants: {"cursorPositionUnchanged":true,"foregroundUnchanged":true,"hardwareCursorPreservedByHelper":true,"helperGlobalPointerPreservation":"confirmed","hidSystemPointerActivityObserved":false,"injectedPointerActivityObserved":false,"inputDelivery":{"dispatchAttemptRecorded":true,"exactTargetBound":true,"globalHidInputUsed":false,"hardwareCursorMutationRequested":false,"osAcceptanceObserved":false,"osAcceptanceSignalAvailable":false,"route":"macosTargetedProcessEvent","sharedInputSeatUsed":false,"supportLevel":"privateUnsupported"},"pointerActivityMonitorHealthy":true,"rawInputPointerActivityObserved":false,"sharedPointerActivityObserved":false,"sharedPointerActivityState":"quiet","sharedPointerBoundaryCorroborated":true,"sharedPointerBoundaryState":"corroborated","spaceUnchanged":true,"userFocusUnchanged":true}
2026-08-29T04:16:51.990Z PASS native typeText independent foreground/focus/pointer/Space invariants: {"foregroundUnchanged":true,"userFocusUnchanged":true,"foregroundIdentitySandwichHeld":true,"rawForegroundIdentitySandwichHeld":true,"foregroundAxFocusUnchanged":true,"foregroundAxFrontmostHeld":true,"cursorPositionUnchanged":true,"sharedPointerActivityObserved":false,"hidSystemPointerActivityObserved":false,"rawInputPointerActivityObserved":false,"injectedPointerActivityObserved":false,"pointerActivityMonitorHealthy":true,"sharedPointerBoundaryCorroborated":true,"sharedPointerBoundaryState":"corroborated","sharedPointerActivityState":"quiet","hidSystemKeyboardActivityObserved":false,"keyboardActivityMonitorHealthy":true,"sharedKeyboardBoundaryCorroborated":true,"sharedKeyboardBoundaryState":"corroborated","sharedKeyboardActivityState":"quiet","sharedInputSeatActivityObserved":false,"spaceUnchanged":true}
2026-08-29T04:16:52.709Z PASS native text restore element discovered: AXTextField
2026-08-29T04:16:52.709Z PASS native text restore frame is bound to the persistent share authority: share=true, source=327
2026-08-29T04:16:56.883Z PASS native text fixture value restored: Confirmed/value-confirmed
2026-08-29T04:16:56.883Z PASS native text restore route, helper-preservation, and shared-pointer invariants: {"cursorPositionUnchanged":true,"foregroundUnchanged":true,"hardwareCursorPreservedByHelper":true,"helperGlobalPointerPreservation":"confirmed","hidSystemPointerActivityObserved":false,"injectedPointerActivityObserved":false,"inputDelivery":{"dispatchAttemptRecorded":true,"exactTargetBound":true,"globalHidInputUsed":false,"hardwareCursorMutationRequested":false,"osAcceptanceObserved":true,"osAcceptanceSignalAvailable":true,"route":"macosAccessibility","sharedInputSeatUsed":false,"supportLevel":"publicDocumented"},"pointerActivityMonitorHealthy":true,"rawInputPointerActivityObserved":false,"sharedPointerActivityObserved":false,"sharedPointerActivityState":"quiet","sharedPointerBoundaryCorroborated":true,"sharedPointerBoundaryState":"corroborated","spaceUnchanged":true,"userFocusUnchanged":true}
2026-08-29T04:16:56.883Z PASS native text restore exact fixture state: only the deterministic semantic value was restored
2026-08-29T04:16:57.913Z PASS persistent share sample count: 11 distinct transport frames
2026-08-29T04:16:57.913Z PASS one persistent share authority: 1 share IDs
2026-08-29T04:16:57.913Z PASS share-initial native stream metadata: macos-screencapturekit-scstream, native=true, indicator-policy=true, selection=programmatic-exact-window
2026-08-29T04:16:57.913Z PASS share-initial ack pacing metadata: ack=true, backpressure=latest-frame-wins
2026-08-29T04:16:57.913Z PASS share-cadence-1 native stream metadata: macos-screencapturekit-scstream, native=true, indicator-policy=true, selection=programmatic-exact-window
2026-08-29T04:16:57.913Z PASS share-cadence-1 ack pacing metadata: ack=true, backpressure=latest-frame-wins
2026-08-29T04:16:57.913Z PASS share-cadence-2 native stream metadata: macos-screencapturekit-scstream, native=true, indicator-policy=true, selection=programmatic-exact-window
2026-08-29T04:16:57.913Z PASS share-cadence-2 ack pacing metadata: ack=true, backpressure=latest-frame-wins
2026-08-29T04:16:57.913Z PASS share-after-long-action native stream metadata: macos-screencapturekit-scstream, native=true, indicator-policy=true, selection=programmatic-exact-window
2026-08-29T04:16:57.913Z PASS share-after-long-action ack pacing metadata: ack=true, backpressure=latest-frame-wins
2026-08-29T04:16:57.913Z PASS share-after-resize native stream metadata: macos-screencapturekit-scstream, native=true, indicator-policy=true, selection=programmatic-exact-window
2026-08-29T04:16:57.914Z PASS share-after-resize ack pacing metadata: ack=true, backpressure=latest-frame-wins
2026-08-29T04:16:57.914Z PASS share-resize-settled native stream metadata: macos-screencapturekit-scstream, native=true, indicator-policy=true, selection=programmatic-exact-window
2026-08-29T04:16:57.914Z PASS share-resize-settled ack pacing metadata: ack=true, backpressure=latest-frame-wins
2026-08-29T04:16:57.914Z PASS share-post-resize-cadence native stream metadata: macos-screencapturekit-scstream, native=true, indicator-policy=true, selection=programmatic-exact-window
2026-08-29T04:16:57.914Z PASS share-post-resize-cadence ack pacing metadata: ack=true, backpressure=latest-frame-wins
2026-08-29T04:16:57.914Z PASS share-after-post-resize-action native stream metadata: macos-screencapturekit-scstream, native=true, indicator-policy=true, selection=programmatic-exact-window
2026-08-29T04:16:57.914Z PASS share-after-post-resize-action ack pacing metadata: ack=true, backpressure=latest-frame-wins
2026-08-29T04:16:57.914Z PASS share-after-native-text-focus native stream metadata: macos-screencapturekit-scstream, native=true, indicator-policy=true, selection=programmatic-exact-window
2026-08-29T04:16:57.914Z PASS share-after-native-text-focus ack pacing metadata: ack=true, backpressure=latest-frame-wins
2026-08-29T04:16:57.914Z PASS share-after-native-text-delivery native stream metadata: macos-screencapturekit-scstream, native=true, indicator-policy=true, selection=programmatic-exact-window
2026-08-29T04:16:57.914Z PASS share-after-native-text-delivery ack pacing metadata: ack=true, backpressure=latest-frame-wins
2026-08-29T04:16:57.914Z PASS share-after-native-text-restore native stream metadata: macos-screencapturekit-scstream, native=true, indicator-policy=true, selection=programmatic-exact-window
2026-08-29T04:16:57.914Z PASS share-after-native-text-restore ack pacing metadata: ack=true, backpressure=latest-frame-wins
2026-08-29T04:16:57.914Z PASS share-cadence-1 independent sequences advance: source 11->21, transport 1->2
2026-08-29T04:16:57.914Z PASS share-cadence-1 drop counters are monotonic: source-drop 19->28, transport-drop 0->0
2026-08-29T04:16:57.914Z PASS share-cadence-1 previous frame was acknowledged: previous=1, ack=1, current=2
2026-08-29T04:16:57.914Z PASS share-cadence-2 independent sequences advance: source 21->32, transport 2->3
2026-08-29T04:16:57.914Z PASS share-cadence-2 drop counters are monotonic: source-drop 28->38, transport-drop 0->0
2026-08-29T04:16:57.914Z PASS share-cadence-2 previous frame was acknowledged: previous=2, ack=2, current=3
2026-08-29T04:16:57.914Z PASS share-after-long-action independent sequences advance: source 32->126, transport 3->6
2026-08-29T04:16:57.914Z PASS share-after-long-action drop counters are monotonic: source-drop 38->129, transport-drop 0->0
2026-08-29T04:16:57.914Z PASS share-after-long-action previous frame was acknowledged: previous=3, ack=5, current=6
2026-08-29T04:16:57.914Z PASS share-after-resize independent sequences advance: source 126->146, transport 6->7
2026-08-29T04:16:57.914Z PASS share-after-resize drop counters are monotonic: source-drop 129->149, transport-drop 0->0
2026-08-29T04:16:57.914Z PASS share-after-resize previous frame was acknowledged: previous=6, ack=6, current=7
2026-08-29T04:16:57.914Z PASS share-resize-settled independent sequences advance: source 146->166, transport 7->9
2026-08-29T04:16:57.914Z PASS share-resize-settled drop counters are monotonic: source-drop 149->167, transport-drop 0->0
2026-08-29T04:16:57.914Z PASS share-resize-settled previous frame was acknowledged: previous=7, ack=7, current=9
2026-08-29T04:16:57.914Z PASS share-post-resize-cadence independent sequences advance: source 166->177, transport 9->10
2026-08-29T04:16:57.914Z PASS share-post-resize-cadence drop counters are monotonic: source-drop 167->176, transport-drop 0->1
2026-08-29T04:16:57.914Z PASS share-post-resize-cadence previous frame was acknowledged: previous=9, ack=9, current=10
2026-08-29T04:16:57.914Z PASS share-after-post-resize-action independent sequences advance: source 177->251, transport 10->13
2026-08-29T04:16:57.914Z PASS share-after-post-resize-action drop counters are monotonic: source-drop 176->246, transport-drop 1->1
2026-08-29T04:16:57.914Z PASS share-after-post-resize-action previous frame was acknowledged: previous=10, ack=12, current=13
2026-08-29T04:16:57.914Z PASS share-after-native-text-focus independent sequences advance: source 251->259, transport 13->14
2026-08-29T04:16:57.914Z PASS share-after-native-text-focus drop counters are monotonic: source-drop 246->255, transport-drop 1->1
2026-08-29T04:16:57.914Z PASS share-after-native-text-focus previous frame was acknowledged: previous=13, ack=13, current=14
2026-08-29T04:16:57.914Z PASS share-after-native-text-delivery independent sequences advance: source 259->327, transport 14->17
2026-08-29T04:16:57.914Z PASS share-after-native-text-delivery drop counters are monotonic: source-drop 255->319, transport-drop 1->2
2026-08-29T04:16:57.914Z PASS share-after-native-text-delivery previous frame was acknowledged: previous=14, ack=16, current=17
2026-08-29T04:16:57.914Z PASS share-after-native-text-restore independent sequences advance: source 327->378, transport 17->20
2026-08-29T04:16:57.914Z PASS share-after-native-text-restore drop counters are monotonic: source-drop 319->368, transport-drop 2->2
2026-08-29T04:16:57.914Z PASS share-after-native-text-restore previous frame was acknowledged: previous=17, ack=19, current=20
2026-08-29T04:16:59.016Z PASS share status remains native and ack paced: macos-screencapturekit-scstream, source=388, transport=21
2026-08-29T04:16:59.016Z PASS share status drop domains retained: source-drop=378, transport-drop=2
2026-08-29T04:16:59.016Z PASS cancellation starts from a current resized share frame: share=true, source=378, screenshot-bound=true
2026-08-29T04:16:59.126Z PASS bounded fixture mouse-move instrumentation ready: baseline=61
2026-08-29T04:17:09.391Z FATAL fixture target-routed cancellation move dispatch timed out
2026-08-29T04:17:09.396Z helper stopped
2026-08-29T04:17:09.397Z server stopped
2026-08-29T04:17:09.401Z fixture stopped
2026-08-29T04:17:09.403Z scratch directory removed
