2026-08-29T03:02:31.461Z PASS evidence output parent is an owner-private ordinary directory: the direct evidence parent is ordinary, owner-private, and current-user owned
2026-08-29T03:02:31.464Z PASS evidence output directory is newly created and owner-private: the runner created one private lane output directory
2026-08-29T03:02:32.938Z PASS pre-run harness source commit matches coordinator binding: exact source SHA matched
2026-08-29T03:02:32.938Z PASS pre-run harness checkout is detached: detached HEAD
2026-08-29T03:02:32.938Z PASS pre-run harness checkout is clean: tracked, staged, deleted, and untracked sets are empty
2026-08-29T03:02:32.938Z PASS pre-run harness source repository passes git fsck: git fsck --full passed
2026-08-29T03:02:32.938Z PASS pre-run harness files are exact tracked blobs: runner, native probes, and acceptance finalizer match HEAD blobs
2026-08-29T03:02:32.941Z PASS macOS host: Darwin
2026-08-29T03:02:32.948Z PASS expected checksum-manifest hash format: 64 lowercase hexadecimal characters
2026-08-29T03:02:32.948Z PASS canonical checksum-manifest name: SHA256SUMS.txt
2026-08-29T03:02:32.948Z PASS exact archive name: local-browser-bridge-v0.12.52-macos-universal.tar.gz
2026-08-29T03:02:32.948Z PASS checksum manifest is one bounded current-user-owned ordinary file: ordinary, singly linked, owner-controlled, and within the manifest byte bound
2026-08-29T03:02:32.948Z PASS checksum manifest stayed stable while it was bound: path and descriptor identity, size, links, and timestamps remained unchanged
2026-08-29T03:02:32.949Z PASS out-of-band checksum-manifest hash matches: e5ea450b30ff877ef3718390a383b5aeb54409fdf4312332ab5b3c205cde985c
2026-08-29T03:02:32.949Z PASS checksum manifest has the exact canonical four-entry set: local-browser-bridge-v0.12.52-windows-x86_64.exe,local-computer-helper-v0.12.52-windows-x86_64.exe,local-browser-bridge-v0.12.52-macos-universal.tar.gz,local-browser-bridge-extension-v0.12.52.zip
2026-08-29T03:02:32.949Z PASS canonical manifest contains the macOS archive checksum: 8dd29d2d16a864d9b5f9e74e841df9f019f97d83d49fdf20cb04db08b0c3d63a
2026-08-29T03:02:33.014Z PASS macOS archive bounded exact inventory: seventeen PAX-free regular-file/directory entries passed bounded streaming extraction
2026-08-29T03:02:33.014Z PASS archive checksum is bound by the canonical manifest: 8dd29d2d16a864d9b5f9e74e841df9f019f97d83d49fdf20cb04db08b0c3d63a
2026-08-29T03:02:33.019Z PASS supplied server is archive-exact: 02e3eb36b2de33b11f295b39b095a1ec89d2f3d5e806aac4154cc213b036533f
2026-08-29T03:02:33.021Z PASS supplied helper is archive-exact: 7169e8b7c58283c241605ef4f35562fce978e8e051741c5dfe7920b89e4d57ff
2026-08-29T03:02:33.035Z PASS server universal architecture: arm64,x86_64
2026-08-29T03:02:33.035Z PASS helper universal architecture: arm64,x86_64
2026-08-29T03:02:33.035Z PASS helper uses packaged app layout: Local Computer Helper.app
2026-08-29T03:02:33.063Z PASS strict code-signature verification: server, helper executable, and helper app bundle passed strict verification
2026-08-29T03:02:33.072Z PASS helper bundle version: 0.12.52/0.12.52
2026-08-29T03:02:34.125Z PASS system probe foreground-window self-test: AX-focused/main identity wins over same-process app-share auxiliary compositor order
2026-08-29T03:02:34.787Z PASS optional physical-pointer adversarial prompt self-test: source-only optional adversarial prompt cannot satisfy either release lane
2026-08-29T03:02:35.432Z PASS app-share handoff bundle identity: dev.flrngel.local-browser-bridge.acceptance.app-share
2026-08-29T03:02:35.634Z PASS app-share handoff self-test: stable bundle/window/button vocabulary and create-once receipts
2026-08-29T03:02:35.744Z PASS screen-capture permission preflight: preexisting permission; no request was made
2026-08-29T03:02:35.744Z PASS accessibility permission preflight: preexisting permission; no request was made
2026-08-29T03:02:35.744Z PASS active Space probe available: nonzero active Space identity
2026-08-29T03:02:35.744Z PASS sandwiched foreground AX focus probe available: stable NSWorkspace/raw PSN plus exact AX focused/main-window identities are available
2026-08-29T03:03:12.160Z PASS native quiet-seat stabilization completed before candidate execution: 36415 ms across 60 stable native transitions after 0 reset(s)
2026-08-29T03:03:12.534Z PASS server version: 0.12.52
2026-08-29T03:03:12.738Z PASS helper version: 0.12.52
2026-08-29T03:03:13.352Z PASS fixture process identity: state belongs to the spawned fixture
2026-08-29T03:03:13.562Z PASS startup same-PID sibling is the target app's remembered receiver: sibling-main-and-focused=true, fixture-background=true
2026-08-29T03:03:14.621Z PASS packaged helper compatible: protocol-compatible helper 0.12.52
2026-08-29T03:03:14.621Z PASS single helper spawn: 1 packaged helper process
2026-08-29T03:03:14.621Z PASS acknowledged share advertised: computer.share.ack present
2026-08-29T03:03:14.621Z PASS native stream advertised: computer.capture.native-stream.v1 present
2026-08-29T03:03:14.621Z PASS input-delivery provenance advertised: computer.input-delivery-provenance.v1 present
2026-08-29T03:03:14.621Z PASS pointer-activity monitor advertised: computer.pointer-activity-monitor.v1 present
2026-08-29T03:03:15.625Z PASS helper status backend: background-window/ax+skylight+screencapturekit-stream
2026-08-29T03:03:15.625Z PASS background shared-session mode: background-window/shared-user-session/target-routed
2026-08-29T03:03:15.626Z PASS background input backend ready: target-routed input is ready
2026-08-29T03:03:15.626Z PASS semantic backend ready: macos-accessibility is ready without prompting
2026-08-29T03:03:15.626Z PASS fixture exact window discovered: 1 matching windows
2026-08-29T03:03:15.626Z PASS genuine same-PID sibling window discovered: 1 sibling matches, distinct=true
2026-08-29T03:03:15.626Z PASS fixture is a background target: neither same-PID fixture window owns the user's foreground process or front window
2026-08-29T03:03:16.730Z PASS exact fixture window observed: 1209x826
2026-08-29T03:03:16.730Z PASS semantic snapshot available: 4 elements
2026-08-29T03:03:16.733Z PASS semantic value element discovered: AXTextField
2026-08-29T03:03:19.180Z PASS semantic setValue confirmed: Confirmed/value-confirmed
2026-08-29T03:03:19.180Z PASS semantic setValue route, helper-preservation, and shared-pointer invariants: {"cursorPositionUnchanged":true,"foregroundUnchanged":true,"hardwareCursorPreservedByHelper":true,"helperGlobalPointerPreservation":"confirmed","hidSystemPointerActivityObserved":false,"injectedPointerActivityObserved":false,"inputDelivery":{"dispatchAttemptRecorded":true,"exactTargetBound":true,"globalHidInputUsed":false,"hardwareCursorMutationRequested":false,"osAcceptanceObserved":true,"osAcceptanceSignalAvailable":true,"route":"macosAccessibility","sharedInputSeatUsed":false,"supportLevel":"publicDocumented"},"pointerActivityMonitorHealthy":true,"rawInputPointerActivityObserved":false,"sharedPointerActivityObserved":false,"sharedPointerActivityState":"quiet","sharedPointerBoundaryCorroborated":true,"sharedPointerBoundaryState":"corroborated","spaceUnchanged":true,"userFocusUnchanged":true}
2026-08-29T03:03:20.125Z PASS semantic setValue screenshot changed: fresh exact-window pixels differ from the pre-action observation
2026-08-29T03:03:20.125Z PASS semantic action element discovered: AXButton
2026-08-29T03:03:22.770Z PASS semantic invoke target-side proof: fixture semantic counter advanced to 1
2026-08-29T03:03:22.770Z PASS semantic invoke conservatively classified: Partial/element-state-changed
2026-08-29T03:03:22.770Z PASS semantic invoke route, helper-preservation, and shared-pointer invariants: {"cursorPositionUnchanged":true,"foregroundUnchanged":true,"hardwareCursorPreservedByHelper":true,"helperGlobalPointerPreservation":"confirmed","hidSystemPointerActivityObserved":false,"injectedPointerActivityObserved":false,"inputDelivery":{"dispatchAttemptRecorded":true,"exactTargetBound":true,"globalHidInputUsed":false,"hardwareCursorMutationRequested":false,"osAcceptanceObserved":true,"osAcceptanceSignalAvailable":true,"route":"macosAccessibility","sharedInputSeatUsed":false,"supportLevel":"publicDocumented"},"pointerActivityMonitorHealthy":true,"rawInputPointerActivityObserved":false,"sharedPointerActivityObserved":false,"sharedPointerActivityState":"quiet","sharedPointerBoundaryCorroborated":true,"sharedPointerBoundaryState":"corroborated","spaceUnchanged":true,"userFocusUnchanged":true}
2026-08-29T03:03:23.823Z PASS semantic invoke screenshot changed: fresh exact-window pixels differ from the setValue stage
2026-08-29T03:03:26.153Z PASS persistent live share started: persistent-native-stream/exact-window
2026-08-29T03:03:26.154Z PASS SCStream start metadata: macos-screencapturekit-scstream, native=true, indicator-policy=true, selection=programmatic-exact-window
2026-08-29T03:03:26.154Z PASS live share ack pacing: latest-frame-wins, ackPaced=true
2026-08-29T03:03:26.154Z PASS live share cursor policy: system cursor excluded; synthetic session pointer composited
2026-08-29T03:03:27.303Z PASS persistent-share screenshot is fresh: sourceSequence=12
2026-08-29T03:03:30.876Z PASS same-PID sibling is remembered before primary pixel dispatch: sibling-main-and-focused=true, sibling-state-clean=true
2026-08-29T03:03:36.970Z PASS exact active target receiver observed during pixel lease: active-target=true, exact-main-and-focused=true, saved-user-owner=true
2026-08-29T03:03:37.079Z PASS background pixel click targets only primary and restores sibling receiver: only the primary click counter advanced and the target app's prior sibling receiver was restored
2026-08-29T03:03:37.079Z PASS pixel click conservatively classified: Unverifiable
2026-08-29T03:03:37.079Z PASS pixel action bound to persistent share: share=true, source=44
2026-08-29T03:03:37.079Z PASS live-share pixel click route, helper-preservation, and shared-pointer invariants: {"cursorPositionUnchanged":true,"foregroundUnchanged":true,"hardwareCursorPreservedByHelper":true,"helperGlobalPointerPreservation":"confirmed","hidSystemPointerActivityObserved":false,"injectedPointerActivityObserved":false,"inputDelivery":{"dispatchAttemptRecorded":true,"exactTargetBound":true,"globalHidInputUsed":false,"hardwareCursorMutationRequested":false,"osAcceptanceObserved":false,"osAcceptanceSignalAvailable":false,"route":"macosTargetedProcessEvent","sharedInputSeatUsed":false,"supportLevel":"privateUnsupported"},"pointerActivityMonitorHealthy":true,"rawInputPointerActivityObserved":false,"sharedPointerActivityObserved":false,"sharedPointerActivityState":"quiet","sharedPointerBoundaryCorroborated":true,"sharedPointerBoundaryState":"corroborated","spaceUnchanged":true,"userFocusUnchanged":true}
2026-08-29T03:03:37.176Z PASS same-PID pixel routing independent foreground/focus/pointer/Space invariants: {"foregroundUnchanged":true,"userFocusUnchanged":true,"foregroundIdentitySandwichHeld":true,"rawForegroundIdentitySandwichHeld":true,"foregroundAxFocusUnchanged":true,"foregroundAxFrontmostHeld":true,"cursorPositionUnchanged":true,"sharedPointerActivityObserved":false,"hidSystemPointerActivityObserved":false,"rawInputPointerActivityObserved":false,"injectedPointerActivityObserved":false,"pointerActivityMonitorHealthy":true,"sharedPointerBoundaryCorroborated":true,"sharedPointerBoundaryState":"corroborated","sharedPointerActivityState":"quiet","hidSystemKeyboardActivityObserved":false,"keyboardActivityMonitorHealthy":true,"sharedKeyboardBoundaryCorroborated":true,"sharedKeyboardBoundaryState":"corroborated","sharedKeyboardActivityState":"quiet","sharedInputSeatActivityObserved":false,"spaceUnchanged":true}
2026-08-29T03:03:38.004Z PASS native source remained live during input: source +74/drop +69; transport +3
2026-08-29T03:03:38.004Z PASS settled synthetic pointer published: action=click
2026-08-29T03:03:38.006Z PASS live-share action screenshot changed: fresh exact-window pixels include the action stage
2026-08-29T03:03:41.518Z PASS persistent share survived exact-target resize: 720x492 -> 820x552
2026-08-29T03:03:41.518Z PASS settled resize frame matches exact-window geometry: window=820x552, image=1218x820
2026-08-29T03:03:41.520Z PASS resize screenshot dimensions match settled observation: 1218x820
2026-08-29T03:03:41.520Z PASS resize screenshot geometry changed: 1209x826 -> 1218x820
2026-08-29T03:03:48.410Z PASS post-resize pixel click target-side proof: only the exact fixture click counter changed functional state after resize
2026-08-29T03:03:48.410Z PASS post-resize action bound to settled persistent share: frame=true, share=true, source=162
2026-08-29T03:03:48.410Z PASS post-resize pixel click conservatively classified: Unverifiable
2026-08-29T03:03:48.410Z PASS post-resize pixel click route, helper-preservation, and shared-pointer invariants: {"cursorPositionUnchanged":true,"foregroundUnchanged":true,"hardwareCursorPreservedByHelper":true,"helperGlobalPointerPreservation":"confirmed","hidSystemPointerActivityObserved":false,"injectedPointerActivityObserved":false,"inputDelivery":{"dispatchAttemptRecorded":true,"exactTargetBound":true,"globalHidInputUsed":false,"hardwareCursorMutationRequested":false,"osAcceptanceObserved":false,"osAcceptanceSignalAvailable":false,"route":"macosTargetedProcessEvent","sharedInputSeatUsed":false,"supportLevel":"privateUnsupported"},"pointerActivityMonitorHealthy":true,"rawInputPointerActivityObserved":false,"sharedPointerActivityObserved":false,"sharedPointerActivityState":"quiet","sharedPointerBoundaryCorroborated":true,"sharedPointerBoundaryState":"corroborated","spaceUnchanged":true,"userFocusUnchanged":true}
2026-08-29T03:03:48.410Z PASS post-resize pixel action independent foreground/focus/pointer/Space invariants: {"foregroundUnchanged":true,"userFocusUnchanged":true,"foregroundIdentitySandwichHeld":true,"rawForegroundIdentitySandwichHeld":true,"foregroundAxFocusUnchanged":true,"foregroundAxFrontmostHeld":true,"cursorPositionUnchanged":true,"sharedPointerActivityObserved":false,"hidSystemPointerActivityObserved":false,"rawInputPointerActivityObserved":false,"injectedPointerActivityObserved":false,"pointerActivityMonitorHealthy":true,"sharedPointerBoundaryCorroborated":true,"sharedPointerBoundaryState":"corroborated","sharedPointerActivityState":"quiet","hidSystemKeyboardActivityObserved":false,"keyboardActivityMonitorHealthy":true,"sharedKeyboardBoundaryCorroborated":true,"sharedKeyboardBoundaryState":"corroborated","sharedKeyboardActivityState":"quiet","sharedInputSeatActivityObserved":false,"spaceUnchanged":true}
2026-08-29T03:03:49.342Z PASS post-resize action retained resized exact-window stream: window=820x552, image=1218x820
2026-08-29T03:03:49.576Z PASS same-PID sibling is the prior receiver before text preparation: sibling-main-and-focused=true, sibling-state-clean=true
2026-08-29T03:03:49.793Z PASS background fixture field prepared without mutation while sibling remains prior receiver: the primary responder was prepared, the sibling was restored internally, and no target field mutated
2026-08-29T03:03:49.909Z PASS field preparation independent foreground/focus/pointer/Space invariants: {"foregroundUnchanged":true,"userFocusUnchanged":true,"foregroundIdentitySandwichHeld":true,"rawForegroundIdentitySandwichHeld":true,"foregroundAxFocusUnchanged":true,"foregroundAxFrontmostHeld":true,"cursorPositionUnchanged":true,"sharedPointerActivityObserved":false,"hidSystemPointerActivityObserved":false,"rawInputPointerActivityObserved":false,"injectedPointerActivityObserved":false,"pointerActivityMonitorHealthy":true,"sharedPointerBoundaryCorroborated":true,"sharedPointerBoundaryState":"corroborated","sharedPointerActivityState":"quiet","hidSystemKeyboardActivityObserved":false,"keyboardActivityMonitorHealthy":true,"sharedKeyboardBoundaryCorroborated":true,"sharedKeyboardBoundaryState":"corroborated","sharedKeyboardActivityState":"quiet","sharedInputSeatActivityObserved":false,"spaceUnchanged":true}
2026-08-29T03:03:50.643Z PASS same-PID sibling remains the exact prior receiver immediately before text request: sibling-main-and-focused=true
2026-08-29T03:03:56.414Z PASS native typeText exact fixture read-back with zero sibling mutation: appended 20 ASCII characters only to the primary field and restored the prior sibling receiver
2026-08-29T03:03:56.414Z PASS native typeText bounded product result: Unverifiable/exact-window-background, characters=20, utf16=20
2026-08-29T03:03:56.414Z PASS native typeText route, helper-preservation, and shared-pointer invariants: {"cursorPositionUnchanged":true,"foregroundUnchanged":true,"hardwareCursorPreservedByHelper":true,"helperGlobalPointerPreservation":"confirmed","hidSystemPointerActivityObserved":false,"injectedPointerActivityObserved":false,"inputDelivery":{"dispatchAttemptRecorded":true,"exactTargetBound":true,"globalHidInputUsed":false,"hardwareCursorMutationRequested":false,"osAcceptanceObserved":false,"osAcceptanceSignalAvailable":false,"route":"macosTargetedProcessEvent","sharedInputSeatUsed":false,"supportLevel":"privateUnsupported"},"pointerActivityMonitorHealthy":true,"rawInputPointerActivityObserved":false,"sharedPointerActivityObserved":false,"sharedPointerActivityState":"quiet","sharedPointerBoundaryCorroborated":true,"sharedPointerBoundaryState":"corroborated","spaceUnchanged":true,"userFocusUnchanged":true}
2026-08-29T03:03:56.509Z PASS native typeText independent foreground/focus/pointer/Space invariants: {"foregroundUnchanged":true,"userFocusUnchanged":true,"foregroundIdentitySandwichHeld":true,"rawForegroundIdentitySandwichHeld":true,"foregroundAxFocusUnchanged":true,"foregroundAxFrontmostHeld":true,"cursorPositionUnchanged":true,"sharedPointerActivityObserved":false,"hidSystemPointerActivityObserved":false,"rawInputPointerActivityObserved":false,"injectedPointerActivityObserved":false,"pointerActivityMonitorHealthy":true,"sharedPointerBoundaryCorroborated":true,"sharedPointerBoundaryState":"corroborated","sharedPointerActivityState":"quiet","hidSystemKeyboardActivityObserved":false,"keyboardActivityMonitorHealthy":true,"sharedKeyboardBoundaryCorroborated":true,"sharedKeyboardBoundaryState":"corroborated","sharedKeyboardActivityState":"quiet","sharedInputSeatActivityObserved":false,"spaceUnchanged":true}
2026-08-29T03:03:57.333Z PASS native text restore element discovered: AXTextField
2026-08-29T03:03:57.333Z PASS native text restore frame is bound to the persistent share authority: share=true, source=309
2026-08-29T03:04:02.288Z PASS native text fixture value restored: Confirmed/value-confirmed
2026-08-29T03:04:02.288Z PASS native text restore route, helper-preservation, and shared-pointer invariants: {"cursorPositionUnchanged":true,"foregroundUnchanged":true,"hardwareCursorPreservedByHelper":true,"helperGlobalPointerPreservation":"confirmed","hidSystemPointerActivityObserved":false,"injectedPointerActivityObserved":false,"inputDelivery":{"dispatchAttemptRecorded":true,"exactTargetBound":true,"globalHidInputUsed":false,"hardwareCursorMutationRequested":false,"osAcceptanceObserved":true,"osAcceptanceSignalAvailable":true,"route":"macosAccessibility","sharedInputSeatUsed":false,"supportLevel":"publicDocumented"},"pointerActivityMonitorHealthy":true,"rawInputPointerActivityObserved":false,"sharedPointerActivityObserved":false,"sharedPointerActivityState":"quiet","sharedPointerBoundaryCorroborated":true,"sharedPointerBoundaryState":"corroborated","spaceUnchanged":true,"userFocusUnchanged":true}
2026-08-29T03:04:02.288Z PASS native text restore exact fixture state: only the deterministic semantic value was restored
2026-08-29T03:04:03.424Z PASS persistent share sample count: 11 distinct transport frames
2026-08-29T03:04:03.424Z PASS one persistent share authority: 1 share IDs
2026-08-29T03:04:03.424Z PASS share-initial native stream metadata: macos-screencapturekit-scstream, native=true, indicator-policy=true, selection=programmatic-exact-window
2026-08-29T03:04:03.424Z PASS share-initial ack pacing metadata: ack=true, backpressure=latest-frame-wins
2026-08-29T03:04:03.424Z PASS share-cadence-1 native stream metadata: macos-screencapturekit-scstream, native=true, indicator-policy=true, selection=programmatic-exact-window
2026-08-29T03:04:03.424Z PASS share-cadence-1 ack pacing metadata: ack=true, backpressure=latest-frame-wins
2026-08-29T03:04:03.424Z PASS share-cadence-2 native stream metadata: macos-screencapturekit-scstream, native=true, indicator-policy=true, selection=programmatic-exact-window
2026-08-29T03:04:03.424Z PASS share-cadence-2 ack pacing metadata: ack=true, backpressure=latest-frame-wins
2026-08-29T03:04:03.424Z PASS share-after-long-action native stream metadata: macos-screencapturekit-scstream, native=true, indicator-policy=true, selection=programmatic-exact-window
2026-08-29T03:04:03.424Z PASS share-after-long-action ack pacing metadata: ack=true, backpressure=latest-frame-wins
2026-08-29T03:04:03.424Z PASS share-after-resize native stream metadata: macos-screencapturekit-scstream, native=true, indicator-policy=true, selection=programmatic-exact-window
2026-08-29T03:04:03.424Z PASS share-after-resize ack pacing metadata: ack=true, backpressure=latest-frame-wins
2026-08-29T03:04:03.424Z PASS share-resize-settled native stream metadata: macos-screencapturekit-scstream, native=true, indicator-policy=true, selection=programmatic-exact-window
2026-08-29T03:04:03.424Z PASS share-resize-settled ack pacing metadata: ack=true, backpressure=latest-frame-wins
2026-08-29T03:04:03.424Z PASS share-post-resize-cadence native stream metadata: macos-screencapturekit-scstream, native=true, indicator-policy=true, selection=programmatic-exact-window
2026-08-29T03:04:03.424Z PASS share-post-resize-cadence ack pacing metadata: ack=true, backpressure=latest-frame-wins
2026-08-29T03:04:03.424Z PASS share-after-post-resize-action native stream metadata: macos-screencapturekit-scstream, native=true, indicator-policy=true, selection=programmatic-exact-window
2026-08-29T03:04:03.424Z PASS share-after-post-resize-action ack pacing metadata: ack=true, backpressure=latest-frame-wins
2026-08-29T03:04:03.424Z PASS share-after-native-text-focus native stream metadata: macos-screencapturekit-scstream, native=true, indicator-policy=true, selection=programmatic-exact-window
2026-08-29T03:04:03.424Z PASS share-after-native-text-focus ack pacing metadata: ack=true, backpressure=latest-frame-wins
2026-08-29T03:04:03.424Z PASS share-after-native-text-delivery native stream metadata: macos-screencapturekit-scstream, native=true, indicator-policy=true, selection=programmatic-exact-window
2026-08-29T03:04:03.424Z PASS share-after-native-text-delivery ack pacing metadata: ack=true, backpressure=latest-frame-wins
2026-08-29T03:04:03.424Z PASS share-after-native-text-restore native stream metadata: macos-screencapturekit-scstream, native=true, indicator-policy=true, selection=programmatic-exact-window
2026-08-29T03:04:03.424Z PASS share-after-native-text-restore ack pacing metadata: ack=true, backpressure=latest-frame-wins
2026-08-29T03:04:03.424Z PASS share-cadence-1 independent sequences advance: source 12->33, transport 1->3
2026-08-29T03:04:03.424Z PASS share-cadence-1 drop counters are monotonic: source-drop 20->40, transport-drop 0->0
2026-08-29T03:04:03.424Z PASS share-cadence-1 previous frame was acknowledged: previous=1, ack=1, current=3
2026-08-29T03:04:03.424Z PASS share-cadence-2 independent sequences advance: source 33->44, transport 3->4
2026-08-29T03:04:03.424Z PASS share-cadence-2 drop counters are monotonic: source-drop 40->51, transport-drop 0->1
2026-08-29T03:04:03.424Z PASS share-cadence-2 previous frame was acknowledged: previous=3, ack=3, current=4
2026-08-29T03:04:03.424Z PASS share-after-long-action independent sequences advance: source 44->118, transport 4->7
2026-08-29T03:04:03.424Z PASS share-after-long-action drop counters are monotonic: source-drop 51->120, transport-drop 1->1
2026-08-29T03:04:03.424Z PASS share-after-long-action previous frame was acknowledged: previous=4, ack=6, current=7
2026-08-29T03:04:03.424Z PASS share-after-resize independent sequences advance: source 118->139, transport 7->8
2026-08-29T03:04:03.425Z PASS share-after-resize drop counters are monotonic: source-drop 120->142, transport-drop 1->1
2026-08-29T03:04:03.425Z PASS share-after-resize previous frame was acknowledged: previous=7, ack=7, current=8
2026-08-29T03:04:03.425Z PASS share-resize-settled independent sequences advance: source 139->150, transport 8->9
2026-08-29T03:04:03.425Z PASS share-resize-settled drop counters are monotonic: source-drop 142->153, transport-drop 1->1
2026-08-29T03:04:03.425Z PASS share-resize-settled previous frame was acknowledged: previous=8, ack=8, current=9
2026-08-29T03:04:03.425Z PASS share-post-resize-cadence independent sequences advance: source 150->162, transport 9->10
2026-08-29T03:04:03.425Z PASS share-post-resize-cadence drop counters are monotonic: source-drop 153->164, transport-drop 1->1
2026-08-29T03:04:03.425Z PASS share-post-resize-cadence previous frame was acknowledged: previous=9, ack=9, current=10
2026-08-29T03:04:03.425Z PASS share-after-post-resize-action independent sequences advance: source 162->229, transport 10->13
2026-08-29T03:04:03.425Z PASS share-after-post-resize-action drop counters are monotonic: source-drop 164->226, transport-drop 1->1
2026-08-29T03:04:03.425Z PASS share-after-post-resize-action previous frame was acknowledged: previous=10, ack=12, current=13
2026-08-29T03:04:03.425Z PASS share-after-native-text-focus independent sequences advance: source 229->240, transport 13->14
2026-08-29T03:04:03.425Z PASS share-after-native-text-focus drop counters are monotonic: source-drop 226->235, transport-drop 1->1
2026-08-29T03:04:03.425Z PASS share-after-native-text-focus previous frame was acknowledged: previous=13, ack=13, current=14
2026-08-29T03:04:03.425Z PASS share-after-native-text-delivery independent sequences advance: source 240->309, transport 14->17
2026-08-29T03:04:03.425Z PASS share-after-native-text-delivery drop counters are monotonic: source-drop 235->301, transport-drop 1->1
2026-08-29T03:04:03.425Z PASS share-after-native-text-delivery previous frame was acknowledged: previous=14, ack=16, current=17
2026-08-29T03:04:03.425Z PASS share-after-native-text-restore independent sequences advance: source 309->368, transport 17->20
2026-08-29T03:04:03.425Z PASS share-after-native-text-restore drop counters are monotonic: source-drop 301->358, transport-drop 1->2
2026-08-29T03:04:03.425Z PASS share-after-native-text-restore previous frame was acknowledged: previous=17, ack=19, current=20
2026-08-29T03:04:04.440Z PASS share status remains native and ack paced: macos-screencapturekit-scstream, source=378, transport=21
2026-08-29T03:04:04.441Z PASS share status drop domains retained: source-drop=368, transport-drop=2
2026-08-29T03:04:04.441Z PASS cancellation starts from a current resized share frame: share=true, source=368, screenshot-bound=true
2026-08-29T03:04:04.542Z PASS bounded fixture mouse-move instrumentation ready: baseline=61
2026-08-29T03:04:14.793Z FATAL fixture target-routed cancellation move dispatch timed out
2026-08-29T03:04:14.798Z helper stopped
2026-08-29T03:04:14.800Z server stopped
2026-08-29T03:04:14.803Z fixture stopped
2026-08-29T03:04:14.806Z scratch directory removed
