2026-08-26T04:11:14.148Z PASS evidence output parent is an owner-private ordinary directory: the direct evidence parent is ordinary, owner-private, and current-user owned
2026-08-26T04:11:14.150Z PASS evidence output directory is newly created and owner-private: the runner created one private lane output directory
2026-08-26T04:11:14.835Z PASS pre-run harness source commit matches coordinator binding: exact source SHA matched
2026-08-26T04:11:14.835Z PASS pre-run harness checkout is detached: detached HEAD
2026-08-26T04:11:14.835Z PASS pre-run harness checkout is clean: tracked, staged, deleted, and untracked sets are empty
2026-08-26T04:11:14.835Z PASS pre-run harness source repository passes git fsck: git fsck --full passed
2026-08-26T04:11:14.835Z PASS pre-run harness files are exact tracked blobs: runner, native probes, and acceptance finalizer match HEAD blobs
2026-08-26T04:11:14.838Z PASS macOS host: Darwin
2026-08-26T04:11:14.844Z PASS expected checksum-manifest hash format: 64 lowercase hexadecimal characters
2026-08-26T04:11:14.845Z PASS canonical checksum-manifest name: SHA256SUMS.txt
2026-08-26T04:11:14.845Z PASS exact archive name: local-browser-bridge-v0.12.30-macos-universal.tar.gz
2026-08-26T04:11:14.845Z PASS checksum manifest is one bounded current-user-owned ordinary file: ordinary, singly linked, owner-controlled, and within the manifest byte bound
2026-08-26T04:11:14.845Z PASS checksum manifest stayed stable while it was bound: path and descriptor identity, size, links, and timestamps remained unchanged
2026-08-26T04:11:14.845Z PASS out-of-band checksum-manifest hash matches: c80c42db588f0ce121390e04893c041821aa67c6c8af796a64a85be9112c2632
2026-08-26T04:11:14.845Z PASS checksum manifest has the exact canonical four-entry set: local-browser-bridge-v0.12.30-windows-x86_64.exe,local-computer-helper-v0.12.30-windows-x86_64.exe,local-browser-bridge-v0.12.30-macos-universal.tar.gz,local-browser-bridge-extension-v0.12.30.zip
2026-08-26T04:11:14.845Z PASS canonical manifest contains the macOS archive checksum: f92338c794c489eb8df992bd91a3e28a9cd78c5aeda5b0b98e651d2a0f7d2fe5
2026-08-26T04:11:14.887Z PASS macOS archive bounded exact inventory: ten PAX-free regular-file/directory entries passed bounded streaming extraction
2026-08-26T04:11:14.887Z PASS archive checksum is bound by the canonical manifest: f92338c794c489eb8df992bd91a3e28a9cd78c5aeda5b0b98e651d2a0f7d2fe5
2026-08-26T04:11:14.891Z PASS supplied server is archive-exact: d4e73891ae0483a4379552dab476b7d01876e9aa51406ee7e7f3fec6f84418cb
2026-08-26T04:11:14.893Z PASS supplied helper is archive-exact: 39beb5cece0018c6c85298845dd2858e8167b0916ff61177e02ba93774781aa0
2026-08-26T04:11:14.906Z PASS server universal architecture: arm64,x86_64
2026-08-26T04:11:14.906Z PASS helper universal architecture: arm64,x86_64
2026-08-26T04:11:14.906Z PASS helper uses packaged app layout: Local Computer Helper.app
2026-08-26T04:11:14.930Z PASS strict code-signature verification: server, helper executable, and helper app bundle passed strict verification
2026-08-26T04:11:14.937Z PASS helper bundle version: 0.12.30/0.12.30
2026-08-26T04:11:16.740Z PASS optional physical-pointer adversarial prompt self-test: source-only optional adversarial prompt cannot satisfy either release lane
2026-08-26T04:11:17.363Z PASS app-share handoff bundle identity: dev.flrngel.local-browser-bridge.acceptance.app-share
2026-08-26T04:11:17.576Z PASS app-share handoff self-test: stable bundle/window/button vocabulary and create-once receipts
2026-08-26T04:11:17.928Z PASS screen-capture permission preflight: preexisting permission; no request was made
2026-08-26T04:11:17.928Z PASS accessibility permission preflight: preexisting permission; no request was made
2026-08-26T04:11:17.928Z PASS active Space probe available: nonzero active Space identity
2026-08-26T04:11:17.928Z PASS sandwiched foreground AX focus probe available: stable NSWorkspace/raw PSN plus exact AX focused/main-window identities are available
2026-08-26T04:11:18.006Z Pointer, foreground, focus, or Space activity reset the native quiet-seat epoch; no candidate process has started.
2026-08-26T04:11:18.649Z Pointer, foreground, focus, or Space activity reset the native quiet-seat epoch; no candidate process has started.
2026-08-26T04:11:19.259Z Pointer, foreground, focus, or Space activity reset the native quiet-seat epoch; no candidate process has started.
2026-08-26T04:11:19.854Z Pointer, foreground, focus, or Space activity reset the native quiet-seat epoch; no candidate process has started.
2026-08-26T04:11:20.448Z Pointer, foreground, focus, or Space activity reset the native quiet-seat epoch; no candidate process has started.
2026-08-26T04:11:21.063Z Pointer, foreground, focus, or Space activity reset the native quiet-seat epoch; no candidate process has started.
2026-08-26T04:11:21.655Z Pointer, foreground, focus, or Space activity reset the native quiet-seat epoch; no candidate process has started.
2026-08-26T04:11:22.267Z Pointer, foreground, focus, or Space activity reset the native quiet-seat epoch; no candidate process has started.
2026-08-26T04:11:22.900Z Pointer, foreground, focus, or Space activity reset the native quiet-seat epoch; no candidate process has started.
2026-08-26T04:11:23.518Z Pointer, foreground, focus, or Space activity reset the native quiet-seat epoch; no candidate process has started.
2026-08-26T04:11:24.107Z Pointer, foreground, focus, or Space activity reset the native quiet-seat epoch; no candidate process has started.
2026-08-26T04:11:24.715Z Pointer, foreground, focus, or Space activity reset the native quiet-seat epoch; no candidate process has started.
2026-08-26T04:11:25.359Z Pointer, foreground, focus, or Space activity reset the native quiet-seat epoch; no candidate process has started.
2026-08-26T04:11:26.608Z Pointer, foreground, focus, or Space activity reset the native quiet-seat epoch; no candidate process has started.
2026-08-26T04:11:27.206Z Pointer, foreground, focus, or Space activity reset the native quiet-seat epoch; no candidate process has started.
2026-08-26T04:11:27.816Z Pointer, foreground, focus, or Space activity reset the native quiet-seat epoch; no candidate process has started.
2026-08-26T04:11:28.408Z Pointer, foreground, focus, or Space activity reset the native quiet-seat epoch; no candidate process has started.
2026-08-26T04:11:28.999Z Pointer, foreground, focus, or Space activity reset the native quiet-seat epoch; no candidate process has started.
2026-08-26T04:11:29.601Z Pointer, foreground, focus, or Space activity reset the native quiet-seat epoch; no candidate process has started.
2026-08-26T04:11:30.196Z Pointer, foreground, focus, or Space activity reset the native quiet-seat epoch; no candidate process has started.
2026-08-26T04:11:30.833Z Pointer, foreground, focus, or Space activity reset the native quiet-seat epoch; no candidate process has started.
2026-08-26T04:11:31.432Z Pointer, foreground, focus, or Space activity reset the native quiet-seat epoch; no candidate process has started.
2026-08-26T04:11:32.070Z Pointer, foreground, focus, or Space activity reset the native quiet-seat epoch; no candidate process has started.
2026-08-26T04:11:32.681Z Pointer, foreground, focus, or Space activity reset the native quiet-seat epoch; no candidate process has started.
2026-08-26T04:11:33.311Z Pointer, foreground, focus, or Space activity reset the native quiet-seat epoch; no candidate process has started.
2026-08-26T04:11:33.918Z Pointer, foreground, focus, or Space activity reset the native quiet-seat epoch; no candidate process has started.
2026-08-26T04:11:34.518Z Pointer, foreground, focus, or Space activity reset the native quiet-seat epoch; no candidate process has started.
2026-08-26T04:11:35.131Z Pointer, foreground, focus, or Space activity reset the native quiet-seat epoch; no candidate process has started.
2026-08-26T04:11:35.723Z Pointer, foreground, focus, or Space activity reset the native quiet-seat epoch; no candidate process has started.
2026-08-26T04:11:36.332Z Pointer, foreground, focus, or Space activity reset the native quiet-seat epoch; no candidate process has started.
2026-08-26T04:11:36.941Z Pointer, foreground, focus, or Space activity reset the native quiet-seat epoch; no candidate process has started.
2026-08-26T04:11:37.547Z Pointer, foreground, focus, or Space activity reset the native quiet-seat epoch; no candidate process has started.
2026-08-26T04:11:38.148Z Pointer, foreground, focus, or Space activity reset the native quiet-seat epoch; no candidate process has started.
2026-08-26T04:11:38.743Z Pointer, foreground, focus, or Space activity reset the native quiet-seat epoch; no candidate process has started.
2026-08-26T04:11:39.349Z Pointer, foreground, focus, or Space activity reset the native quiet-seat epoch; no candidate process has started.
2026-08-26T04:11:39.965Z Pointer, foreground, focus, or Space activity reset the native quiet-seat epoch; no candidate process has started.
2026-08-26T04:11:40.600Z Pointer, foreground, focus, or Space activity reset the native quiet-seat epoch; no candidate process has started.
2026-08-26T04:11:41.203Z Pointer, foreground, focus, or Space activity reset the native quiet-seat epoch; no candidate process has started.
2026-08-26T04:11:41.801Z Pointer, foreground, focus, or Space activity reset the native quiet-seat epoch; no candidate process has started.
2026-08-26T04:11:42.434Z Pointer, foreground, focus, or Space activity reset the native quiet-seat epoch; no candidate process has started.
2026-08-26T04:11:43.031Z Pointer, foreground, focus, or Space activity reset the native quiet-seat epoch; no candidate process has started.
2026-08-26T04:11:43.643Z Pointer, foreground, focus, or Space activity reset the native quiet-seat epoch; no candidate process has started.
2026-08-26T04:11:44.266Z Pointer, foreground, focus, or Space activity reset the native quiet-seat epoch; no candidate process has started.
2026-08-26T04:11:44.901Z Pointer, foreground, focus, or Space activity reset the native quiet-seat epoch; no candidate process has started.
2026-08-26T04:11:45.537Z Pointer, foreground, focus, or Space activity reset the native quiet-seat epoch; no candidate process has started.
2026-08-26T04:11:46.165Z Pointer, foreground, focus, or Space activity reset the native quiet-seat epoch; no candidate process has started.
2026-08-26T04:11:46.816Z Pointer, foreground, focus, or Space activity reset the native quiet-seat epoch; no candidate process has started.
2026-08-26T04:11:47.406Z Pointer, foreground, focus, or Space activity reset the native quiet-seat epoch; no candidate process has started.
2026-08-26T04:11:48.052Z Pointer, foreground, focus, or Space activity reset the native quiet-seat epoch; no candidate process has started.
2026-08-26T04:11:49.946Z Pointer, foreground, focus, or Space activity reset the native quiet-seat epoch; no candidate process has started.
2026-08-26T04:11:50.569Z Pointer, foreground, focus, or Space activity reset the native quiet-seat epoch; no candidate process has started.
2026-08-26T04:11:51.218Z Pointer, foreground, focus, or Space activity reset the native quiet-seat epoch; no candidate process has started.
2026-08-26T04:11:51.839Z Pointer, foreground, focus, or Space activity reset the native quiet-seat epoch; no candidate process has started.
2026-08-26T04:11:52.447Z Pointer, foreground, focus, or Space activity reset the native quiet-seat epoch; no candidate process has started.
2026-08-26T04:11:53.071Z Pointer, foreground, focus, or Space activity reset the native quiet-seat epoch; no candidate process has started.
2026-08-26T04:11:53.674Z Pointer, foreground, focus, or Space activity reset the native quiet-seat epoch; no candidate process has started.
2026-08-26T04:11:54.258Z Pointer, foreground, focus, or Space activity reset the native quiet-seat epoch; no candidate process has started.
2026-08-26T04:11:54.854Z Pointer, foreground, focus, or Space activity reset the native quiet-seat epoch; no candidate process has started.
2026-08-26T04:11:55.484Z Pointer, foreground, focus, or Space activity reset the native quiet-seat epoch; no candidate process has started.
2026-08-26T04:11:56.104Z Pointer, foreground, focus, or Space activity reset the native quiet-seat epoch; no candidate process has started.
2026-08-26T04:11:56.693Z Pointer, foreground, focus, or Space activity reset the native quiet-seat epoch; no candidate process has started.
2026-08-26T04:11:57.299Z Pointer, foreground, focus, or Space activity reset the native quiet-seat epoch; no candidate process has started.
2026-08-26T04:11:57.901Z Pointer, foreground, focus, or Space activity reset the native quiet-seat epoch; no candidate process has started.
2026-08-26T04:11:58.492Z Pointer, foreground, focus, or Space activity reset the native quiet-seat epoch; no candidate process has started.
2026-08-26T04:11:59.077Z Pointer, foreground, focus, or Space activity reset the native quiet-seat epoch; no candidate process has started.
2026-08-26T04:11:59.682Z Pointer, foreground, focus, or Space activity reset the native quiet-seat epoch; no candidate process has started.
2026-08-26T04:12:00.268Z Pointer, foreground, focus, or Space activity reset the native quiet-seat epoch; no candidate process has started.
2026-08-26T04:12:00.868Z Pointer, foreground, focus, or Space activity reset the native quiet-seat epoch; no candidate process has started.
2026-08-26T04:12:01.483Z Pointer, foreground, focus, or Space activity reset the native quiet-seat epoch; no candidate process has started.
2026-08-26T04:12:02.115Z Pointer, foreground, focus, or Space activity reset the native quiet-seat epoch; no candidate process has started.
2026-08-26T04:12:02.750Z Pointer, foreground, focus, or Space activity reset the native quiet-seat epoch; no candidate process has started.
2026-08-26T04:12:03.384Z Pointer, foreground, focus, or Space activity reset the native quiet-seat epoch; no candidate process has started.
2026-08-26T04:12:04.022Z Pointer, foreground, focus, or Space activity reset the native quiet-seat epoch; no candidate process has started.
2026-08-26T04:12:05.303Z Pointer, foreground, focus, or Space activity reset the native quiet-seat epoch; no candidate process has started.
2026-08-26T04:12:05.919Z Pointer, foreground, focus, or Space activity reset the native quiet-seat epoch; no candidate process has started.
2026-08-26T04:12:06.523Z Pointer, foreground, focus, or Space activity reset the native quiet-seat epoch; no candidate process has started.
2026-08-26T04:12:07.165Z Pointer, foreground, focus, or Space activity reset the native quiet-seat epoch; no candidate process has started.
2026-08-26T04:12:07.779Z Pointer, foreground, focus, or Space activity reset the native quiet-seat epoch; no candidate process has started.
2026-08-26T04:12:08.380Z Pointer, foreground, focus, or Space activity reset the native quiet-seat epoch; no candidate process has started.
2026-08-26T04:12:08.971Z Pointer, foreground, focus, or Space activity reset the native quiet-seat epoch; no candidate process has started.
2026-08-26T04:12:09.586Z Pointer, foreground, focus, or Space activity reset the native quiet-seat epoch; no candidate process has started.
2026-08-26T04:12:10.203Z Pointer, foreground, focus, or Space activity reset the native quiet-seat epoch; no candidate process has started.
2026-08-26T04:12:10.793Z Pointer, foreground, focus, or Space activity reset the native quiet-seat epoch; no candidate process has started.
2026-08-26T04:12:11.377Z Pointer, foreground, focus, or Space activity reset the native quiet-seat epoch; no candidate process has started.
2026-08-26T04:12:11.999Z Pointer, foreground, focus, or Space activity reset the native quiet-seat epoch; no candidate process has started.
2026-08-26T04:12:12.636Z Pointer, foreground, focus, or Space activity reset the native quiet-seat epoch; no candidate process has started.
2026-08-26T04:12:13.262Z Pointer, foreground, focus, or Space activity reset the native quiet-seat epoch; no candidate process has started.
2026-08-26T04:12:13.869Z Pointer, foreground, focus, or Space activity reset the native quiet-seat epoch; no candidate process has started.
2026-08-26T04:12:14.459Z Pointer, foreground, focus, or Space activity reset the native quiet-seat epoch; no candidate process has started.
2026-08-26T04:12:15.058Z Pointer, foreground, focus, or Space activity reset the native quiet-seat epoch; no candidate process has started.
2026-08-26T04:12:15.658Z Pointer, foreground, focus, or Space activity reset the native quiet-seat epoch; no candidate process has started.
2026-08-26T04:12:16.264Z Pointer, foreground, focus, or Space activity reset the native quiet-seat epoch; no candidate process has started.
2026-08-26T04:12:16.853Z Pointer, foreground, focus, or Space activity reset the native quiet-seat epoch; no candidate process has started.
2026-08-26T04:12:17.457Z Pointer, foreground, focus, or Space activity reset the native quiet-seat epoch; no candidate process has started.
2026-08-26T04:12:53.461Z PASS native quiet-seat stabilization completed before candidate execution: 36004 ms across 60 stable native transitions after 94 reset(s)
2026-08-26T04:12:53.785Z PASS server version: 0.12.30
2026-08-26T04:12:53.981Z PASS helper version: 0.12.30
2026-08-26T04:12:54.590Z PASS fixture process identity: state belongs to the spawned fixture
2026-08-26T04:12:54.780Z PASS startup same-PID sibling is the target app's remembered receiver: sibling-main-and-focused=true, fixture-background=true
2026-08-26T04:12:55.109Z PASS packaged helper compatible: protocol-compatible helper 0.12.30
2026-08-26T04:12:55.109Z PASS single helper spawn: 1 packaged helper process
2026-08-26T04:12:55.109Z PASS acknowledged share advertised: computer.share.ack present
2026-08-26T04:12:55.109Z PASS native stream advertised: computer.capture.native-stream.v1 present
2026-08-26T04:12:55.109Z PASS input-delivery provenance advertised: computer.input-delivery-provenance.v1 present
2026-08-26T04:12:55.109Z PASS pointer-activity monitor advertised: computer.pointer-activity-monitor.v1 present
2026-08-26T04:12:55.328Z PASS helper status backend: background-window/ax+skylight+screencapturekit-stream
2026-08-26T04:12:55.328Z PASS background shared-session mode: background-window/shared-user-session/target-routed
2026-08-26T04:12:55.328Z PASS background input backend ready: target-routed input is ready
2026-08-26T04:12:55.328Z PASS semantic backend ready: macos-accessibility is ready without prompting
2026-08-26T04:12:55.328Z PASS fixture exact window discovered: 1 matching windows
2026-08-26T04:12:55.329Z PASS genuine same-PID sibling window discovered: 1 sibling matches, distinct=true
2026-08-26T04:12:55.329Z PASS fixture is a background target: neither same-PID fixture window owns the user's foreground process or front window
2026-08-26T04:12:55.640Z PASS exact fixture window observed: 1209x826
2026-08-26T04:12:55.640Z PASS semantic snapshot available: 4 elements
2026-08-26T04:12:55.644Z PASS semantic value element discovered: AXTextField
2026-08-26T04:12:56.530Z PASS semantic setValue confirmed: Confirmed/value-confirmed
2026-08-26T04:12:56.530Z PASS semantic setValue route, helper-preservation, and shared-pointer invariants: {"cursorPositionUnchanged":true,"foregroundUnchanged":true,"hardwareCursorPreservedByHelper":true,"helperGlobalPointerPreservation":"confirmed","hidSystemPointerActivityObserved":false,"injectedPointerActivityObserved":false,"inputDelivery":{"dispatchAttemptRecorded":true,"exactTargetBound":true,"globalHidInputUsed":false,"hardwareCursorMutationRequested":false,"osAcceptanceObserved":true,"osAcceptanceSignalAvailable":true,"route":"macosAccessibility","sharedInputSeatUsed":false,"supportLevel":"publicDocumented"},"pointerActivityMonitorHealthy":true,"rawInputPointerActivityObserved":false,"sharedPointerActivityObserved":false,"sharedPointerActivityState":"quiet","sharedPointerBoundaryCorroborated":true,"sharedPointerBoundaryState":"corroborated","spaceUnchanged":true,"userFocusUnchanged":true}
2026-08-26T04:12:56.773Z PASS semantic setValue screenshot changed: fresh exact-window pixels differ from the pre-action observation
2026-08-26T04:12:56.773Z PASS semantic action element discovered: AXButton
2026-08-26T04:12:57.759Z PASS semantic invoke target-side proof: fixture semantic counter advanced to 1
2026-08-26T04:12:57.759Z PASS semantic invoke conservatively classified: Partial/element-state-changed
2026-08-26T04:12:57.759Z PASS semantic invoke route, helper-preservation, and shared-pointer invariants: {"cursorPositionUnchanged":true,"foregroundUnchanged":true,"hardwareCursorPreservedByHelper":true,"helperGlobalPointerPreservation":"confirmed","hidSystemPointerActivityObserved":false,"injectedPointerActivityObserved":false,"inputDelivery":{"dispatchAttemptRecorded":true,"exactTargetBound":true,"globalHidInputUsed":false,"hardwareCursorMutationRequested":false,"osAcceptanceObserved":true,"osAcceptanceSignalAvailable":true,"route":"macosAccessibility","sharedInputSeatUsed":false,"supportLevel":"publicDocumented"},"pointerActivityMonitorHealthy":true,"rawInputPointerActivityObserved":false,"sharedPointerActivityObserved":false,"sharedPointerActivityState":"quiet","sharedPointerBoundaryCorroborated":true,"sharedPointerBoundaryState":"corroborated","spaceUnchanged":true,"userFocusUnchanged":true}
2026-08-26T04:12:58.000Z PASS semantic invoke screenshot changed: fresh exact-window pixels differ from the setValue stage
2026-08-26T04:12:58.696Z PASS persistent live share started: persistent-native-stream/exact-window
2026-08-26T04:12:58.696Z PASS SCStream start metadata: macos-screencapturekit-scstream, native=true, indicator-policy=true, selection=programmatic-exact-window
2026-08-26T04:12:58.696Z PASS live share ack pacing: latest-frame-wins, ackPaced=true
2026-08-26T04:12:58.696Z PASS live share cursor policy: system cursor excluded; synthetic session pointer composited
2026-08-26T04:12:59.009Z PASS persistent-share screenshot is fresh: sourceSequence=4
2026-08-26T04:12:59.690Z PASS same-PID sibling is remembered before primary pixel dispatch: sibling-main-and-focused=true, sibling-state-clean=true
2026-08-26T04:13:02.439Z PASS exact active target receiver observed during pixel lease: active-target=true, exact-main-and-focused=true, saved-user-owner=true
2026-08-26T04:13:02.515Z PASS background pixel click targets only primary and restores sibling receiver: only the primary click counter advanced and the target app's prior sibling receiver was restored
2026-08-26T04:13:02.515Z PASS pixel click conservatively classified: Unverifiable
2026-08-26T04:13:02.515Z PASS pixel action bound to persistent share: share=true, source=9
2026-08-26T04:13:02.515Z PASS live-share pixel click route, helper-preservation, and shared-pointer invariants: {"cursorPositionUnchanged":true,"foregroundUnchanged":true,"hardwareCursorPreservedByHelper":true,"helperGlobalPointerPreservation":"confirmed","hidSystemPointerActivityObserved":false,"injectedPointerActivityObserved":false,"inputDelivery":{"dispatchAttemptRecorded":true,"exactTargetBound":true,"globalHidInputUsed":false,"hardwareCursorMutationRequested":false,"osAcceptanceObserved":false,"osAcceptanceSignalAvailable":false,"route":"macosTargetedProcessEvent","sharedInputSeatUsed":false,"supportLevel":"privateUnsupported"},"pointerActivityMonitorHealthy":true,"rawInputPointerActivityObserved":false,"sharedPointerActivityObserved":false,"sharedPointerActivityState":"quiet","sharedPointerBoundaryCorroborated":true,"sharedPointerBoundaryState":"corroborated","spaceUnchanged":true,"userFocusUnchanged":true}
2026-08-26T04:13:02.587Z PASS same-PID pixel routing independent foreground/focus/pointer/Space invariants: {"foregroundUnchanged":true,"userFocusUnchanged":true,"foregroundIdentitySandwichHeld":true,"rawForegroundIdentitySandwichHeld":true,"foregroundAxFocusUnchanged":true,"foregroundAxFrontmostHeld":true,"cursorPositionUnchanged":true,"sharedPointerActivityObserved":false,"hidSystemPointerActivityObserved":false,"rawInputPointerActivityObserved":false,"injectedPointerActivityObserved":false,"pointerActivityMonitorHealthy":true,"sharedPointerBoundaryCorroborated":true,"sharedPointerBoundaryState":"corroborated","sharedPointerActivityState":"quiet","hidSystemKeyboardActivityObserved":false,"keyboardActivityMonitorHealthy":true,"sharedKeyboardBoundaryCorroborated":true,"sharedKeyboardBoundaryState":"corroborated","sharedKeyboardActivityState":"quiet","sharedInputSeatActivityObserved":false,"spaceUnchanged":true}
2026-08-26T04:13:02.795Z PASS native source remained live during input: source +32/drop +28; transport +4
2026-08-26T04:13:02.795Z PASS settled synthetic pointer published: action=click
2026-08-26T04:13:02.797Z PASS live-share action screenshot changed: fresh exact-window pixels include the action stage
2026-08-26T04:13:03.802Z PASS persistent share survived exact-target resize: 720x492 -> 820x552
2026-08-26T04:13:03.802Z PASS settled resize frame matches exact-window geometry: window=820x552, image=1218x820
2026-08-26T04:13:03.804Z PASS resize screenshot dimensions match settled observation: 1218x820
2026-08-26T04:13:03.804Z PASS resize screenshot geometry changed: 1209x826 -> 1218x820
2026-08-26T04:13:06.103Z PASS post-resize pixel click target-side proof: only the exact fixture click counter changed functional state after resize
2026-08-26T04:13:06.103Z PASS post-resize action bound to settled persistent share: frame=true, share=true, source=53
2026-08-26T04:13:06.103Z PASS post-resize pixel click conservatively classified: Unverifiable
2026-08-26T04:13:06.103Z PASS post-resize pixel click route, helper-preservation, and shared-pointer invariants: {"cursorPositionUnchanged":true,"foregroundUnchanged":true,"hardwareCursorPreservedByHelper":true,"helperGlobalPointerPreservation":"confirmed","hidSystemPointerActivityObserved":false,"injectedPointerActivityObserved":false,"inputDelivery":{"dispatchAttemptRecorded":true,"exactTargetBound":true,"globalHidInputUsed":false,"hardwareCursorMutationRequested":false,"osAcceptanceObserved":false,"osAcceptanceSignalAvailable":false,"route":"macosTargetedProcessEvent","sharedInputSeatUsed":false,"supportLevel":"privateUnsupported"},"pointerActivityMonitorHealthy":true,"rawInputPointerActivityObserved":false,"sharedPointerActivityObserved":false,"sharedPointerActivityState":"quiet","sharedPointerBoundaryCorroborated":true,"sharedPointerBoundaryState":"corroborated","spaceUnchanged":true,"userFocusUnchanged":true}
2026-08-26T04:13:06.103Z PASS post-resize pixel action independent foreground/focus/pointer/Space invariants: {"foregroundUnchanged":true,"userFocusUnchanged":true,"foregroundIdentitySandwichHeld":true,"rawForegroundIdentitySandwichHeld":true,"foregroundAxFocusUnchanged":true,"foregroundAxFrontmostHeld":true,"cursorPositionUnchanged":true,"sharedPointerActivityObserved":false,"hidSystemPointerActivityObserved":false,"rawInputPointerActivityObserved":false,"injectedPointerActivityObserved":false,"pointerActivityMonitorHealthy":true,"sharedPointerBoundaryCorroborated":true,"sharedPointerBoundaryState":"corroborated","sharedPointerActivityState":"quiet","hidSystemKeyboardActivityObserved":false,"keyboardActivityMonitorHealthy":true,"sharedKeyboardBoundaryCorroborated":true,"sharedKeyboardBoundaryState":"corroborated","sharedKeyboardActivityState":"quiet","sharedInputSeatActivityObserved":false,"spaceUnchanged":true}
2026-08-26T04:13:06.311Z PASS post-resize action retained resized exact-window stream: window=820x552, image=1218x820
2026-08-26T04:13:06.460Z PASS same-PID sibling is the prior receiver before text preparation: sibling-main-and-focused=true, sibling-state-clean=true
2026-08-26T04:13:06.641Z PASS background fixture field prepared without mutation while sibling remains prior receiver: the primary responder was prepared, the sibling was restored internally, and no target field mutated
2026-08-26T04:13:06.714Z PASS field preparation independent foreground/focus/pointer/Space invariants: {"foregroundUnchanged":true,"userFocusUnchanged":true,"foregroundIdentitySandwichHeld":true,"rawForegroundIdentitySandwichHeld":true,"foregroundAxFocusUnchanged":true,"foregroundAxFrontmostHeld":true,"cursorPositionUnchanged":true,"sharedPointerActivityObserved":false,"hidSystemPointerActivityObserved":false,"rawInputPointerActivityObserved":false,"injectedPointerActivityObserved":false,"pointerActivityMonitorHealthy":true,"sharedPointerBoundaryCorroborated":true,"sharedPointerBoundaryState":"corroborated","sharedPointerActivityState":"quiet","hidSystemKeyboardActivityObserved":false,"keyboardActivityMonitorHealthy":true,"sharedKeyboardBoundaryCorroborated":true,"sharedKeyboardBoundaryState":"corroborated","sharedKeyboardActivityState":"quiet","sharedInputSeatActivityObserved":false,"spaceUnchanged":true}
2026-08-26T04:13:06.967Z PASS same-PID sibling remains the exact prior receiver immediately before text request: sibling-main-and-focused=true
2026-08-26T04:13:08.679Z PASS native typeText exact fixture read-back with zero sibling mutation: appended 20 ASCII characters only to the primary field and restored the prior sibling receiver
2026-08-26T04:13:08.679Z PASS native typeText bounded product result: Unverifiable/exact-window-background, characters=20, utf16=20
2026-08-26T04:13:08.679Z PASS native typeText route, helper-preservation, and shared-pointer invariants: {"cursorPositionUnchanged":true,"foregroundUnchanged":true,"hardwareCursorPreservedByHelper":true,"helperGlobalPointerPreservation":"confirmed","hidSystemPointerActivityObserved":false,"injectedPointerActivityObserved":false,"inputDelivery":{"dispatchAttemptRecorded":true,"exactTargetBound":true,"globalHidInputUsed":false,"hardwareCursorMutationRequested":false,"osAcceptanceObserved":false,"osAcceptanceSignalAvailable":false,"route":"macosTargetedProcessEvent","sharedInputSeatUsed":false,"supportLevel":"privateUnsupported"},"pointerActivityMonitorHealthy":true,"rawInputPointerActivityObserved":false,"sharedPointerActivityObserved":false,"sharedPointerActivityState":"quiet","sharedPointerBoundaryCorroborated":true,"sharedPointerBoundaryState":"corroborated","spaceUnchanged":true,"userFocusUnchanged":true}
2026-08-26T04:13:08.752Z PASS native typeText independent foreground/focus/pointer/Space invariants: {"foregroundUnchanged":true,"userFocusUnchanged":true,"foregroundIdentitySandwichHeld":true,"rawForegroundIdentitySandwichHeld":true,"foregroundAxFocusUnchanged":true,"foregroundAxFrontmostHeld":true,"cursorPositionUnchanged":true,"sharedPointerActivityObserved":false,"hidSystemPointerActivityObserved":false,"rawInputPointerActivityObserved":false,"injectedPointerActivityObserved":false,"pointerActivityMonitorHealthy":true,"sharedPointerBoundaryCorroborated":true,"sharedPointerBoundaryState":"corroborated","sharedPointerActivityState":"quiet","hidSystemKeyboardActivityObserved":false,"keyboardActivityMonitorHealthy":true,"sharedKeyboardBoundaryCorroborated":true,"sharedKeyboardBoundaryState":"corroborated","sharedKeyboardActivityState":"quiet","sharedInputSeatActivityObserved":false,"spaceUnchanged":true}
2026-08-26T04:13:08.960Z PASS native text restore element discovered: AXTextField
2026-08-26T04:13:08.960Z PASS native text restore frame is bound to the persistent share authority: share=true, source=101
2026-08-26T04:13:10.136Z PASS native text fixture value restored: Confirmed/value-confirmed
2026-08-26T04:13:10.136Z PASS native text restore route, helper-preservation, and shared-pointer invariants: {"cursorPositionUnchanged":true,"foregroundUnchanged":true,"hardwareCursorPreservedByHelper":true,"helperGlobalPointerPreservation":"confirmed","hidSystemPointerActivityObserved":false,"injectedPointerActivityObserved":false,"inputDelivery":{"dispatchAttemptRecorded":true,"exactTargetBound":true,"globalHidInputUsed":false,"hardwareCursorMutationRequested":false,"osAcceptanceObserved":true,"osAcceptanceSignalAvailable":true,"route":"macosAccessibility","sharedInputSeatUsed":false,"supportLevel":"publicDocumented"},"pointerActivityMonitorHealthy":true,"rawInputPointerActivityObserved":false,"sharedPointerActivityObserved":false,"sharedPointerActivityState":"quiet","sharedPointerBoundaryCorroborated":true,"sharedPointerBoundaryState":"corroborated","spaceUnchanged":true,"userFocusUnchanged":true}
2026-08-26T04:13:10.137Z PASS native text restore exact fixture state: only the deterministic semantic value was restored
2026-08-26T04:13:10.446Z PASS persistent share sample count: 11 distinct transport frames
2026-08-26T04:13:10.446Z PASS one persistent share authority: 1 share IDs
2026-08-26T04:13:10.446Z PASS share-initial native stream metadata: macos-screencapturekit-scstream, native=true, indicator-policy=true, selection=programmatic-exact-window
2026-08-26T04:13:10.446Z PASS share-initial ack pacing metadata: ack=true, backpressure=latest-frame-wins
2026-08-26T04:13:10.446Z PASS share-cadence-1 native stream metadata: macos-screencapturekit-scstream, native=true, indicator-policy=true, selection=programmatic-exact-window
2026-08-26T04:13:10.446Z PASS share-cadence-1 ack pacing metadata: ack=true, backpressure=latest-frame-wins
2026-08-26T04:13:10.446Z PASS share-cadence-2 native stream metadata: macos-screencapturekit-scstream, native=true, indicator-policy=true, selection=programmatic-exact-window
2026-08-26T04:13:10.446Z PASS share-cadence-2 ack pacing metadata: ack=true, backpressure=latest-frame-wins
2026-08-26T04:13:10.446Z PASS share-after-long-action native stream metadata: macos-screencapturekit-scstream, native=true, indicator-policy=true, selection=programmatic-exact-window
2026-08-26T04:13:10.446Z PASS share-after-long-action ack pacing metadata: ack=true, backpressure=latest-frame-wins
2026-08-26T04:13:10.446Z PASS share-after-resize native stream metadata: macos-screencapturekit-scstream, native=true, indicator-policy=true, selection=programmatic-exact-window
2026-08-26T04:13:10.446Z PASS share-after-resize ack pacing metadata: ack=true, backpressure=latest-frame-wins
2026-08-26T04:13:10.446Z PASS share-resize-settled native stream metadata: macos-screencapturekit-scstream, native=true, indicator-policy=true, selection=programmatic-exact-window
2026-08-26T04:13:10.446Z PASS share-resize-settled ack pacing metadata: ack=true, backpressure=latest-frame-wins
2026-08-26T04:13:10.446Z PASS share-post-resize-cadence native stream metadata: macos-screencapturekit-scstream, native=true, indicator-policy=true, selection=programmatic-exact-window
2026-08-26T04:13:10.446Z PASS share-post-resize-cadence ack pacing metadata: ack=true, backpressure=latest-frame-wins
2026-08-26T04:13:10.446Z PASS share-after-post-resize-action native stream metadata: macos-screencapturekit-scstream, native=true, indicator-policy=true, selection=programmatic-exact-window
2026-08-26T04:13:10.446Z PASS share-after-post-resize-action ack pacing metadata: ack=true, backpressure=latest-frame-wins
2026-08-26T04:13:10.446Z PASS share-after-native-text-focus native stream metadata: macos-screencapturekit-scstream, native=true, indicator-policy=true, selection=programmatic-exact-window
2026-08-26T04:13:10.446Z PASS share-after-native-text-focus ack pacing metadata: ack=true, backpressure=latest-frame-wins
2026-08-26T04:13:10.447Z PASS share-after-native-text-delivery native stream metadata: macos-screencapturekit-scstream, native=true, indicator-policy=true, selection=programmatic-exact-window
2026-08-26T04:13:10.447Z PASS share-after-native-text-delivery ack pacing metadata: ack=true, backpressure=latest-frame-wins
2026-08-26T04:13:10.447Z PASS share-after-native-text-restore native stream metadata: macos-screencapturekit-scstream, native=true, indicator-policy=true, selection=programmatic-exact-window
2026-08-26T04:13:10.447Z PASS share-after-native-text-restore ack pacing metadata: ack=true, backpressure=latest-frame-wins
2026-08-26T04:13:10.447Z PASS share-cadence-1 independent sequences advance: source 4->6, transport 1->2
2026-08-26T04:13:10.447Z PASS share-cadence-1 drop counters are monotonic: source-drop 4->5, transport-drop 0->0
2026-08-26T04:13:10.447Z PASS share-cadence-1 previous frame was acknowledged: previous=1, ack=1, current=2
2026-08-26T04:13:10.447Z PASS share-cadence-2 independent sequences advance: source 6->9, transport 2->3
2026-08-26T04:13:10.447Z PASS share-cadence-2 drop counters are monotonic: source-drop 5->7, transport-drop 0->0
2026-08-26T04:13:10.447Z PASS share-cadence-2 previous frame was acknowledged: previous=2, ack=2, current=3
2026-08-26T04:13:10.447Z PASS share-after-long-action independent sequences advance: source 9->41, transport 3->7
2026-08-26T04:13:10.447Z PASS share-after-long-action drop counters are monotonic: source-drop 7->35, transport-drop 0->0
2026-08-26T04:13:10.447Z PASS share-after-long-action previous frame was acknowledged: previous=3, ack=6, current=7
2026-08-26T04:13:10.447Z PASS share-after-resize independent sequences advance: source 41->49, transport 7->9
2026-08-26T04:13:10.447Z PASS share-after-resize drop counters are monotonic: source-drop 35->41, transport-drop 0->0
2026-08-26T04:13:10.447Z PASS share-after-resize previous frame was acknowledged: previous=7, ack=8, current=9
2026-08-26T04:13:10.447Z PASS share-resize-settled independent sequences advance: source 49->51, transport 9->10
2026-08-26T04:13:10.447Z PASS share-resize-settled drop counters are monotonic: source-drop 41->42, transport-drop 0->0
2026-08-26T04:13:10.447Z PASS share-resize-settled previous frame was acknowledged: previous=9, ack=9, current=10
2026-08-26T04:13:10.447Z PASS share-post-resize-cadence independent sequences advance: source 51->53, transport 10->11
2026-08-26T04:13:10.447Z PASS share-post-resize-cadence drop counters are monotonic: source-drop 42->44, transport-drop 0->0
2026-08-26T04:13:10.447Z PASS share-post-resize-cadence previous frame was acknowledged: previous=10, ack=10, current=11
2026-08-26T04:13:10.447Z PASS share-after-post-resize-action independent sequences advance: source 53->76, transport 11->15
2026-08-26T04:13:10.447Z PASS share-after-post-resize-action drop counters are monotonic: source-drop 44->62, transport-drop 0->0
2026-08-26T04:13:10.447Z PASS share-after-post-resize-action previous frame was acknowledged: previous=11, ack=14, current=15
2026-08-26T04:13:10.447Z PASS share-after-native-text-focus independent sequences advance: source 76->81, transport 15->17
2026-08-26T04:13:10.447Z PASS share-after-native-text-focus drop counters are monotonic: source-drop 62->65, transport-drop 0->0
2026-08-26T04:13:10.447Z PASS share-after-native-text-focus previous frame was acknowledged: previous=15, ack=15, current=17
2026-08-26T04:13:10.447Z PASS share-after-native-text-delivery independent sequences advance: source 81->101, transport 17->20
2026-08-26T04:13:10.447Z PASS share-after-native-text-delivery drop counters are monotonic: source-drop 65->83, transport-drop 0->1
2026-08-26T04:13:10.447Z PASS share-after-native-text-delivery previous frame was acknowledged: previous=17, ack=19, current=20
2026-08-26T04:13:10.447Z PASS share-after-native-text-restore independent sequences advance: source 101->116, transport 20->24
2026-08-26T04:13:10.447Z PASS share-after-native-text-restore drop counters are monotonic: source-drop 83->94, transport-drop 1->1
2026-08-26T04:13:10.447Z PASS share-after-native-text-restore previous frame was acknowledged: previous=20, ack=23, current=24
2026-08-26T04:13:10.619Z PASS share status remains native and ack paced: macos-screencapturekit-scstream, source=119, transport=25
2026-08-26T04:13:10.619Z PASS share status drop domains retained: source-drop=95, transport-drop=1
2026-08-26T04:13:10.619Z PASS cancellation starts from a current resized share frame: share=true, source=116, screenshot-bound=true
2026-08-26T04:13:10.690Z PASS bounded fixture mouse-move instrumentation ready: baseline=61
2026-08-26T04:13:11.095Z PASS cancellation waits for target-routed native move delivery: moveEvents=61->62, wait=405ms
2026-08-26T04:13:11.097Z PASS exact duplicate observes one causally dispatched product action: HTTP 409, CALL_IN_PROGRESS
2026-08-26T04:13:11.098Z PASS authenticated exact-call cancellation accepted: HTTP 202, requested=true
2026-08-26T04:13:11.098Z PASS canceled original reports conservative outcome unknown: HTTP 504, COMMAND_OUTCOME_UNKNOWN/outcome_unknown, elapsed=408ms
2026-08-26T04:13:11.099Z PASS completed call cannot be canceled twice: HTTP 409, CALL_NOT_IN_PROGRESS
2026-08-26T04:13:11.101Z PASS exact canceled call replays without redispatch: HTTP 504, replayed=true
2026-08-26T04:13:11.102Z PASS changed command cannot reuse canceled call identity: HTTP 409, CALL_ID_REUSED/invalid_request
2026-08-26T04:13:11.103Z PASS cancellation fail-closed state names the exact-session revocation: outcome-unknown/COMMAND_OUTCOME_UNKNOWN
2026-08-26T04:13:11.104Z PASS cancellation tears down the computer screenshot surface: HTTP 404, NO_COMPUTER_SCREENSHOT
2026-08-26T04:13:11.407Z PASS canceled share surface stays torn down: no queued SCStream frame republished authority after cancellation
2026-08-26T04:13:11.409Z PASS post-cancellation share stop is idempotently fail-closed: false/false/not-active
2026-08-26T04:13:11.411Z PASS explicit stop preserves surface teardown: computer observation, screenshot, pointer, and share authority remain unavailable
2026-08-26T04:13:11.413Z PASS revoked authority gates pre-recovery mutations before helper relay: HTTP 409, NO_COMPUTER_FRAME/stale_snapshot/reobserve
2026-08-26T04:13:11.415Z PASS gated old-frame action cannot recreate a computer surface: no frame, screenshot, pointer, or share authority was republished
2026-08-26T04:13:11.682Z PASS explicit one-shot observation recovers exact-session authority: session-preserved=true, fresh-frame=true
2026-08-26T04:13:11.684Z PASS pre-cancellation frame stays stale after explicit recovery: HTTP 409, COMPUTER_STALE_FRAME/stale_snapshot/reobserve
2026-08-26T04:13:11.686Z PASS rejected stale action preserves the recovered exact frame: the old frame was refused without replacing or revoking the recovered one-shot frame
2026-08-26T04:13:11.686Z PASS fixture final state: {"clicks":2,"semanticPresses":1,"semanticValueMatchesExpected":true,"resizeCount":1,"focusCount":1,"siblingFocusCount":1,"siblingTextLength":0,"siblingClicks":0,"distinctSamePidWindows":true,"moveEvents":62,"appliedControlSequence":2,"contentWidth":820,"contentHeight":520}
2026-08-26T04:13:11.686Z PASS canceled move, gated refusal, recovery, and stale refusal caused no functional fixture mutation: functional fixture state stayed exact; only bounded move-delivery instrumentation advanced
2026-08-26T04:13:11.765Z PASS final same-PID receiver main and focus are restored before target close: sibling-main-and-focused=true
2026-08-26T04:13:11.842Z PASS cancellation/stop independent foreground/focus/pointer/Space invariants: {"foregroundUnchanged":true,"userFocusUnchanged":true,"foregroundIdentitySandwichHeld":true,"rawForegroundIdentitySandwichHeld":true,"foregroundAxFocusUnchanged":true,"foregroundAxFrontmostHeld":true,"cursorPositionUnchanged":true,"sharedPointerActivityObserved":false,"hidSystemPointerActivityObserved":false,"rawInputPointerActivityObserved":false,"injectedPointerActivityObserved":false,"pointerActivityMonitorHealthy":true,"sharedPointerBoundaryCorroborated":true,"sharedPointerBoundaryState":"corroborated","sharedPointerActivityState":"quiet","hidSystemKeyboardActivityObserved":false,"keyboardActivityMonitorHealthy":true,"sharedKeyboardBoundaryCorroborated":true,"sharedKeyboardBoundaryState":"corroborated","sharedKeyboardActivityState":"quiet","sharedInputSeatActivityObserved":false,"spaceUnchanged":true}
2026-08-26T04:13:11.842Z PASS every retained screenshot is bound only to the primary exact window: 6 primary-only screenshot records; sibling excluded=true
2026-08-26T04:13:12.543Z PASS target-close persistent share started with fresh authority: fresh-share=true, target=true, backend=macos-screencapturekit-scstream
2026-08-26T04:13:12.543Z PASS fresh share start retires the recovered one-shot frame under exact new authority: same-session=true, new-frame=true, exact-share=true
2026-08-26T04:13:12.854Z PASS exact target is alive while its closing share frame is current: share=true, recovered-retired=true, start-frame-retired=true, source=3
2026-08-26T04:13:12.858Z exact fixture target stopped
2026-08-26T04:13:12.858Z PASS rig closed the exact target while its persistent share was active: signal-requested=true, already-exited=false
2026-08-26T04:13:13.066Z PASS helper-originated exact-share failure stops server authority: capture-error/COMPUTER_NO_WINDOW, same-helper=true
2026-08-26T04:13:13.068Z PASS target close clears the exact share screenshot surface: HTTP 404, NO_COMPUTER_SCREENSHOT
2026-08-26T04:13:13.370Z PASS closed target cannot republish a queued native frame: 3 frame periods settled without authority republish
2026-08-26T04:13:13.372Z PASS closed-target frame is refused before helper action relay: HTTP 409, NO_COMPUTER_FRAME/stale_snapshot
2026-08-26T04:13:13.373Z PASS stale closed-target action cannot recreate a computer surface: the retired frame remained unavailable after the rejected mutation
2026-08-26T04:13:13.598Z PASS explicit observe cannot recover a closed exact target: HTTP 409, COMPUTER_NO_WINDOW/target_changed
2026-08-26T04:13:13.600Z PASS closed-target observe refusal preserves terminal teardown: the failed recovery did not restore observation, screenshot, pointer, share, or frame authority
2026-08-26T04:13:13.793Z PASS helper independently observes the exact target pair is gone: the helper no longer enumerates either real window from the closed fixture process
2026-08-26T04:13:13.796Z PASS target-close share stop is idempotently clean: false/false/not-active
2026-08-26T04:13:13.797Z PASS target-close cleanup leaves no share or frame authority: the same helper remains ready with no target, share, observation, screenshot, or frame authority
2026-08-26T04:13:13.872Z PASS target-close independent foreground/focus/pointer/Space invariants: {"foregroundUnchanged":true,"userFocusUnchanged":true,"foregroundIdentitySandwichHeld":true,"rawForegroundIdentitySandwichHeld":true,"foregroundAxFocusUnchanged":true,"foregroundAxFrontmostHeld":true,"cursorPositionUnchanged":true,"sharedPointerActivityObserved":false,"hidSystemPointerActivityObserved":false,"rawInputPointerActivityObserved":false,"injectedPointerActivityObserved":false,"pointerActivityMonitorHealthy":true,"sharedPointerBoundaryCorroborated":true,"sharedPointerBoundaryState":"corroborated","sharedPointerActivityState":"quiet","hidSystemKeyboardActivityObserved":false,"keyboardActivityMonitorHealthy":true,"sharedKeyboardBoundaryCorroborated":true,"sharedKeyboardBoundaryState":"corroborated","sharedKeyboardActivityState":"quiet","sharedInputSeatActivityObserved":false,"spaceUnchanged":true}
2026-08-26T04:13:13.940Z PASS whole-run independent foreground/focus/pointer/Space invariants: {"foregroundUnchanged":true,"userFocusUnchanged":true,"foregroundIdentitySandwichHeld":true,"rawForegroundIdentitySandwichHeld":true,"foregroundAxFocusUnchanged":true,"foregroundAxFrontmostHeld":true,"cursorPositionUnchanged":true,"sharedPointerActivityObserved":false,"hidSystemPointerActivityObserved":false,"rawInputPointerActivityObserved":false,"injectedPointerActivityObserved":false,"pointerActivityMonitorHealthy":true,"sharedPointerBoundaryCorroborated":true,"sharedPointerBoundaryState":"corroborated","sharedPointerActivityState":"quiet","hidSystemKeyboardActivityObserved":false,"keyboardActivityMonitorHealthy":true,"sharedKeyboardBoundaryCorroborated":true,"sharedKeyboardBoundaryState":"corroborated","sharedKeyboardActivityState":"quiet","sharedInputSeatActivityObserved":false,"spaceUnchanged":true}
2026-08-26T04:13:13.940Z PASS requested pointer evidence lane completed without unknown attribution: {"requestedLane":"quiet","quietObserved":true,"concurrentSharedSeatActivityObserved":false,"unknownObserved":false,"rawCursorPositionsRetained":false,"rawPlatformActivityCountersRetained":false,"rawHidSystemCountersRetained":false,"hidSystemActivityClaimedAsPhysical":false}
2026-08-26T04:13:14.642Z PASS post-run harness source commit matches coordinator binding: exact source SHA matched
2026-08-26T04:13:14.642Z PASS post-run harness checkout is detached: detached HEAD
2026-08-26T04:13:14.642Z PASS post-run harness checkout is clean: tracked, staged, deleted, and untracked sets are empty
2026-08-26T04:13:14.642Z PASS post-run harness source repository passes git fsck: git fsck --full passed
2026-08-26T04:13:14.642Z PASS post-run harness files are exact tracked blobs: runner, native probes, and acceptance finalizer match HEAD blobs
2026-08-26T04:13:14.645Z helper stopped
2026-08-26T04:13:14.645Z PASS helper remained alive until controlled teardown: SIGTERM was sent by the rig
2026-08-26T04:13:14.647Z PASS helper transport disconnected cleanly: helper session and observation were revoked
2026-08-26T04:13:14.647Z PASS helper was never respawned: 1 packaged helper process
2026-08-26T04:13:14.649Z server stopped
2026-08-26T04:13:14.649Z PASS server remained alive until controlled teardown: SIGTERM was sent by the rig
2026-08-26T04:13:14.650Z PASS server listener closed: the evidence port no longer accepts health requests
2026-08-26T04:13:14.661Z 206/206 checks passed
2026-08-26T04:13:14.663Z scratch directory removed
