2026-08-29T04:30:03.033Z PASS evidence output parent is an owner-private ordinary directory: the direct evidence parent is ordinary, owner-private, and current-user owned
2026-08-29T04:30:03.034Z PASS evidence output directory is newly created and owner-private: the runner created one private lane output directory
2026-08-29T04:30:05.181Z PASS pre-run harness source commit matches coordinator binding: exact source SHA matched
2026-08-29T04:30:05.181Z PASS pre-run harness checkout is detached: detached HEAD
2026-08-29T04:30:05.181Z PASS pre-run harness checkout is clean: tracked, staged, deleted, and untracked sets are empty
2026-08-29T04:30:05.181Z PASS pre-run harness source repository passes git fsck: git fsck --full passed
2026-08-29T04:30:05.181Z PASS pre-run harness files are exact tracked blobs: runner, native probes, and acceptance finalizer match HEAD blobs
2026-08-29T04:30:05.185Z PASS macOS host: Darwin
2026-08-29T04:30:05.191Z PASS expected checksum-manifest hash format: 64 lowercase hexadecimal characters
2026-08-29T04:30:05.192Z PASS canonical checksum-manifest name: SHA256SUMS.txt
2026-08-29T04:30:05.192Z PASS exact archive name: local-browser-bridge-v0.12.57-macos-universal.tar.gz
2026-08-29T04:30:05.192Z PASS checksum manifest is one bounded current-user-owned ordinary file: ordinary, singly linked, owner-controlled, and within the manifest byte bound
2026-08-29T04:30:05.192Z PASS checksum manifest stayed stable while it was bound: path and descriptor identity, size, links, and timestamps remained unchanged
2026-08-29T04:30:05.192Z PASS out-of-band checksum-manifest hash matches: 45e0d9ea4dc05ef619382ff44776c4c84ffc2c8e4ec6e8892443773aa9dbc000
2026-08-29T04:30:05.192Z PASS checksum manifest has the exact canonical four-entry set: local-browser-bridge-v0.12.57-windows-x86_64.exe,local-computer-helper-v0.12.57-windows-x86_64.exe,local-browser-bridge-v0.12.57-macos-universal.tar.gz,local-browser-bridge-extension-v0.12.57.zip
2026-08-29T04:30:05.192Z PASS canonical manifest contains the macOS archive checksum: 9d35962ba5f0280d3d81b50bbaf6588f8ecad1c27226fc6f6c51c1e367b52777
2026-08-29T04:30:05.249Z PASS macOS archive bounded exact inventory: seventeen PAX-free regular-file/directory entries passed bounded streaming extraction
2026-08-29T04:30:05.249Z PASS archive checksum is bound by the canonical manifest: 9d35962ba5f0280d3d81b50bbaf6588f8ecad1c27226fc6f6c51c1e367b52777
2026-08-29T04:30:05.254Z PASS supplied server is archive-exact: 49c9b2f5d7f082b8b631ee0548662c94211c21d86ed21fb2f92713424f080850
2026-08-29T04:30:05.256Z PASS supplied helper is archive-exact: 07310ab16b91c96ff1f39301e68db73c6873aced8fdb6fedc10b3e96d73bc5f3
2026-08-29T04:30:05.272Z PASS server universal architecture: arm64,x86_64
2026-08-29T04:30:05.272Z PASS helper universal architecture: arm64,x86_64
2026-08-29T04:30:05.272Z PASS helper uses packaged app layout: Local Computer Helper.app
2026-08-29T04:30:05.300Z PASS strict code-signature verification: server, helper executable, and helper app bundle passed strict verification
2026-08-29T04:30:05.307Z PASS helper bundle version: 0.12.57/0.12.57
2026-08-29T04:30:06.378Z PASS system probe foreground-window self-test: AX-focused/main identity wins over same-process app-share auxiliary compositor order
2026-08-29T04:30:07.079Z PASS optional physical-pointer adversarial prompt self-test: source-only optional adversarial prompt cannot satisfy either release lane
2026-08-29T04:30:07.728Z PASS app-share handoff bundle identity: dev.flrngel.local-browser-bridge.acceptance.app-share
2026-08-29T04:30:08.002Z PASS app-share handoff self-test: stable bundle/window/button vocabulary and create-once receipts
2026-08-29T04:30:08.113Z PASS screen-capture permission preflight: preexisting permission; no request was made
2026-08-29T04:30:08.113Z PASS accessibility permission preflight: preexisting permission; no request was made
2026-08-29T04:30:08.113Z PASS active Space probe available: nonzero active Space identity
2026-08-29T04:30:08.113Z PASS sandwiched foreground AX focus probe available: stable NSWorkspace/raw PSN plus exact AX focused/main-window identities are available
2026-08-29T04:30:44.380Z PASS native quiet-seat stabilization completed before candidate execution: 36266 ms across 60 stable native transitions after 0 reset(s)
2026-08-29T04:30:44.619Z PASS server version: 0.12.57
2026-08-29T04:30:44.752Z PASS helper version: 0.12.57
2026-08-29T04:30:45.467Z PASS fixture process identity: state belongs to the spawned fixture
2026-08-29T04:30:45.732Z PASS startup same-PID sibling is the target app's remembered receiver: sibling-main-and-focused=true, fixture-background=true
2026-08-29T04:30:46.682Z PASS packaged helper compatible: protocol-compatible helper 0.12.57
2026-08-29T04:30:46.682Z PASS single helper spawn: 1 packaged helper process
2026-08-29T04:30:46.682Z PASS acknowledged share advertised: computer.share.ack present
2026-08-29T04:30:46.682Z PASS native stream advertised: computer.capture.native-stream.v1 present
2026-08-29T04:30:46.682Z PASS input-delivery provenance advertised: computer.input-delivery-provenance.v1 present
2026-08-29T04:30:46.682Z PASS pointer-activity monitor advertised: computer.pointer-activity-monitor.v1 present
2026-08-29T04:30:47.584Z PASS helper status backend: background-window/ax+skylight+screencapturekit-stream
2026-08-29T04:30:47.584Z PASS background shared-session mode: background-window/shared-user-session/target-routed
2026-08-29T04:30:47.584Z PASS background input backend ready: target-routed input is ready
2026-08-29T04:30:47.584Z PASS semantic backend ready: macos-accessibility is ready without prompting
2026-08-29T04:30:47.584Z PASS fixture exact window discovered: 1 matching windows
2026-08-29T04:30:47.584Z PASS genuine same-PID sibling window discovered: 1 sibling matches, distinct=true
2026-08-29T04:30:47.584Z PASS fixture is a background target: neither same-PID fixture window owns the user's foreground process or front window
2026-08-29T04:30:48.653Z PASS exact fixture window observed: 1209x826
2026-08-29T04:30:48.653Z PASS semantic snapshot available: 4 elements
2026-08-29T04:30:48.656Z PASS semantic value element discovered: AXTextField
2026-08-29T04:30:50.935Z PASS semantic setValue confirmed: Confirmed/value-confirmed
2026-08-29T04:30:50.935Z PASS semantic setValue route, helper-preservation, and shared-pointer invariants: {"cursorPositionUnchanged":true,"foregroundUnchanged":true,"hardwareCursorPreservedByHelper":true,"helperGlobalPointerPreservation":"confirmed","hidSystemPointerActivityObserved":false,"injectedPointerActivityObserved":false,"inputDelivery":{"dispatchAttemptRecorded":true,"exactTargetBound":true,"globalHidInputUsed":false,"hardwareCursorMutationRequested":false,"osAcceptanceObserved":true,"osAcceptanceSignalAvailable":true,"route":"macosAccessibility","sharedInputSeatUsed":false,"supportLevel":"publicDocumented"},"pointerActivityMonitorHealthy":true,"rawInputPointerActivityObserved":false,"sharedPointerActivityObserved":false,"sharedPointerActivityState":"quiet","sharedPointerBoundaryCorroborated":true,"sharedPointerBoundaryState":"corroborated","spaceUnchanged":true,"userFocusUnchanged":true}
2026-08-29T04:30:51.912Z PASS semantic setValue screenshot changed: fresh exact-window pixels differ from the pre-action observation
2026-08-29T04:30:51.912Z PASS semantic action element discovered: AXButton
2026-08-29T04:30:54.358Z PASS semantic invoke target-side proof: fixture semantic counter advanced to 1
2026-08-29T04:30:54.358Z PASS semantic invoke conservatively classified: Partial/element-state-changed
2026-08-29T04:30:54.358Z PASS semantic invoke route, helper-preservation, and shared-pointer invariants: {"cursorPositionUnchanged":true,"foregroundUnchanged":true,"hardwareCursorPreservedByHelper":true,"helperGlobalPointerPreservation":"confirmed","hidSystemPointerActivityObserved":false,"injectedPointerActivityObserved":false,"inputDelivery":{"dispatchAttemptRecorded":true,"exactTargetBound":true,"globalHidInputUsed":false,"hardwareCursorMutationRequested":false,"osAcceptanceObserved":true,"osAcceptanceSignalAvailable":true,"route":"macosAccessibility","sharedInputSeatUsed":false,"supportLevel":"publicDocumented"},"pointerActivityMonitorHealthy":true,"rawInputPointerActivityObserved":false,"sharedPointerActivityObserved":false,"sharedPointerActivityState":"quiet","sharedPointerBoundaryCorroborated":true,"sharedPointerBoundaryState":"corroborated","spaceUnchanged":true,"userFocusUnchanged":true}
2026-08-29T04:30:55.314Z PASS semantic invoke screenshot changed: fresh exact-window pixels differ from the setValue stage
2026-08-29T04:30:57.509Z PASS persistent live share started: persistent-native-stream/exact-window
2026-08-29T04:30:57.509Z PASS SCStream start metadata: macos-screencapturekit-scstream, native=true, indicator-policy=true, selection=programmatic-exact-window
2026-08-29T04:30:57.509Z PASS live share ack pacing: latest-frame-wins, ackPaced=true
2026-08-29T04:30:57.509Z PASS live share cursor policy: system cursor excluded; synthetic session pointer composited
2026-08-29T04:30:58.555Z PASS persistent-share screenshot is fresh: sourceSequence=11
2026-08-29T04:31:02.114Z PASS same-PID sibling is remembered before primary pixel dispatch: sibling-main-and-focused=true, sibling-state-clean=true
2026-08-29T04:31:10.559Z PASS exact active target receiver observed during pixel lease: active-target=true, exact-main-and-focused=true, saved-user-owner=true
2026-08-29T04:31:10.681Z PASS background pixel click targets only primary and restores sibling receiver: only the primary click counter advanced and the target app's prior sibling receiver was restored
2026-08-29T04:31:10.681Z PASS pixel click conservatively classified: Unverifiable
2026-08-29T04:31:10.681Z PASS pixel action bound to persistent share: share=true, source=43
2026-08-29T04:31:10.681Z PASS live-share pixel click route, helper-preservation, and shared-pointer invariants: {"cursorPositionUnchanged":true,"foregroundUnchanged":true,"hardwareCursorPreservedByHelper":true,"helperGlobalPointerPreservation":"confirmed","hidSystemPointerActivityObserved":false,"injectedPointerActivityObserved":false,"inputDelivery":{"dispatchAttemptRecorded":true,"exactTargetBound":true,"globalHidInputUsed":false,"hardwareCursorMutationRequested":false,"osAcceptanceObserved":false,"osAcceptanceSignalAvailable":false,"route":"macosTargetedProcessEvent","sharedInputSeatUsed":false,"supportLevel":"privateUnsupported"},"pointerActivityMonitorHealthy":true,"rawInputPointerActivityObserved":false,"sharedPointerActivityObserved":false,"sharedPointerActivityState":"quiet","sharedPointerBoundaryCorroborated":true,"sharedPointerBoundaryState":"corroborated","spaceUnchanged":true,"userFocusUnchanged":true}
2026-08-29T04:31:10.780Z PASS same-PID pixel routing independent foreground/focus/pointer/Space invariants: {"foregroundUnchanged":true,"userFocusUnchanged":true,"foregroundIdentitySandwichHeld":true,"rawForegroundIdentitySandwichHeld":true,"foregroundAxFocusUnchanged":true,"foregroundAxFrontmostHeld":true,"cursorPositionUnchanged":true,"sharedPointerActivityObserved":false,"hidSystemPointerActivityObserved":false,"rawInputPointerActivityObserved":false,"injectedPointerActivityObserved":false,"pointerActivityMonitorHealthy":true,"sharedPointerBoundaryCorroborated":true,"sharedPointerBoundaryState":"corroborated","sharedPointerActivityState":"quiet","hidSystemKeyboardActivityObserved":false,"keyboardActivityMonitorHealthy":true,"sharedKeyboardBoundaryCorroborated":true,"sharedKeyboardBoundaryState":"corroborated","sharedKeyboardActivityState":"quiet","sharedInputSeatActivityObserved":false,"spaceUnchanged":true}
2026-08-29T04:31:11.606Z PASS native source remained live during input: source +97/drop +93; transport +3
2026-08-29T04:31:11.606Z PASS settled synthetic pointer published: action=click
2026-08-29T04:31:11.608Z PASS live-share action screenshot changed: fresh exact-window pixels include the action stage
2026-08-29T04:31:14.916Z PASS persistent share survived exact-target resize: 720x492 -> 820x552
2026-08-29T04:31:14.916Z PASS settled resize frame matches exact-window geometry: window=820x552, image=1218x820
2026-08-29T04:31:14.918Z PASS resize screenshot dimensions match settled observation: 1218x820
2026-08-29T04:31:14.918Z PASS resize screenshot geometry changed: 1209x826 -> 1218x820
2026-08-29T04:31:22.633Z PASS post-resize pixel click target-side proof: only the exact fixture click counter changed functional state after resize
2026-08-29T04:31:22.633Z PASS post-resize action bound to settled persistent share: frame=true, share=true, source=182
2026-08-29T04:31:22.633Z PASS post-resize pixel click conservatively classified: Unverifiable
2026-08-29T04:31:22.633Z PASS post-resize pixel click route, helper-preservation, and shared-pointer invariants: {"cursorPositionUnchanged":true,"foregroundUnchanged":true,"hardwareCursorPreservedByHelper":true,"helperGlobalPointerPreservation":"confirmed","hidSystemPointerActivityObserved":false,"injectedPointerActivityObserved":false,"inputDelivery":{"dispatchAttemptRecorded":true,"exactTargetBound":true,"globalHidInputUsed":false,"hardwareCursorMutationRequested":false,"osAcceptanceObserved":false,"osAcceptanceSignalAvailable":false,"route":"macosTargetedProcessEvent","sharedInputSeatUsed":false,"supportLevel":"privateUnsupported"},"pointerActivityMonitorHealthy":true,"rawInputPointerActivityObserved":false,"sharedPointerActivityObserved":false,"sharedPointerActivityState":"quiet","sharedPointerBoundaryCorroborated":true,"sharedPointerBoundaryState":"corroborated","spaceUnchanged":true,"userFocusUnchanged":true}
2026-08-29T04:31:22.633Z PASS post-resize pixel action independent foreground/focus/pointer/Space invariants: {"foregroundUnchanged":true,"userFocusUnchanged":true,"foregroundIdentitySandwichHeld":true,"rawForegroundIdentitySandwichHeld":true,"foregroundAxFocusUnchanged":true,"foregroundAxFrontmostHeld":true,"cursorPositionUnchanged":true,"sharedPointerActivityObserved":false,"hidSystemPointerActivityObserved":false,"rawInputPointerActivityObserved":false,"injectedPointerActivityObserved":false,"pointerActivityMonitorHealthy":true,"sharedPointerBoundaryCorroborated":true,"sharedPointerBoundaryState":"corroborated","sharedPointerActivityState":"quiet","hidSystemKeyboardActivityObserved":false,"keyboardActivityMonitorHealthy":true,"sharedKeyboardBoundaryCorroborated":true,"sharedKeyboardBoundaryState":"corroborated","sharedKeyboardActivityState":"quiet","sharedInputSeatActivityObserved":false,"spaceUnchanged":true}
2026-08-29T04:31:23.561Z PASS post-resize action retained resized exact-window stream: window=820x552, image=1218x820
2026-08-29T04:31:23.797Z PASS same-PID sibling is the prior receiver before text preparation: sibling-main-and-focused=true, sibling-state-clean=true
2026-08-29T04:31:24.017Z PASS background fixture field prepared without mutation while sibling remains prior receiver: the primary responder was prepared, the sibling was restored internally, and no target field mutated
2026-08-29T04:31:24.114Z PASS field preparation independent foreground/focus/pointer/Space invariants: {"foregroundUnchanged":true,"userFocusUnchanged":true,"foregroundIdentitySandwichHeld":true,"rawForegroundIdentitySandwichHeld":true,"foregroundAxFocusUnchanged":true,"foregroundAxFrontmostHeld":true,"cursorPositionUnchanged":true,"sharedPointerActivityObserved":false,"hidSystemPointerActivityObserved":false,"rawInputPointerActivityObserved":false,"injectedPointerActivityObserved":false,"pointerActivityMonitorHealthy":true,"sharedPointerBoundaryCorroborated":true,"sharedPointerBoundaryState":"corroborated","sharedPointerActivityState":"quiet","hidSystemKeyboardActivityObserved":false,"keyboardActivityMonitorHealthy":true,"sharedKeyboardBoundaryCorroborated":true,"sharedKeyboardBoundaryState":"corroborated","sharedKeyboardActivityState":"quiet","sharedInputSeatActivityObserved":false,"spaceUnchanged":true}
2026-08-29T04:31:25.781Z PASS same-PID sibling remains the exact prior receiver immediately before text request: sibling-main-and-focused=true
2026-08-29T04:31:31.516Z PASS native typeText exact fixture read-back with zero sibling mutation: appended 20 ASCII characters only to the primary field and restored the prior sibling receiver
2026-08-29T04:31:31.516Z PASS native typeText bounded product result: Unverifiable/exact-window-background, characters=20, utf16=20
2026-08-29T04:31:31.516Z PASS native typeText route, helper-preservation, and shared-pointer invariants: {"cursorPositionUnchanged":true,"foregroundUnchanged":true,"hardwareCursorPreservedByHelper":true,"helperGlobalPointerPreservation":"confirmed","hidSystemPointerActivityObserved":false,"injectedPointerActivityObserved":false,"inputDelivery":{"dispatchAttemptRecorded":true,"exactTargetBound":true,"globalHidInputUsed":false,"hardwareCursorMutationRequested":false,"osAcceptanceObserved":false,"osAcceptanceSignalAvailable":false,"route":"macosTargetedProcessEvent","sharedInputSeatUsed":false,"supportLevel":"privateUnsupported"},"pointerActivityMonitorHealthy":true,"rawInputPointerActivityObserved":false,"sharedPointerActivityObserved":false,"sharedPointerActivityState":"quiet","sharedPointerBoundaryCorroborated":true,"sharedPointerBoundaryState":"corroborated","spaceUnchanged":true,"userFocusUnchanged":true}
2026-08-29T04:31:31.614Z PASS native typeText independent foreground/focus/pointer/Space invariants: {"foregroundUnchanged":true,"userFocusUnchanged":true,"foregroundIdentitySandwichHeld":true,"rawForegroundIdentitySandwichHeld":true,"foregroundAxFocusUnchanged":true,"foregroundAxFrontmostHeld":true,"cursorPositionUnchanged":true,"sharedPointerActivityObserved":false,"hidSystemPointerActivityObserved":false,"rawInputPointerActivityObserved":false,"injectedPointerActivityObserved":false,"pointerActivityMonitorHealthy":true,"sharedPointerBoundaryCorroborated":true,"sharedPointerBoundaryState":"corroborated","sharedPointerActivityState":"quiet","hidSystemKeyboardActivityObserved":false,"keyboardActivityMonitorHealthy":true,"sharedKeyboardBoundaryCorroborated":true,"sharedKeyboardBoundaryState":"corroborated","sharedKeyboardActivityState":"quiet","sharedInputSeatActivityObserved":false,"spaceUnchanged":true}
2026-08-29T04:31:32.440Z PASS native text restore element discovered: AXTextField
2026-08-29T04:31:32.440Z PASS native text restore frame is bound to the persistent share authority: share=true, source=345
2026-08-29T04:31:36.708Z PASS native text fixture value restored: Confirmed/value-confirmed
2026-08-29T04:31:36.708Z PASS native text restore route, helper-preservation, and shared-pointer invariants: {"cursorPositionUnchanged":true,"foregroundUnchanged":true,"hardwareCursorPreservedByHelper":true,"helperGlobalPointerPreservation":"confirmed","hidSystemPointerActivityObserved":false,"injectedPointerActivityObserved":false,"inputDelivery":{"dispatchAttemptRecorded":true,"exactTargetBound":true,"globalHidInputUsed":false,"hardwareCursorMutationRequested":false,"osAcceptanceObserved":true,"osAcceptanceSignalAvailable":true,"route":"macosAccessibility","sharedInputSeatUsed":false,"supportLevel":"publicDocumented"},"pointerActivityMonitorHealthy":true,"rawInputPointerActivityObserved":false,"sharedPointerActivityObserved":false,"sharedPointerActivityState":"quiet","sharedPointerBoundaryCorroborated":true,"sharedPointerBoundaryState":"corroborated","spaceUnchanged":true,"userFocusUnchanged":true}
2026-08-29T04:31:36.708Z PASS native text restore exact fixture state: only the deterministic semantic value was restored
2026-08-29T04:31:38.256Z PASS persistent share sample count: 11 distinct transport frames
2026-08-29T04:31:38.257Z PASS one persistent share authority: 1 share IDs
2026-08-29T04:31:38.257Z PASS share-initial native stream metadata: macos-screencapturekit-scstream, native=true, indicator-policy=true, selection=programmatic-exact-window
2026-08-29T04:31:38.257Z PASS share-initial ack pacing metadata: ack=true, backpressure=latest-frame-wins
2026-08-29T04:31:38.257Z PASS share-cadence-1 native stream metadata: macos-screencapturekit-scstream, native=true, indicator-policy=true, selection=programmatic-exact-window
2026-08-29T04:31:38.257Z PASS share-cadence-1 ack pacing metadata: ack=true, backpressure=latest-frame-wins
2026-08-29T04:31:38.257Z PASS share-cadence-2 native stream metadata: macos-screencapturekit-scstream, native=true, indicator-policy=true, selection=programmatic-exact-window
2026-08-29T04:31:38.257Z PASS share-cadence-2 ack pacing metadata: ack=true, backpressure=latest-frame-wins
2026-08-29T04:31:38.257Z PASS share-after-long-action native stream metadata: macos-screencapturekit-scstream, native=true, indicator-policy=true, selection=programmatic-exact-window
2026-08-29T04:31:38.257Z PASS share-after-long-action ack pacing metadata: ack=true, backpressure=latest-frame-wins
2026-08-29T04:31:38.257Z PASS share-after-resize native stream metadata: macos-screencapturekit-scstream, native=true, indicator-policy=true, selection=programmatic-exact-window
2026-08-29T04:31:38.257Z PASS share-after-resize ack pacing metadata: ack=true, backpressure=latest-frame-wins
2026-08-29T04:31:38.257Z PASS share-resize-settled native stream metadata: macos-screencapturekit-scstream, native=true, indicator-policy=true, selection=programmatic-exact-window
2026-08-29T04:31:38.257Z PASS share-resize-settled ack pacing metadata: ack=true, backpressure=latest-frame-wins
2026-08-29T04:31:38.257Z PASS share-post-resize-cadence native stream metadata: macos-screencapturekit-scstream, native=true, indicator-policy=true, selection=programmatic-exact-window
2026-08-29T04:31:38.257Z PASS share-post-resize-cadence ack pacing metadata: ack=true, backpressure=latest-frame-wins
2026-08-29T04:31:38.257Z PASS share-after-post-resize-action native stream metadata: macos-screencapturekit-scstream, native=true, indicator-policy=true, selection=programmatic-exact-window
2026-08-29T04:31:38.257Z PASS share-after-post-resize-action ack pacing metadata: ack=true, backpressure=latest-frame-wins
2026-08-29T04:31:38.257Z PASS share-after-native-text-focus native stream metadata: macos-screencapturekit-scstream, native=true, indicator-policy=true, selection=programmatic-exact-window
2026-08-29T04:31:38.257Z PASS share-after-native-text-focus ack pacing metadata: ack=true, backpressure=latest-frame-wins
2026-08-29T04:31:38.257Z PASS share-after-native-text-delivery native stream metadata: macos-screencapturekit-scstream, native=true, indicator-policy=true, selection=programmatic-exact-window
2026-08-29T04:31:38.257Z PASS share-after-native-text-delivery ack pacing metadata: ack=true, backpressure=latest-frame-wins
2026-08-29T04:31:38.257Z PASS share-after-native-text-restore native stream metadata: macos-screencapturekit-scstream, native=true, indicator-policy=true, selection=programmatic-exact-window
2026-08-29T04:31:38.257Z PASS share-after-native-text-restore ack pacing metadata: ack=true, backpressure=latest-frame-wins
2026-08-29T04:31:38.257Z PASS share-cadence-1 independent sequences advance: source 11->32, transport 1->3
2026-08-29T04:31:38.257Z PASS share-cadence-1 drop counters are monotonic: source-drop 18->39, transport-drop 0->0
2026-08-29T04:31:38.257Z PASS share-cadence-1 previous frame was acknowledged: previous=1, ack=1, current=3
2026-08-29T04:31:38.257Z PASS share-cadence-2 independent sequences advance: source 32->43, transport 3->4
2026-08-29T04:31:38.257Z PASS share-cadence-2 drop counters are monotonic: source-drop 39->49, transport-drop 0->1
2026-08-29T04:31:38.257Z PASS share-cadence-2 previous frame was acknowledged: previous=3, ack=3, current=4
2026-08-29T04:31:38.257Z PASS share-after-long-action independent sequences advance: source 43->140, transport 4->7
2026-08-29T04:31:38.257Z PASS share-after-long-action drop counters are monotonic: source-drop 49->142, transport-drop 1->1
2026-08-29T04:31:38.257Z PASS share-after-long-action previous frame was acknowledged: previous=4, ack=6, current=7
2026-08-29T04:31:38.257Z PASS share-after-resize independent sequences advance: source 140->161, transport 7->8
2026-08-29T04:31:38.257Z PASS share-after-resize drop counters are monotonic: source-drop 142->162, transport-drop 1->1
2026-08-29T04:31:38.257Z PASS share-after-resize previous frame was acknowledged: previous=7, ack=7, current=8
2026-08-29T04:31:38.257Z PASS share-resize-settled independent sequences advance: source 161->171, transport 8->9
2026-08-29T04:31:38.257Z PASS share-resize-settled drop counters are monotonic: source-drop 162->172, transport-drop 1->1
2026-08-29T04:31:38.257Z PASS share-resize-settled previous frame was acknowledged: previous=8, ack=8, current=9
2026-08-29T04:31:38.257Z PASS share-post-resize-cadence independent sequences advance: source 171->182, transport 9->10
2026-08-29T04:31:38.257Z PASS share-post-resize-cadence drop counters are monotonic: source-drop 172->181, transport-drop 1->1
2026-08-29T04:31:38.257Z PASS share-post-resize-cadence previous frame was acknowledged: previous=9, ack=9, current=10
2026-08-29T04:31:38.257Z PASS share-after-post-resize-action independent sequences advance: source 182->257, transport 10->13
2026-08-29T04:31:38.257Z PASS share-after-post-resize-action drop counters are monotonic: source-drop 181->252, transport-drop 1->2
2026-08-29T04:31:38.257Z PASS share-after-post-resize-action previous frame was acknowledged: previous=10, ack=12, current=13
2026-08-29T04:31:38.257Z PASS share-after-native-text-focus independent sequences advance: source 257->276, transport 13->15
2026-08-29T04:31:38.257Z PASS share-after-native-text-focus drop counters are monotonic: source-drop 252->271, transport-drop 2->2
2026-08-29T04:31:38.257Z PASS share-after-native-text-focus previous frame was acknowledged: previous=13, ack=13, current=15
2026-08-29T04:31:38.257Z PASS share-after-native-text-delivery independent sequences advance: source 276->345, transport 15->18
2026-08-29T04:31:38.257Z PASS share-after-native-text-delivery drop counters are monotonic: source-drop 271->335, transport-drop 2->3
2026-08-29T04:31:38.257Z PASS share-after-native-text-delivery previous frame was acknowledged: previous=15, ack=17, current=18
2026-08-29T04:31:38.257Z PASS share-after-native-text-restore independent sequences advance: source 345->397, transport 18->21
2026-08-29T04:31:38.257Z PASS share-after-native-text-restore drop counters are monotonic: source-drop 335->389, transport-drop 3->3
2026-08-29T04:31:38.257Z PASS share-after-native-text-restore previous frame was acknowledged: previous=18, ack=20, current=21
2026-08-29T04:31:39.445Z PASS share status remains native and ack paced: macos-screencapturekit-scstream, source=411, transport=22
2026-08-29T04:31:39.445Z PASS share status drop domains retained: source-drop=401, transport-drop=3
2026-08-29T04:31:39.445Z PASS cancellation starts from a current resized share frame: share=true, source=397, screenshot-bound=true
2026-08-29T04:31:39.566Z PASS bounded fixture mouse-move instrumentation ready: baseline=61
2026-08-29T04:31:49.815Z FATAL fixture target-routed cancellation move dispatch timed out
2026-08-29T04:31:49.818Z helper stopped
2026-08-29T04:31:49.818Z server stopped
2026-08-29T04:31:49.821Z fixture stopped
2026-08-29T04:31:49.824Z scratch directory removed
