2026-08-24T06:18:00.307Z PASS evidence output parent is an owner-private ordinary directory: the direct evidence parent is ordinary, owner-private, and current-user owned
2026-08-24T06:18:00.309Z PASS evidence output directory is newly created and owner-private: the runner created one private lane output directory
2026-08-24T06:18:00.848Z PASS pre-run harness source commit matches coordinator binding: exact source SHA matched
2026-08-24T06:18:00.848Z PASS pre-run harness annotated tag object matches coordinator binding: annotated tag object and peel matched
2026-08-24T06:18:00.848Z PASS pre-run harness checkout is detached: detached HEAD
2026-08-24T06:18:00.848Z PASS pre-run harness checkout is clean: tracked, staged, deleted, and untracked sets are empty
2026-08-24T06:18:00.848Z PASS pre-run harness source repository passes git fsck: git fsck --full passed
2026-08-24T06:18:00.848Z PASS pre-run harness files are exact tracked blobs: runner, native probes, and acceptance finalizer match HEAD blobs
2026-08-24T06:18:00.853Z PASS macOS host: Darwin
2026-08-24T06:18:00.860Z PASS expected checksum-manifest hash format: 64 lowercase hexadecimal characters
2026-08-24T06:18:00.860Z PASS canonical checksum-manifest name: SHA256SUMS.txt
2026-08-24T06:18:00.860Z PASS exact archive name: local-browser-bridge-v0.12.13-macos-universal.tar.gz
2026-08-24T06:18:00.860Z PASS checksum manifest is one bounded current-user-owned ordinary file: ordinary, singly linked, owner-controlled, and within the manifest byte bound
2026-08-24T06:18:00.860Z PASS checksum manifest stayed stable while it was bound: path and descriptor identity, size, links, and timestamps remained unchanged
2026-08-24T06:18:00.860Z PASS out-of-band checksum-manifest hash matches: 2ff93e3f1724c3c4b18867f15810f2b6f10119dc07ab63b760adcca2dda79063
2026-08-24T06:18:00.861Z PASS checksum manifest has the exact canonical four-entry set: local-browser-bridge-v0.12.13-windows-x86_64.exe,local-computer-helper-v0.12.13-windows-x86_64.exe,local-browser-bridge-v0.12.13-macos-universal.tar.gz,local-browser-bridge-extension-v0.12.13.zip
2026-08-24T06:18:00.861Z PASS canonical manifest contains the macOS archive checksum: 988f5f9c749c9afa3e2a99703ada772892c3a6b44992623930db35eeebd35ab6
2026-08-24T06:18:00.905Z PASS macOS archive bounded exact inventory: ten PAX-free regular-file/directory entries passed bounded streaming extraction
2026-08-24T06:18:00.906Z PASS archive checksum is bound by the canonical manifest: 988f5f9c749c9afa3e2a99703ada772892c3a6b44992623930db35eeebd35ab6
2026-08-24T06:18:00.910Z PASS supplied server is archive-exact: 20874bb1b3e225a8e50ca9fa2a6fd857d5c082e2454c687a424a8da8262eb3e5
2026-08-24T06:18:00.912Z PASS supplied helper is archive-exact: 7968214bf55d8cac8a7a437af256dabc8915600496b700d2e7bf511df4efb674
2026-08-24T06:18:00.924Z PASS server universal architecture: arm64,x86_64
2026-08-24T06:18:00.924Z PASS helper universal architecture: arm64,x86_64
2026-08-24T06:18:00.924Z PASS helper uses packaged app layout: Local Computer Helper.app
2026-08-24T06:18:00.946Z PASS strict code-signature verification: server, helper executable, and helper app bundle passed strict verification
2026-08-24T06:18:00.953Z PASS helper bundle version: 0.12.13/0.12.13
2026-08-24T06:18:01.289Z PASS server version: 0.12.13
2026-08-24T06:18:01.526Z PASS helper version: 0.12.13
2026-08-24T06:18:02.829Z PASS pointer handoff prompt self-test: fixed WAITING/MOVE/COMPLETE vocabulary and titles
2026-08-24T06:18:03.211Z PASS screen-capture permission preflight: preexisting permission; no request was made
2026-08-24T06:18:03.211Z PASS accessibility permission preflight: preexisting permission; no request was made
2026-08-24T06:18:03.211Z PASS active Space probe available: nonzero active Space identity
2026-08-24T06:18:03.211Z PASS sandwiched foreground AX focus probe available: stable NSWorkspace/raw PSN plus exact AX focused/main-window identities are available
2026-08-24T06:18:03.819Z PASS fixture process identity: state belongs to the spawned fixture
2026-08-24T06:18:04.075Z PASS startup same-PID sibling is the target app's remembered receiver: sibling-main-and-focused=true, fixture-background=true
2026-08-24T06:18:04.401Z PASS packaged helper compatible: protocol-compatible helper 0.12.13
2026-08-24T06:18:04.401Z PASS single helper spawn: 1 packaged helper process
2026-08-24T06:18:04.401Z PASS acknowledged share advertised: computer.share.ack present
2026-08-24T06:18:04.401Z PASS native stream advertised: computer.capture.native-stream.v1 present
2026-08-24T06:18:04.401Z PASS input-delivery provenance advertised: computer.input-delivery-provenance.v1 present
2026-08-24T06:18:04.401Z PASS pointer-activity monitor advertised: computer.pointer-activity-monitor.v1 present
2026-08-24T06:18:04.568Z PASS helper status backend: background-window/ax+skylight+screencapturekit-stream
2026-08-24T06:18:04.568Z PASS background shared-session mode: background-window/shared-user-session/target-routed
2026-08-24T06:18:04.568Z PASS background input backend ready: target-routed input is ready
2026-08-24T06:18:04.568Z PASS semantic backend ready: macos-accessibility is ready without prompting
2026-08-24T06:18:04.568Z PASS fixture exact window discovered: 1 matching windows
2026-08-24T06:18:04.568Z PASS genuine same-PID sibling window discovered: 1 sibling matches, distinct=true
2026-08-24T06:18:04.568Z PASS fixture is a background target: neither same-PID fixture window owns the user's foreground process or front window
2026-08-24T06:18:04.832Z PASS exact fixture window observed: 1209x826
2026-08-24T06:18:04.832Z PASS semantic snapshot available: 4 elements
2026-08-24T06:18:04.835Z PASS semantic value element discovered: AXTextField
2026-08-24T06:18:06.006Z PASS semantic setValue confirmed: Confirmed/value-confirmed
2026-08-24T06:18:06.006Z PASS semantic setValue route, helper-preservation, and shared-pointer invariants: {"cursorPositionUnchanged":true,"foregroundUnchanged":true,"hardwareCursorPreservedByHelper":true,"helperGlobalPointerPreservation":"confirmed","hidSystemPointerActivityObserved":false,"injectedPointerActivityObserved":false,"inputDelivery":{"dispatchAttemptRecorded":true,"exactTargetBound":true,"globalHidInputUsed":false,"hardwareCursorMutationRequested":false,"osAcceptanceObserved":true,"osAcceptanceSignalAvailable":true,"route":"macosAccessibility","sharedInputSeatUsed":false,"supportLevel":"publicDocumented"},"pointerActivityMonitorHealthy":true,"rawInputPointerActivityObserved":false,"sharedPointerActivityObserved":false,"sharedPointerActivityState":"quiet","sharedPointerBoundaryCorroborated":true,"sharedPointerBoundaryState":"corroborated","spaceUnchanged":true,"userFocusUnchanged":true}
2026-08-24T06:18:06.222Z PASS semantic setValue screenshot changed: fresh exact-window pixels differ from the pre-action observation
2026-08-24T06:18:06.222Z PASS semantic action element discovered: AXButton
2026-08-24T06:18:07.382Z PASS semantic invoke target-side proof: fixture semantic counter advanced to 1
2026-08-24T06:18:07.382Z PASS semantic invoke conservatively classified: Partial/element-state-changed
2026-08-24T06:18:07.382Z PASS semantic invoke route, helper-preservation, and shared-pointer invariants: {"cursorPositionUnchanged":true,"foregroundUnchanged":true,"hardwareCursorPreservedByHelper":true,"helperGlobalPointerPreservation":"confirmed","hidSystemPointerActivityObserved":false,"injectedPointerActivityObserved":false,"inputDelivery":{"dispatchAttemptRecorded":true,"exactTargetBound":true,"globalHidInputUsed":false,"hardwareCursorMutationRequested":false,"osAcceptanceObserved":true,"osAcceptanceSignalAvailable":true,"route":"macosAccessibility","sharedInputSeatUsed":false,"supportLevel":"publicDocumented"},"pointerActivityMonitorHealthy":true,"rawInputPointerActivityObserved":false,"sharedPointerActivityObserved":false,"sharedPointerActivityState":"quiet","sharedPointerBoundaryCorroborated":true,"sharedPointerBoundaryState":"corroborated","spaceUnchanged":true,"userFocusUnchanged":true}
2026-08-24T06:18:07.633Z PASS semantic invoke screenshot changed: fresh exact-window pixels differ from the setValue stage
2026-08-24T06:18:08.226Z PASS persistent live share started: persistent-native-stream/exact-window
2026-08-24T06:18:08.226Z PASS SCStream start metadata: macos-screencapturekit-scstream, native=true, indicator-policy=true, selection=programmatic-exact-window
2026-08-24T06:18:08.226Z PASS live share ack pacing: latest-frame-wins, ackPaced=true
2026-08-24T06:18:08.226Z PASS live share cursor policy: system cursor excluded; synthetic session pointer composited
2026-08-24T06:18:08.539Z PASS persistent-share screenshot is fresh: sourceSequence=3
2026-08-24T06:18:09.086Z PASS same-PID sibling is remembered before primary pixel dispatch: sibling-main-and-focused=true, sibling-state-clean=true
2026-08-24T06:18:12.138Z PASS exact active target receiver observed during pixel lease: active-target=true, exact-main-and-focused=true, saved-user-owner=true
2026-08-24T06:18:12.241Z PASS background pixel click targets only primary and restores sibling receiver: only the primary click counter advanced and the target app's prior sibling receiver was restored
2026-08-24T06:18:12.241Z PASS pixel click conservatively classified: Unverifiable
2026-08-24T06:18:12.241Z PASS pixel action bound to persistent share: share=true, source=7
2026-08-24T06:18:12.241Z PASS live-share pixel click route, helper-preservation, and shared-pointer invariants: {"cursorPositionUnchanged":true,"foregroundUnchanged":true,"hardwareCursorPreservedByHelper":true,"helperGlobalPointerPreservation":"confirmed","hidSystemPointerActivityObserved":false,"injectedPointerActivityObserved":false,"inputDelivery":{"dispatchAttemptRecorded":true,"exactTargetBound":true,"globalHidInputUsed":false,"hardwareCursorMutationRequested":false,"osAcceptanceObserved":false,"osAcceptanceSignalAvailable":false,"route":"macosTargetedProcessEvent","sharedInputSeatUsed":false,"supportLevel":"privateUnsupported"},"pointerActivityMonitorHealthy":true,"rawInputPointerActivityObserved":false,"sharedPointerActivityObserved":false,"sharedPointerActivityState":"quiet","sharedPointerBoundaryCorroborated":true,"sharedPointerBoundaryState":"corroborated","spaceUnchanged":true,"userFocusUnchanged":true}
2026-08-24T06:18:12.337Z PASS same-PID pixel routing independent foreground/focus/pointer/Space invariants: {"foregroundUnchanged":true,"userFocusUnchanged":true,"foregroundIdentitySandwichHeld":true,"rawForegroundIdentitySandwichHeld":true,"foregroundAxFocusUnchanged":true,"foregroundAxFrontmostHeld":true,"cursorPositionUnchanged":true,"sharedPointerActivityObserved":false,"hidSystemPointerActivityObserved":false,"rawInputPointerActivityObserved":false,"injectedPointerActivityObserved":false,"pointerActivityMonitorHealthy":true,"sharedPointerBoundaryCorroborated":true,"sharedPointerBoundaryState":"corroborated","sharedPointerActivityState":"quiet","spaceUnchanged":true}
2026-08-24T06:18:12.442Z PASS native source remained live during input: source +26/drop +21; transport +4
2026-08-24T06:18:12.442Z PASS settled synthetic pointer published: action=click
2026-08-24T06:18:12.445Z PASS live-share action screenshot changed: fresh exact-window pixels include the action stage
2026-08-24T06:18:14.205Z PASS persistent share survived exact-target resize: 720x492 -> 820x552
2026-08-24T06:18:14.205Z PASS settled resize frame matches exact-window geometry: window=820x552, image=1218x820
2026-08-24T06:18:14.209Z PASS resize screenshot dimensions match settled observation: 1218x820
2026-08-24T06:18:14.209Z PASS resize screenshot geometry changed: 1209x826 -> 1218x820
2026-08-24T06:18:17.899Z PASS post-resize pixel click target-side proof: only the exact fixture click counter changed functional state after resize
2026-08-24T06:18:17.899Z PASS post-resize action bound to settled persistent share: frame=true, share=true, source=38
2026-08-24T06:18:17.899Z PASS post-resize pixel click conservatively classified: Unverifiable
2026-08-24T06:18:17.899Z PASS post-resize pixel click route, helper-preservation, and shared-pointer invariants: {"cursorPositionUnchanged":true,"foregroundUnchanged":true,"hardwareCursorPreservedByHelper":true,"helperGlobalPointerPreservation":"confirmed","hidSystemPointerActivityObserved":false,"injectedPointerActivityObserved":false,"inputDelivery":{"dispatchAttemptRecorded":true,"exactTargetBound":true,"globalHidInputUsed":false,"hardwareCursorMutationRequested":false,"osAcceptanceObserved":false,"osAcceptanceSignalAvailable":false,"route":"macosTargetedProcessEvent","sharedInputSeatUsed":false,"supportLevel":"privateUnsupported"},"pointerActivityMonitorHealthy":true,"rawInputPointerActivityObserved":false,"sharedPointerActivityObserved":false,"sharedPointerActivityState":"quiet","sharedPointerBoundaryCorroborated":true,"sharedPointerBoundaryState":"corroborated","spaceUnchanged":true,"userFocusUnchanged":true}
2026-08-24T06:18:17.899Z PASS post-resize pixel action independent foreground/focus/pointer/Space invariants: {"foregroundUnchanged":true,"userFocusUnchanged":true,"foregroundIdentitySandwichHeld":true,"rawForegroundIdentitySandwichHeld":true,"foregroundAxFocusUnchanged":true,"foregroundAxFrontmostHeld":true,"cursorPositionUnchanged":true,"sharedPointerActivityObserved":false,"hidSystemPointerActivityObserved":false,"rawInputPointerActivityObserved":false,"injectedPointerActivityObserved":false,"pointerActivityMonitorHealthy":true,"sharedPointerBoundaryCorroborated":true,"sharedPointerBoundaryState":"corroborated","sharedPointerActivityState":"quiet","spaceUnchanged":true}
2026-08-24T06:18:18.106Z PASS post-resize action retained resized exact-window stream: window=820x552, image=1218x820
2026-08-24T06:18:18.326Z PASS same-PID sibling is the prior receiver before text preparation: sibling-main-and-focused=true, sibling-state-clean=true
2026-08-24T06:18:18.534Z PASS background fixture field prepared without mutation while sibling remains prior receiver: the primary responder was prepared, the sibling was restored internally, and no target field mutated
2026-08-24T06:18:18.642Z PASS field preparation independent foreground/focus/pointer/Space invariants: {"foregroundUnchanged":true,"userFocusUnchanged":true,"foregroundIdentitySandwichHeld":true,"rawForegroundIdentitySandwichHeld":true,"foregroundAxFocusUnchanged":true,"foregroundAxFrontmostHeld":true,"cursorPositionUnchanged":true,"sharedPointerActivityObserved":false,"hidSystemPointerActivityObserved":false,"rawInputPointerActivityObserved":false,"injectedPointerActivityObserved":false,"pointerActivityMonitorHealthy":true,"sharedPointerBoundaryCorroborated":true,"sharedPointerBoundaryState":"corroborated","sharedPointerActivityState":"quiet","spaceUnchanged":true}
2026-08-24T06:18:18.866Z PASS same-PID sibling remains the exact prior receiver immediately before text request: sibling-main-and-focused=true
2026-08-24T06:18:20.479Z PASS native typeText exact fixture read-back with zero sibling mutation: appended 20 ASCII characters only to the primary field and restored the prior sibling receiver
2026-08-24T06:18:20.479Z PASS native typeText bounded product result: Unverifiable/exact-window-background, characters=20, utf16=20
2026-08-24T06:18:20.479Z PASS native typeText route, helper-preservation, and shared-pointer invariants: {"cursorPositionUnchanged":true,"foregroundUnchanged":true,"hardwareCursorPreservedByHelper":true,"helperGlobalPointerPreservation":"confirmed","hidSystemPointerActivityObserved":false,"injectedPointerActivityObserved":false,"inputDelivery":{"dispatchAttemptRecorded":true,"exactTargetBound":true,"globalHidInputUsed":false,"hardwareCursorMutationRequested":false,"osAcceptanceObserved":false,"osAcceptanceSignalAvailable":false,"route":"macosTargetedProcessEvent","sharedInputSeatUsed":false,"supportLevel":"privateUnsupported"},"pointerActivityMonitorHealthy":true,"rawInputPointerActivityObserved":false,"sharedPointerActivityObserved":false,"sharedPointerActivityState":"quiet","sharedPointerBoundaryCorroborated":true,"sharedPointerBoundaryState":"corroborated","spaceUnchanged":true,"userFocusUnchanged":true}
2026-08-24T06:18:20.575Z PASS native typeText independent foreground/focus/pointer/Space invariants: {"foregroundUnchanged":true,"userFocusUnchanged":true,"foregroundIdentitySandwichHeld":true,"rawForegroundIdentitySandwichHeld":true,"foregroundAxFocusUnchanged":true,"foregroundAxFrontmostHeld":true,"cursorPositionUnchanged":true,"sharedPointerActivityObserved":false,"hidSystemPointerActivityObserved":false,"rawInputPointerActivityObserved":false,"injectedPointerActivityObserved":false,"pointerActivityMonitorHealthy":true,"sharedPointerBoundaryCorroborated":true,"sharedPointerBoundaryState":"corroborated","sharedPointerActivityState":"quiet","spaceUnchanged":true}
2026-08-24T06:18:20.680Z PASS native text restore element discovered: AXTextField
2026-08-24T06:18:20.680Z PASS native text restore frame is bound to the persistent share authority: share=true, source=90
2026-08-24T06:18:21.767Z PASS native text fixture value restored: Confirmed/value-confirmed
2026-08-24T06:18:21.767Z PASS native text restore route, helper-preservation, and shared-pointer invariants: {"cursorPositionUnchanged":true,"foregroundUnchanged":true,"hardwareCursorPreservedByHelper":true,"helperGlobalPointerPreservation":"confirmed","hidSystemPointerActivityObserved":false,"injectedPointerActivityObserved":false,"inputDelivery":{"dispatchAttemptRecorded":true,"exactTargetBound":true,"globalHidInputUsed":false,"hardwareCursorMutationRequested":false,"osAcceptanceObserved":true,"osAcceptanceSignalAvailable":true,"route":"macosAccessibility","sharedInputSeatUsed":false,"supportLevel":"publicDocumented"},"pointerActivityMonitorHealthy":true,"rawInputPointerActivityObserved":false,"sharedPointerActivityObserved":false,"sharedPointerActivityState":"quiet","sharedPointerBoundaryCorroborated":true,"sharedPointerBoundaryState":"corroborated","spaceUnchanged":true,"userFocusUnchanged":true}
2026-08-24T06:18:21.767Z PASS native text restore exact fixture state: only the deterministic semantic value was restored
2026-08-24T06:18:21.974Z PASS persistent share sample count: 11 distinct transport frames
2026-08-24T06:18:21.974Z PASS one persistent share authority: 1 share IDs
2026-08-24T06:18:21.974Z PASS share-initial native stream metadata: macos-screencapturekit-scstream, native=true, indicator-policy=true, selection=programmatic-exact-window
2026-08-24T06:18:21.974Z PASS share-initial ack pacing metadata: ack=true, backpressure=latest-frame-wins
2026-08-24T06:18:21.974Z PASS share-cadence-1 native stream metadata: macos-screencapturekit-scstream, native=true, indicator-policy=true, selection=programmatic-exact-window
2026-08-24T06:18:21.974Z PASS share-cadence-1 ack pacing metadata: ack=true, backpressure=latest-frame-wins
2026-08-24T06:18:21.974Z PASS share-cadence-2 native stream metadata: macos-screencapturekit-scstream, native=true, indicator-policy=true, selection=programmatic-exact-window
2026-08-24T06:18:21.974Z PASS share-cadence-2 ack pacing metadata: ack=true, backpressure=latest-frame-wins
2026-08-24T06:18:21.974Z PASS share-after-long-action native stream metadata: macos-screencapturekit-scstream, native=true, indicator-policy=true, selection=programmatic-exact-window
2026-08-24T06:18:21.974Z PASS share-after-long-action ack pacing metadata: ack=true, backpressure=latest-frame-wins
2026-08-24T06:18:21.974Z PASS share-after-resize native stream metadata: macos-screencapturekit-scstream, native=true, indicator-policy=true, selection=programmatic-exact-window
2026-08-24T06:18:21.974Z PASS share-after-resize ack pacing metadata: ack=true, backpressure=latest-frame-wins
2026-08-24T06:18:21.974Z PASS share-resize-settled native stream metadata: macos-screencapturekit-scstream, native=true, indicator-policy=true, selection=programmatic-exact-window
2026-08-24T06:18:21.974Z PASS share-resize-settled ack pacing metadata: ack=true, backpressure=latest-frame-wins
2026-08-24T06:18:21.974Z PASS share-post-resize-cadence native stream metadata: macos-screencapturekit-scstream, native=true, indicator-policy=true, selection=programmatic-exact-window
2026-08-24T06:18:21.975Z PASS share-post-resize-cadence ack pacing metadata: ack=true, backpressure=latest-frame-wins
2026-08-24T06:18:21.975Z PASS share-after-post-resize-action native stream metadata: macos-screencapturekit-scstream, native=true, indicator-policy=true, selection=programmatic-exact-window
2026-08-24T06:18:21.975Z PASS share-after-post-resize-action ack pacing metadata: ack=true, backpressure=latest-frame-wins
2026-08-24T06:18:21.975Z PASS share-after-native-text-focus native stream metadata: macos-screencapturekit-scstream, native=true, indicator-policy=true, selection=programmatic-exact-window
2026-08-24T06:18:21.975Z PASS share-after-native-text-focus ack pacing metadata: ack=true, backpressure=latest-frame-wins
2026-08-24T06:18:21.975Z PASS share-after-native-text-delivery native stream metadata: macos-screencapturekit-scstream, native=true, indicator-policy=true, selection=programmatic-exact-window
2026-08-24T06:18:21.975Z PASS share-after-native-text-delivery ack pacing metadata: ack=true, backpressure=latest-frame-wins
2026-08-24T06:18:21.975Z PASS share-after-native-text-restore native stream metadata: macos-screencapturekit-scstream, native=true, indicator-policy=true, selection=programmatic-exact-window
2026-08-24T06:18:21.975Z PASS share-after-native-text-restore ack pacing metadata: ack=true, backpressure=latest-frame-wins
2026-08-24T06:18:21.975Z PASS share-cadence-1 independent sequences advance: source 3->5, transport 1->2
2026-08-24T06:18:21.975Z PASS share-cadence-1 drop counters are monotonic: source-drop 3->4, transport-drop 0->0
2026-08-24T06:18:21.975Z PASS share-cadence-1 previous frame was acknowledged: previous=1, ack=1, current=2
2026-08-24T06:18:21.975Z PASS share-cadence-2 independent sequences advance: source 5->7, transport 2->3
2026-08-24T06:18:21.975Z PASS share-cadence-2 drop counters are monotonic: source-drop 4->5, transport-drop 0->0
2026-08-24T06:18:21.975Z PASS share-cadence-2 previous frame was acknowledged: previous=2, ack=2, current=3
2026-08-24T06:18:21.975Z PASS share-after-long-action independent sequences advance: source 7->33, transport 3->7
2026-08-24T06:18:21.975Z PASS share-after-long-action drop counters are monotonic: source-drop 5->26, transport-drop 0->1
2026-08-24T06:18:21.975Z PASS share-after-long-action previous frame was acknowledged: previous=3, ack=6, current=7
2026-08-24T06:18:21.975Z PASS share-after-resize independent sequences advance: source 33->36, transport 7->9
2026-08-24T06:18:21.975Z PASS share-after-resize drop counters are monotonic: source-drop 26->27, transport-drop 1->1
2026-08-24T06:18:21.975Z PASS share-after-resize previous frame was acknowledged: previous=7, ack=8, current=9
2026-08-24T06:18:21.975Z PASS share-resize-settled independent sequences advance: source 36->37, transport 9->10
2026-08-24T06:18:21.975Z PASS share-resize-settled drop counters are monotonic: source-drop 27->27, transport-drop 1->1
2026-08-24T06:18:21.975Z PASS share-resize-settled previous frame was acknowledged: previous=9, ack=9, current=10
2026-08-24T06:18:21.975Z PASS share-post-resize-cadence independent sequences advance: source 37->38, transport 10->11
2026-08-24T06:18:21.975Z PASS share-post-resize-cadence drop counters are monotonic: source-drop 27->30, transport-drop 1->1
2026-08-24T06:18:21.975Z PASS share-post-resize-cadence previous frame was acknowledged: previous=10, ack=10, current=11
2026-08-24T06:18:21.975Z PASS share-after-post-resize-action independent sequences advance: source 38->64, transport 11->14
2026-08-24T06:18:21.975Z PASS share-after-post-resize-action drop counters are monotonic: source-drop 30->51, transport-drop 1->1
2026-08-24T06:18:21.975Z PASS share-after-post-resize-action previous frame was acknowledged: previous=11, ack=13, current=14
2026-08-24T06:18:21.975Z PASS share-after-native-text-focus independent sequences advance: source 64->69, transport 14->16
2026-08-24T06:18:21.975Z PASS share-after-native-text-focus drop counters are monotonic: source-drop 51->54, transport-drop 1->1
2026-08-24T06:18:21.975Z PASS share-after-native-text-focus previous frame was acknowledged: previous=14, ack=15, current=16
2026-08-24T06:18:21.975Z PASS share-after-native-text-delivery independent sequences advance: source 69->90, transport 16->20
2026-08-24T06:18:21.975Z PASS share-after-native-text-delivery drop counters are monotonic: source-drop 54->70, transport-drop 1->1
2026-08-24T06:18:21.975Z PASS share-after-native-text-delivery previous frame was acknowledged: previous=16, ack=19, current=20
2026-08-24T06:18:21.975Z PASS share-after-native-text-restore independent sequences advance: source 90->92, transport 20->22
2026-08-24T06:18:21.975Z PASS share-after-native-text-restore drop counters are monotonic: source-drop 70->70, transport-drop 1->1
2026-08-24T06:18:21.975Z PASS share-after-native-text-restore previous frame was acknowledged: previous=20, ack=21, current=22
2026-08-24T06:18:21.977Z PASS share status remains native and ack paced: macos-screencapturekit-scstream, source=92, transport=22
2026-08-24T06:18:21.977Z PASS share status drop domains retained: source-drop=70, transport-drop=1
2026-08-24T06:18:21.977Z PASS cancellation starts from a current resized share frame: share=true, source=92, screenshot-bound=true
2026-08-24T06:18:22.072Z PASS bounded fixture mouse-move instrumentation ready: baseline=61
2026-08-24T06:18:22.274Z PASS cancellation waits for target-routed native move delivery: moveEvents=61->63, wait=202ms
2026-08-24T06:18:22.276Z PASS exact duplicate observes one causally dispatched product action: HTTP 409, CALL_IN_PROGRESS
2026-08-24T06:18:22.277Z PASS authenticated exact-call cancellation accepted: HTTP 202, requested=true
2026-08-24T06:18:22.277Z PASS canceled original reports conservative outcome unknown: HTTP 504, COMMAND_OUTCOME_UNKNOWN/outcome_unknown, elapsed=205ms
2026-08-24T06:18:22.279Z PASS completed call cannot be canceled twice: HTTP 409, CALL_NOT_IN_PROGRESS
2026-08-24T06:18:22.281Z PASS exact canceled call replays without redispatch: HTTP 504, replayed=true
2026-08-24T06:18:22.282Z PASS changed command cannot reuse canceled call identity: HTTP 409, CALL_ID_REUSED/invalid_request
2026-08-24T06:18:22.284Z PASS cancellation fail-closed state names the exact-session revocation: outcome-unknown/COMMAND_OUTCOME_UNKNOWN
2026-08-24T06:18:22.285Z PASS cancellation tears down the computer screenshot surface: HTTP 404, NO_COMPUTER_SCREENSHOT
2026-08-24T06:18:22.590Z PASS canceled share surface stays torn down: no queued SCStream frame republished authority after cancellation
2026-08-24T06:18:22.593Z PASS post-cancellation share stop is idempotently fail-closed: false/false/not-active
2026-08-24T06:18:22.595Z PASS explicit stop preserves surface teardown: computer observation, screenshot, pointer, and share authority remain unavailable
2026-08-24T06:18:22.597Z PASS revoked authority gates pre-recovery mutations before helper relay: HTTP 409, NO_COMPUTER_FRAME/stale_snapshot/reobserve
2026-08-24T06:18:22.599Z PASS gated old-frame action cannot recreate a computer surface: no frame, screenshot, pointer, or share authority was republished
2026-08-24T06:18:23.069Z PASS explicit one-shot observation recovers exact-session authority: session-preserved=true, fresh-frame=true
2026-08-24T06:18:23.071Z PASS pre-cancellation frame stays stale after explicit recovery: HTTP 409, COMPUTER_STALE_FRAME/stale_snapshot/reobserve
2026-08-24T06:18:23.073Z PASS rejected stale action preserves the recovered exact frame: the old frame was refused without replacing or revoking the recovered one-shot frame
2026-08-24T06:18:23.073Z PASS fixture final state: {"clicks":2,"semanticPresses":1,"semanticValueMatchesExpected":true,"resizeCount":1,"focusCount":1,"siblingFocusCount":1,"siblingTextLength":0,"siblingClicks":0,"distinctSamePidWindows":true,"moveEvents":64,"appliedControlSequence":2,"contentWidth":820,"contentHeight":520}
2026-08-24T06:18:23.073Z PASS canceled move, gated refusal, recovery, and stale refusal caused no functional fixture mutation: functional fixture state stayed exact; only bounded move-delivery instrumentation advanced
2026-08-24T06:18:23.187Z PASS final same-PID receiver main and focus are restored before target close: sibling-main-and-focused=true
2026-08-24T06:18:23.291Z PASS cancellation/stop independent foreground/focus/pointer/Space invariants: {"foregroundUnchanged":true,"userFocusUnchanged":true,"foregroundIdentitySandwichHeld":true,"rawForegroundIdentitySandwichHeld":true,"foregroundAxFocusUnchanged":true,"foregroundAxFrontmostHeld":true,"cursorPositionUnchanged":true,"sharedPointerActivityObserved":false,"hidSystemPointerActivityObserved":false,"rawInputPointerActivityObserved":false,"injectedPointerActivityObserved":false,"pointerActivityMonitorHealthy":true,"sharedPointerBoundaryCorroborated":true,"sharedPointerBoundaryState":"corroborated","sharedPointerActivityState":"quiet","spaceUnchanged":true}
2026-08-24T06:18:23.291Z PASS every retained screenshot is bound only to the primary exact window: 6 primary-only screenshot records; sibling excluded=true
2026-08-24T06:18:23.921Z PASS target-close persistent share started with fresh authority: fresh-share=true, target=true, backend=macos-screencapturekit-scstream
2026-08-24T06:18:23.921Z PASS fresh share start retires the recovered one-shot frame under exact new authority: same-session=true, new-frame=true, exact-share=true
2026-08-24T06:18:24.129Z PASS exact target is alive while its closing share frame is current: share=true, recovered-retired=true, start-frame-retired=true, source=3
2026-08-24T06:18:24.133Z exact fixture target stopped
2026-08-24T06:18:24.133Z PASS rig closed the exact target while its persistent share was active: signal-requested=true, already-exited=false
2026-08-24T06:18:24.340Z PASS helper-originated exact-share failure stops server authority: capture-error/COMPUTER_NO_WINDOW, same-helper=true
2026-08-24T06:18:24.342Z PASS target close clears the exact share screenshot surface: HTTP 404, NO_COMPUTER_SCREENSHOT
2026-08-24T06:18:24.646Z PASS closed target cannot republish a queued native frame: 3 frame periods settled without authority republish
2026-08-24T06:18:24.649Z PASS closed-target frame is refused before helper action relay: HTTP 409, NO_COMPUTER_FRAME/stale_snapshot
2026-08-24T06:18:24.651Z PASS stale closed-target action cannot recreate a computer surface: the retired frame remained unavailable after the rejected mutation
2026-08-24T06:18:25.092Z PASS explicit observe cannot recover a closed exact target: HTTP 409, COMPUTER_NO_WINDOW/target_changed
2026-08-24T06:18:25.095Z PASS closed-target observe refusal preserves terminal teardown: the failed recovery did not restore observation, screenshot, pointer, share, or frame authority
2026-08-24T06:18:25.472Z PASS helper independently observes the exact target pair is gone: the helper no longer enumerates either real window from the closed fixture process
2026-08-24T06:18:25.475Z PASS target-close share stop is idempotently clean: false/false/not-active
2026-08-24T06:18:25.477Z PASS target-close cleanup leaves no share or frame authority: the same helper remains ready with no target, share, observation, screenshot, or frame authority
2026-08-24T06:18:25.592Z PASS target-close independent foreground/focus/pointer/Space invariants: {"foregroundUnchanged":true,"userFocusUnchanged":true,"foregroundIdentitySandwichHeld":true,"rawForegroundIdentitySandwichHeld":true,"foregroundAxFocusUnchanged":true,"foregroundAxFrontmostHeld":true,"cursorPositionUnchanged":true,"sharedPointerActivityObserved":false,"hidSystemPointerActivityObserved":false,"rawInputPointerActivityObserved":false,"injectedPointerActivityObserved":false,"pointerActivityMonitorHealthy":true,"sharedPointerBoundaryCorroborated":true,"sharedPointerBoundaryState":"corroborated","sharedPointerActivityState":"quiet","spaceUnchanged":true}
2026-08-24T06:18:25.700Z FAIL whole-run independent foreground/focus/pointer/Space invariants: {"foregroundUnchanged":true,"userFocusUnchanged":true,"foregroundIdentitySandwichHeld":true,"rawForegroundIdentitySandwichHeld":true,"foregroundAxFocusUnchanged":true,"foregroundAxFrontmostHeld":true,"cursorPositionUnchanged":false,"sharedPointerActivityObserved":true,"hidSystemPointerActivityObserved":true,"rawInputPointerActivityObserved":false,"injectedPointerActivityObserved":false,"pointerActivityMonitorHealthy":true,"sharedPointerBoundaryCorroborated":true,"sharedPointerBoundaryState":"corroborated","sharedPointerActivityState":"contaminated","spaceUnchanged":true}
2026-08-24T06:18:25.902Z FATAL whole-run independent foreground/focus/pointer/Space invariants: {"foregroundUnchanged":true,"userFocusUnchanged":true,"foregroundIdentitySandwichHeld":true,"rawForegroundIdentitySandwichHeld":true,"foregroundAxFocusUnchanged":true,"foregroundAxFrontmostHeld":true,"cursorPositionUnchanged":false,"sharedPointerActivityObserved":true,"hidSystemPointerActivityObserved":true,"rawInputPointerActivityObserved":false,"injectedPointerActivityObserved":false,"pointerActivityMonitorHealthy":true,"sharedPointerBoundaryCorroborated":true,"sharedPointerBoundaryState":"corroborated","sharedPointerActivityState":"contaminated","spaceUnchanged":true}
2026-08-24T06:18:25.905Z helper stopped
2026-08-24T06:18:25.906Z server stopped
2026-08-24T06:18:25.908Z scratch directory removed
