2026-08-27T08:19:02.626Z PASS evidence output parent is an owner-private ordinary directory: the direct evidence parent is ordinary, owner-private, and current-user owned
2026-08-27T08:19:02.627Z PASS evidence output directory is newly created and owner-private: the runner created one private lane output directory
2026-08-27T08:19:03.410Z PASS pre-run harness source commit matches coordinator binding: exact source SHA matched
2026-08-27T08:19:03.410Z PASS pre-run harness checkout is detached: detached HEAD
2026-08-27T08:19:03.410Z PASS pre-run harness checkout is clean: tracked, staged, deleted, and untracked sets are empty
2026-08-27T08:19:03.411Z PASS pre-run harness source repository passes git fsck: git fsck --full passed
2026-08-27T08:19:03.411Z PASS pre-run harness files are exact tracked blobs: runner, native probes, and acceptance finalizer match HEAD blobs
2026-08-27T08:19:03.413Z PASS macOS host: Darwin
2026-08-27T08:19:03.419Z PASS expected checksum-manifest hash format: 64 lowercase hexadecimal characters
2026-08-27T08:19:03.420Z PASS canonical checksum-manifest name: SHA256SUMS.txt
2026-08-27T08:19:03.420Z PASS exact archive name: local-browser-bridge-v0.12.39-macos-universal.tar.gz
2026-08-27T08:19:03.420Z PASS checksum manifest is one bounded current-user-owned ordinary file: ordinary, singly linked, owner-controlled, and within the manifest byte bound
2026-08-27T08:19:03.420Z PASS checksum manifest stayed stable while it was bound: path and descriptor identity, size, links, and timestamps remained unchanged
2026-08-27T08:19:03.420Z PASS out-of-band checksum-manifest hash matches: 48faded3894941446f82575332b79bfbe869eab9b4fd001a1c7055fb0e6697cf
2026-08-27T08:19:03.420Z PASS checksum manifest has the exact canonical four-entry set: local-browser-bridge-v0.12.39-windows-x86_64.exe,local-computer-helper-v0.12.39-windows-x86_64.exe,local-browser-bridge-v0.12.39-macos-universal.tar.gz,local-browser-bridge-extension-v0.12.39.zip
2026-08-27T08:19:03.420Z PASS canonical manifest contains the macOS archive checksum: 87530dc2b8beffb5cdb50c8f9cecc7fad26403e30fe0bdccadcfe38e1702fd55
2026-08-27T08:19:03.464Z PASS macOS archive bounded exact inventory: ten PAX-free regular-file/directory entries passed bounded streaming extraction
2026-08-27T08:19:03.464Z PASS archive checksum is bound by the canonical manifest: 87530dc2b8beffb5cdb50c8f9cecc7fad26403e30fe0bdccadcfe38e1702fd55
2026-08-27T08:19:03.468Z PASS supplied server is archive-exact: e4974bab12d7992bd56d3d6b1fdde41bcab29207e4376bc14521e1f4fe577ff2
2026-08-27T08:19:03.470Z PASS supplied helper is archive-exact: c3e87ad87b724727d44cd564c49449be3baec2acb4e5fb750c4a3fd5040b19ca
2026-08-27T08:19:03.482Z PASS server universal architecture: arm64,x86_64
2026-08-27T08:19:03.482Z PASS helper universal architecture: arm64,x86_64
2026-08-27T08:19:03.482Z PASS helper uses packaged app layout: Local Computer Helper.app
2026-08-27T08:19:03.504Z PASS strict code-signature verification: server, helper executable, and helper app bundle passed strict verification
2026-08-27T08:19:03.509Z PASS helper bundle version: 0.12.39/0.12.39
2026-08-27T08:19:04.823Z PASS optional physical-pointer adversarial prompt self-test: source-only optional adversarial prompt cannot satisfy either release lane
2026-08-27T08:19:05.395Z PASS app-share handoff bundle identity: dev.flrngel.local-browser-bridge.acceptance.app-share
2026-08-27T08:19:05.666Z PASS app-share handoff self-test: stable bundle/window/button vocabulary and create-once receipts
2026-08-27T08:19:05.960Z PASS screen-capture permission preflight: preexisting permission; no request was made
2026-08-27T08:19:05.960Z PASS accessibility permission preflight: preexisting permission; no request was made
2026-08-27T08:19:05.960Z PASS active Space probe available: nonzero active Space identity
2026-08-27T08:19:05.960Z PASS sandwiched foreground AX focus probe available: stable NSWorkspace/raw PSN plus exact AX focused/main-window identities are available
2026-08-27T08:19:42.470Z PASS native quiet-seat stabilization completed before candidate execution: 36510 ms across 60 stable native transitions after 0 reset(s)
2026-08-27T08:19:42.796Z PASS server version: 0.12.39
2026-08-27T08:19:43.004Z PASS helper version: 0.12.39
2026-08-27T08:19:43.517Z PASS fixture process identity: state belongs to the spawned fixture
2026-08-27T08:19:43.696Z PASS startup same-PID sibling is the target app's remembered receiver: sibling-main-and-focused=true, fixture-background=true
2026-08-27T08:19:44.028Z PASS packaged helper compatible: protocol-compatible helper 0.12.39
2026-08-27T08:19:44.028Z PASS single helper spawn: 1 packaged helper process
2026-08-27T08:19:44.028Z PASS acknowledged share advertised: computer.share.ack present
2026-08-27T08:19:44.028Z PASS native stream advertised: computer.capture.native-stream.v1 present
2026-08-27T08:19:44.028Z PASS input-delivery provenance advertised: computer.input-delivery-provenance.v1 present
2026-08-27T08:19:44.028Z PASS pointer-activity monitor advertised: computer.pointer-activity-monitor.v1 present
2026-08-27T08:19:44.182Z PASS helper status backend: background-window/ax+skylight+screencapturekit-stream
2026-08-27T08:19:44.182Z PASS background shared-session mode: background-window/shared-user-session/target-routed
2026-08-27T08:19:44.182Z PASS background input backend ready: target-routed input is ready
2026-08-27T08:19:44.182Z PASS semantic backend ready: macos-accessibility is ready without prompting
2026-08-27T08:19:44.182Z PASS fixture exact window discovered: 1 matching windows
2026-08-27T08:19:44.182Z PASS genuine same-PID sibling window discovered: 1 sibling matches, distinct=true
2026-08-27T08:19:44.182Z PASS fixture is a background target: neither same-PID fixture window owns the user's foreground process or front window
2026-08-27T08:19:44.411Z PASS exact fixture window observed: 1209x826
2026-08-27T08:19:44.411Z PASS semantic snapshot available: 4 elements
2026-08-27T08:19:44.416Z PASS semantic value element discovered: AXTextField
2026-08-27T08:19:45.524Z PASS semantic setValue confirmed: Confirmed/value-confirmed
2026-08-27T08:19:45.524Z PASS semantic setValue route, helper-preservation, and shared-pointer invariants: {"cursorPositionUnchanged":true,"foregroundUnchanged":true,"hardwareCursorPreservedByHelper":true,"helperGlobalPointerPreservation":"confirmed","hidSystemPointerActivityObserved":false,"injectedPointerActivityObserved":false,"inputDelivery":{"dispatchAttemptRecorded":true,"exactTargetBound":true,"globalHidInputUsed":false,"hardwareCursorMutationRequested":false,"osAcceptanceObserved":true,"osAcceptanceSignalAvailable":true,"route":"macosAccessibility","sharedInputSeatUsed":false,"supportLevel":"publicDocumented"},"pointerActivityMonitorHealthy":true,"rawInputPointerActivityObserved":false,"sharedPointerActivityObserved":false,"sharedPointerActivityState":"quiet","sharedPointerBoundaryCorroborated":true,"sharedPointerBoundaryState":"corroborated","spaceUnchanged":true,"userFocusUnchanged":true}
2026-08-27T08:19:45.735Z PASS semantic setValue screenshot changed: fresh exact-window pixels differ from the pre-action observation
2026-08-27T08:19:45.735Z PASS semantic action element discovered: AXButton
2026-08-27T08:19:46.898Z PASS semantic invoke target-side proof: fixture semantic counter advanced to 1
2026-08-27T08:19:46.898Z PASS semantic invoke conservatively classified: Partial/element-state-changed
2026-08-27T08:19:46.898Z PASS semantic invoke route, helper-preservation, and shared-pointer invariants: {"cursorPositionUnchanged":true,"foregroundUnchanged":true,"hardwareCursorPreservedByHelper":true,"helperGlobalPointerPreservation":"confirmed","hidSystemPointerActivityObserved":false,"injectedPointerActivityObserved":false,"inputDelivery":{"dispatchAttemptRecorded":true,"exactTargetBound":true,"globalHidInputUsed":false,"hardwareCursorMutationRequested":false,"osAcceptanceObserved":true,"osAcceptanceSignalAvailable":true,"route":"macosAccessibility","sharedInputSeatUsed":false,"supportLevel":"publicDocumented"},"pointerActivityMonitorHealthy":true,"rawInputPointerActivityObserved":false,"sharedPointerActivityObserved":false,"sharedPointerActivityState":"quiet","sharedPointerBoundaryCorroborated":true,"sharedPointerBoundaryState":"corroborated","spaceUnchanged":true,"userFocusUnchanged":true}
2026-08-27T08:19:47.112Z PASS semantic invoke screenshot changed: fresh exact-window pixels differ from the setValue stage
2026-08-27T08:19:47.657Z PASS persistent live share started: persistent-native-stream/exact-window
2026-08-27T08:19:47.657Z PASS SCStream start metadata: macos-screencapturekit-scstream, native=true, indicator-policy=true, selection=programmatic-exact-window
2026-08-27T08:19:47.657Z PASS live share ack pacing: latest-frame-wins, ackPaced=true
2026-08-27T08:19:47.657Z PASS live share cursor policy: system cursor excluded; synthetic session pointer composited
2026-08-27T08:19:47.869Z PASS persistent-share screenshot is fresh: sourceSequence=3
2026-08-27T08:19:48.462Z PASS same-PID sibling is remembered before primary pixel dispatch: sibling-main-and-focused=true, sibling-state-clean=true
2026-08-27T08:19:51.102Z PASS exact active target receiver observed during pixel lease: active-target=true, exact-main-and-focused=true, saved-user-owner=true
2026-08-27T08:19:51.192Z PASS background pixel click targets only primary and restores sibling receiver: only the primary click counter advanced and the target app's prior sibling receiver was restored
2026-08-27T08:19:51.192Z PASS pixel click conservatively classified: Unverifiable
2026-08-27T08:19:51.192Z PASS pixel action bound to persistent share: share=true, source=7
2026-08-27T08:19:51.192Z PASS live-share pixel click route, helper-preservation, and shared-pointer invariants: {"cursorPositionUnchanged":true,"foregroundUnchanged":true,"hardwareCursorPreservedByHelper":true,"helperGlobalPointerPreservation":"confirmed","hidSystemPointerActivityObserved":false,"injectedPointerActivityObserved":false,"inputDelivery":{"dispatchAttemptRecorded":true,"exactTargetBound":true,"globalHidInputUsed":false,"hardwareCursorMutationRequested":false,"osAcceptanceObserved":false,"osAcceptanceSignalAvailable":false,"route":"macosTargetedProcessEvent","sharedInputSeatUsed":false,"supportLevel":"privateUnsupported"},"pointerActivityMonitorHealthy":true,"rawInputPointerActivityObserved":false,"sharedPointerActivityObserved":false,"sharedPointerActivityState":"quiet","sharedPointerBoundaryCorroborated":true,"sharedPointerBoundaryState":"corroborated","spaceUnchanged":true,"userFocusUnchanged":true}
2026-08-27T08:19:51.279Z PASS same-PID pixel routing independent foreground/focus/pointer/Space invariants: {"foregroundUnchanged":true,"userFocusUnchanged":true,"foregroundIdentitySandwichHeld":true,"rawForegroundIdentitySandwichHeld":true,"foregroundAxFocusUnchanged":true,"foregroundAxFrontmostHeld":true,"cursorPositionUnchanged":true,"sharedPointerActivityObserved":false,"hidSystemPointerActivityObserved":false,"rawInputPointerActivityObserved":false,"injectedPointerActivityObserved":false,"pointerActivityMonitorHealthy":true,"sharedPointerBoundaryCorroborated":true,"sharedPointerBoundaryState":"corroborated","sharedPointerActivityState":"quiet","hidSystemKeyboardActivityObserved":false,"keyboardActivityMonitorHealthy":true,"sharedKeyboardBoundaryCorroborated":true,"sharedKeyboardBoundaryState":"corroborated","sharedKeyboardActivityState":"quiet","sharedInputSeatActivityObserved":false,"spaceUnchanged":true}
2026-08-27T08:19:51.384Z PASS native source remained live during input: source +23/drop +19; transport +4
2026-08-27T08:19:51.384Z PASS settled synthetic pointer published: action=click
2026-08-27T08:19:51.387Z PASS live-share action screenshot changed: fresh exact-window pixels include the action stage
2026-08-27T08:19:53.837Z PASS persistent share survived exact-target resize: 720x492 -> 820x552
2026-08-27T08:19:53.837Z PASS settled resize frame matches exact-window geometry: window=820x552, image=1218x820
2026-08-27T08:19:53.841Z PASS resize screenshot dimensions match settled observation: 1218x820
2026-08-27T08:19:53.841Z PASS resize screenshot geometry changed: 1209x826 -> 1218x820
2026-08-27T08:19:59.227Z PASS post-resize pixel click target-side proof: only the exact fixture click counter changed functional state after resize
2026-08-27T08:19:59.227Z PASS post-resize action bound to settled persistent share: frame=true, share=true, source=34
2026-08-27T08:19:59.227Z PASS post-resize pixel click conservatively classified: Unverifiable
2026-08-27T08:19:59.227Z PASS post-resize pixel click route, helper-preservation, and shared-pointer invariants: {"cursorPositionUnchanged":true,"foregroundUnchanged":true,"hardwareCursorPreservedByHelper":true,"helperGlobalPointerPreservation":"confirmed","hidSystemPointerActivityObserved":false,"injectedPointerActivityObserved":false,"inputDelivery":{"dispatchAttemptRecorded":true,"exactTargetBound":true,"globalHidInputUsed":false,"hardwareCursorMutationRequested":false,"osAcceptanceObserved":false,"osAcceptanceSignalAvailable":false,"route":"macosTargetedProcessEvent","sharedInputSeatUsed":false,"supportLevel":"privateUnsupported"},"pointerActivityMonitorHealthy":true,"rawInputPointerActivityObserved":false,"sharedPointerActivityObserved":false,"sharedPointerActivityState":"quiet","sharedPointerBoundaryCorroborated":true,"sharedPointerBoundaryState":"corroborated","spaceUnchanged":true,"userFocusUnchanged":true}
2026-08-27T08:19:59.227Z PASS post-resize pixel action independent foreground/focus/pointer/Space invariants: {"foregroundUnchanged":true,"userFocusUnchanged":true,"foregroundIdentitySandwichHeld":true,"rawForegroundIdentitySandwichHeld":true,"foregroundAxFocusUnchanged":true,"foregroundAxFrontmostHeld":true,"cursorPositionUnchanged":true,"sharedPointerActivityObserved":false,"hidSystemPointerActivityObserved":false,"rawInputPointerActivityObserved":false,"injectedPointerActivityObserved":false,"pointerActivityMonitorHealthy":true,"sharedPointerBoundaryCorroborated":true,"sharedPointerBoundaryState":"corroborated","sharedPointerActivityState":"quiet","hidSystemKeyboardActivityObserved":false,"keyboardActivityMonitorHealthy":true,"sharedKeyboardBoundaryCorroborated":true,"sharedKeyboardBoundaryState":"corroborated","sharedKeyboardActivityState":"quiet","sharedInputSeatActivityObserved":false,"spaceUnchanged":true}
2026-08-27T08:19:59.849Z PASS post-resize action retained resized exact-window stream: window=820x552, image=1218x820
2026-08-27T08:20:00.017Z PASS same-PID sibling is the prior receiver before text preparation: sibling-main-and-focused=true, sibling-state-clean=true
2026-08-27T08:20:00.192Z PASS background fixture field prepared without mutation while sibling remains prior receiver: the primary responder was prepared, the sibling was restored internally, and no target field mutated
2026-08-27T08:20:00.257Z PASS field preparation independent foreground/focus/pointer/Space invariants: {"foregroundUnchanged":true,"userFocusUnchanged":true,"foregroundIdentitySandwichHeld":true,"rawForegroundIdentitySandwichHeld":true,"foregroundAxFocusUnchanged":true,"foregroundAxFrontmostHeld":true,"cursorPositionUnchanged":true,"sharedPointerActivityObserved":false,"hidSystemPointerActivityObserved":false,"rawInputPointerActivityObserved":false,"injectedPointerActivityObserved":false,"pointerActivityMonitorHealthy":true,"sharedPointerBoundaryCorroborated":true,"sharedPointerBoundaryState":"corroborated","sharedPointerActivityState":"quiet","hidSystemKeyboardActivityObserved":false,"keyboardActivityMonitorHealthy":true,"sharedKeyboardBoundaryCorroborated":true,"sharedKeyboardBoundaryState":"corroborated","sharedKeyboardActivityState":"quiet","sharedInputSeatActivityObserved":false,"spaceUnchanged":true}
2026-08-27T08:20:00.391Z PASS same-PID sibling remains the exact prior receiver immediately before text request: sibling-main-and-focused=true
2026-08-27T08:20:02.299Z PASS native typeText exact fixture read-back with zero sibling mutation: appended 20 ASCII characters only to the primary field and restored the prior sibling receiver
2026-08-27T08:20:02.299Z PASS native typeText bounded product result: Unverifiable/exact-window-background, characters=20, utf16=20
2026-08-27T08:20:02.299Z PASS native typeText route, helper-preservation, and shared-pointer invariants: {"cursorPositionUnchanged":true,"foregroundUnchanged":true,"hardwareCursorPreservedByHelper":true,"helperGlobalPointerPreservation":"confirmed","hidSystemPointerActivityObserved":false,"injectedPointerActivityObserved":false,"inputDelivery":{"dispatchAttemptRecorded":true,"exactTargetBound":true,"globalHidInputUsed":false,"hardwareCursorMutationRequested":false,"osAcceptanceObserved":false,"osAcceptanceSignalAvailable":false,"route":"macosTargetedProcessEvent","sharedInputSeatUsed":false,"supportLevel":"privateUnsupported"},"pointerActivityMonitorHealthy":true,"rawInputPointerActivityObserved":false,"sharedPointerActivityObserved":false,"sharedPointerActivityState":"quiet","sharedPointerBoundaryCorroborated":true,"sharedPointerBoundaryState":"corroborated","spaceUnchanged":true,"userFocusUnchanged":true}
2026-08-27T08:20:02.360Z PASS native typeText independent foreground/focus/pointer/Space invariants: {"foregroundUnchanged":true,"userFocusUnchanged":true,"foregroundIdentitySandwichHeld":true,"rawForegroundIdentitySandwichHeld":true,"foregroundAxFocusUnchanged":true,"foregroundAxFrontmostHeld":true,"cursorPositionUnchanged":true,"sharedPointerActivityObserved":false,"hidSystemPointerActivityObserved":false,"rawInputPointerActivityObserved":false,"injectedPointerActivityObserved":false,"pointerActivityMonitorHealthy":true,"sharedPointerBoundaryCorroborated":true,"sharedPointerBoundaryState":"corroborated","sharedPointerActivityState":"quiet","hidSystemKeyboardActivityObserved":false,"keyboardActivityMonitorHealthy":true,"sharedKeyboardBoundaryCorroborated":true,"sharedKeyboardBoundaryState":"corroborated","sharedKeyboardActivityState":"quiet","sharedInputSeatActivityObserved":false,"spaceUnchanged":true}
2026-08-27T08:20:02.465Z PASS native text restore element discovered: AXTextField
2026-08-27T08:20:02.465Z PASS native text restore frame is bound to the persistent share authority: share=true, source=47
2026-08-27T08:20:03.366Z PASS native text fixture value restored: Confirmed/value-confirmed
2026-08-27T08:20:03.366Z PASS native text restore route, helper-preservation, and shared-pointer invariants: {"cursorPositionUnchanged":true,"foregroundUnchanged":true,"hardwareCursorPreservedByHelper":true,"helperGlobalPointerPreservation":"confirmed","hidSystemPointerActivityObserved":false,"injectedPointerActivityObserved":false,"inputDelivery":{"dispatchAttemptRecorded":true,"exactTargetBound":true,"globalHidInputUsed":false,"hardwareCursorMutationRequested":false,"osAcceptanceObserved":true,"osAcceptanceSignalAvailable":true,"route":"macosAccessibility","sharedInputSeatUsed":false,"supportLevel":"publicDocumented"},"pointerActivityMonitorHealthy":true,"rawInputPointerActivityObserved":false,"sharedPointerActivityObserved":false,"sharedPointerActivityState":"quiet","sharedPointerBoundaryCorroborated":true,"sharedPointerBoundaryState":"corroborated","spaceUnchanged":true,"userFocusUnchanged":true}
2026-08-27T08:20:03.366Z PASS native text restore exact fixture state: only the deterministic semantic value was restored
2026-08-27T08:20:05.550Z PASS persistent share sample count: 11 distinct transport frames
2026-08-27T08:20:05.550Z PASS one persistent share authority: 1 share IDs
2026-08-27T08:20:05.550Z PASS share-initial native stream metadata: macos-screencapturekit-scstream, native=true, indicator-policy=true, selection=programmatic-exact-window
2026-08-27T08:20:05.550Z PASS share-initial ack pacing metadata: ack=true, backpressure=latest-frame-wins
2026-08-27T08:20:05.550Z PASS share-cadence-1 native stream metadata: macos-screencapturekit-scstream, native=true, indicator-policy=true, selection=programmatic-exact-window
2026-08-27T08:20:05.550Z PASS share-cadence-1 ack pacing metadata: ack=true, backpressure=latest-frame-wins
2026-08-27T08:20:05.550Z PASS share-cadence-2 native stream metadata: macos-screencapturekit-scstream, native=true, indicator-policy=true, selection=programmatic-exact-window
2026-08-27T08:20:05.550Z PASS share-cadence-2 ack pacing metadata: ack=true, backpressure=latest-frame-wins
2026-08-27T08:20:05.550Z PASS share-after-long-action native stream metadata: macos-screencapturekit-scstream, native=true, indicator-policy=true, selection=programmatic-exact-window
2026-08-27T08:20:05.550Z PASS share-after-long-action ack pacing metadata: ack=true, backpressure=latest-frame-wins
2026-08-27T08:20:05.550Z PASS share-after-resize native stream metadata: macos-screencapturekit-scstream, native=true, indicator-policy=true, selection=programmatic-exact-window
2026-08-27T08:20:05.550Z PASS share-after-resize ack pacing metadata: ack=true, backpressure=latest-frame-wins
2026-08-27T08:20:05.550Z PASS share-resize-settled native stream metadata: macos-screencapturekit-scstream, native=true, indicator-policy=true, selection=programmatic-exact-window
2026-08-27T08:20:05.550Z PASS share-resize-settled ack pacing metadata: ack=true, backpressure=latest-frame-wins
2026-08-27T08:20:05.550Z PASS share-post-resize-cadence native stream metadata: macos-screencapturekit-scstream, native=true, indicator-policy=true, selection=programmatic-exact-window
2026-08-27T08:20:05.550Z PASS share-post-resize-cadence ack pacing metadata: ack=true, backpressure=latest-frame-wins
2026-08-27T08:20:05.550Z PASS share-after-post-resize-action native stream metadata: macos-screencapturekit-scstream, native=true, indicator-policy=true, selection=programmatic-exact-window
2026-08-27T08:20:05.550Z PASS share-after-post-resize-action ack pacing metadata: ack=true, backpressure=latest-frame-wins
2026-08-27T08:20:05.550Z PASS share-after-native-text-focus native stream metadata: macos-screencapturekit-scstream, native=true, indicator-policy=true, selection=programmatic-exact-window
2026-08-27T08:20:05.550Z PASS share-after-native-text-focus ack pacing metadata: ack=true, backpressure=latest-frame-wins
2026-08-27T08:20:05.550Z PASS share-after-native-text-delivery native stream metadata: macos-screencapturekit-scstream, native=true, indicator-policy=true, selection=programmatic-exact-window
2026-08-27T08:20:05.551Z PASS share-after-native-text-delivery ack pacing metadata: ack=true, backpressure=latest-frame-wins
2026-08-27T08:20:05.551Z PASS share-after-native-text-restore native stream metadata: macos-screencapturekit-scstream, native=true, indicator-policy=true, selection=programmatic-exact-window
2026-08-27T08:20:05.551Z PASS share-after-native-text-restore ack pacing metadata: ack=true, backpressure=latest-frame-wins
2026-08-27T08:20:05.551Z PASS share-cadence-1 independent sequences advance: source 3->5, transport 1->2
2026-08-27T08:20:05.551Z PASS share-cadence-1 drop counters are monotonic: source-drop 3->3, transport-drop 0->0
2026-08-27T08:20:05.551Z PASS share-cadence-1 previous frame was acknowledged: previous=1, ack=1, current=2
2026-08-27T08:20:05.551Z PASS share-cadence-2 independent sequences advance: source 5->7, transport 2->3
2026-08-27T08:20:05.551Z PASS share-cadence-2 drop counters are monotonic: source-drop 3->4, transport-drop 0->0
2026-08-27T08:20:05.551Z PASS share-cadence-2 previous frame was acknowledged: previous=2, ack=2, current=3
2026-08-27T08:20:05.551Z PASS share-after-long-action independent sequences advance: source 7->30, transport 3->7
2026-08-27T08:20:05.551Z PASS share-after-long-action drop counters are monotonic: source-drop 4->23, transport-drop 0->1
2026-08-27T08:20:05.551Z PASS share-after-long-action previous frame was acknowledged: previous=3, ack=6, current=7
2026-08-27T08:20:05.551Z PASS share-after-resize independent sequences advance: source 30->32, transport 7->8
2026-08-27T08:20:05.551Z PASS share-after-resize drop counters are monotonic: source-drop 23->24, transport-drop 1->1
2026-08-27T08:20:05.551Z PASS share-after-resize previous frame was acknowledged: previous=7, ack=7, current=8
2026-08-27T08:20:05.551Z PASS share-resize-settled independent sequences advance: source 32->33, transport 8->9
2026-08-27T08:20:05.551Z PASS share-resize-settled drop counters are monotonic: source-drop 24->24, transport-drop 1->1
2026-08-27T08:20:05.551Z PASS share-resize-settled previous frame was acknowledged: previous=8, ack=8, current=9
2026-08-27T08:20:05.551Z PASS share-post-resize-cadence independent sequences advance: source 33->34, transport 9->10
2026-08-27T08:20:05.551Z PASS share-post-resize-cadence drop counters are monotonic: source-drop 24->24, transport-drop 1->1
2026-08-27T08:20:05.551Z PASS share-post-resize-cadence previous frame was acknowledged: previous=9, ack=9, current=10
2026-08-27T08:20:05.551Z PASS share-after-post-resize-action independent sequences advance: source 34->39, transport 10->13
2026-08-27T08:20:05.551Z PASS share-after-post-resize-action drop counters are monotonic: source-drop 24->26, transport-drop 1->1
2026-08-27T08:20:05.551Z PASS share-after-post-resize-action previous frame was acknowledged: previous=10, ack=12, current=13
2026-08-27T08:20:05.551Z PASS share-after-native-text-focus independent sequences advance: source 39->40, transport 13->14
2026-08-27T08:20:05.551Z PASS share-after-native-text-focus drop counters are monotonic: source-drop 26->26, transport-drop 1->1
2026-08-27T08:20:05.551Z PASS share-after-native-text-focus previous frame was acknowledged: previous=13, ack=13, current=14
2026-08-27T08:20:05.551Z PASS share-after-native-text-delivery independent sequences advance: source 40->47, transport 14->17
2026-08-27T08:20:05.551Z PASS share-after-native-text-delivery drop counters are monotonic: source-drop 26->30, transport-drop 1->1
2026-08-27T08:20:05.551Z PASS share-after-native-text-delivery previous frame was acknowledged: previous=14, ack=16, current=17
2026-08-27T08:20:05.551Z PASS share-after-native-text-restore independent sequences advance: source 47->49, transport 17->19
2026-08-27T08:20:05.551Z PASS share-after-native-text-restore drop counters are monotonic: source-drop 30->30, transport-drop 1->1
2026-08-27T08:20:05.551Z PASS share-after-native-text-restore previous frame was acknowledged: previous=17, ack=18, current=19
2026-08-27T08:20:05.554Z PASS share status remains native and ack paced: macos-screencapturekit-scstream, source=49, transport=19
2026-08-27T08:20:05.554Z PASS share status drop domains retained: source-drop=30, transport-drop=1
2026-08-27T08:20:05.554Z PASS cancellation starts from a current resized share frame: share=true, source=49, screenshot-bound=true
2026-08-27T08:20:05.644Z PASS bounded fixture mouse-move instrumentation ready: baseline=61
2026-08-27T08:20:05.846Z PASS cancellation waits for target-routed native move delivery: moveEvents=61->62, wait=202ms
2026-08-27T08:20:05.848Z PASS exact duplicate observes one causally dispatched product action: HTTP 409, CALL_IN_PROGRESS
2026-08-27T08:20:05.849Z PASS authenticated exact-call cancellation accepted: HTTP 202, requested=true
2026-08-27T08:20:05.849Z PASS canceled original reports conservative outcome unknown: HTTP 504, COMMAND_OUTCOME_UNKNOWN/outcome_unknown, elapsed=205ms
2026-08-27T08:20:05.850Z PASS completed call cannot be canceled twice: HTTP 409, CALL_NOT_IN_PROGRESS
2026-08-27T08:20:05.852Z PASS exact canceled call replays without redispatch: HTTP 504, replayed=true
2026-08-27T08:20:05.853Z PASS changed command cannot reuse canceled call identity: HTTP 409, CALL_ID_REUSED/invalid_request
2026-08-27T08:20:05.855Z PASS cancellation fail-closed state names the exact-session revocation: outcome-unknown/COMMAND_OUTCOME_UNKNOWN
2026-08-27T08:20:05.856Z PASS cancellation tears down the computer screenshot surface: HTTP 404, NO_COMPUTER_SCREENSHOT
2026-08-27T08:20:06.161Z PASS canceled share surface stays torn down: no queued SCStream frame republished authority after cancellation
2026-08-27T08:20:06.165Z PASS post-cancellation share stop is idempotently fail-closed: false/false/not-active
2026-08-27T08:20:06.165Z PASS explicit stop preserves surface teardown: computer observation, screenshot, pointer, and share authority remain unavailable
2026-08-27T08:20:06.167Z PASS revoked authority gates pre-recovery mutations before helper relay: HTTP 409, NO_COMPUTER_FRAME/stale_snapshot/reobserve
2026-08-27T08:20:06.169Z PASS gated old-frame action cannot recreate a computer surface: no frame, screenshot, pointer, or share authority was republished
2026-08-27T08:20:06.609Z PASS explicit one-shot observation recovers exact-session authority: session-preserved=true, fresh-frame=true
2026-08-27T08:20:06.611Z PASS pre-cancellation frame stays stale after explicit recovery: HTTP 409, COMPUTER_STALE_FRAME/stale_snapshot/reobserve
2026-08-27T08:20:06.612Z PASS rejected stale action preserves the recovered exact frame: the old frame was refused without replacing or revoking the recovered one-shot frame
2026-08-27T08:20:06.612Z PASS fixture final state: {"clicks":2,"semanticPresses":1,"semanticValueMatchesExpected":true,"resizeCount":1,"focusCount":1,"siblingFocusCount":1,"siblingTextLength":0,"siblingClicks":0,"distinctSamePidWindows":true,"moveEvents":63,"appliedControlSequence":2,"contentWidth":820,"contentHeight":520}
2026-08-27T08:20:06.612Z PASS canceled move, gated refusal, recovery, and stale refusal caused no functional fixture mutation: functional fixture state stayed exact; only bounded move-delivery instrumentation advanced
2026-08-27T08:20:06.692Z PASS final same-PID receiver main and focus are restored before target close: sibling-main-and-focused=true
2026-08-27T08:20:06.758Z PASS cancellation/stop independent foreground/focus/pointer/Space invariants: {"foregroundUnchanged":true,"userFocusUnchanged":true,"foregroundIdentitySandwichHeld":true,"rawForegroundIdentitySandwichHeld":true,"foregroundAxFocusUnchanged":true,"foregroundAxFrontmostHeld":true,"cursorPositionUnchanged":true,"sharedPointerActivityObserved":false,"hidSystemPointerActivityObserved":false,"rawInputPointerActivityObserved":false,"injectedPointerActivityObserved":false,"pointerActivityMonitorHealthy":true,"sharedPointerBoundaryCorroborated":true,"sharedPointerBoundaryState":"corroborated","sharedPointerActivityState":"quiet","hidSystemKeyboardActivityObserved":false,"keyboardActivityMonitorHealthy":true,"sharedKeyboardBoundaryCorroborated":true,"sharedKeyboardBoundaryState":"corroborated","sharedKeyboardActivityState":"quiet","sharedInputSeatActivityObserved":false,"spaceUnchanged":true}
2026-08-27T08:20:06.758Z PASS every retained screenshot is bound only to the primary exact window: 6 primary-only screenshot records; sibling excluded=true
2026-08-27T08:20:07.305Z PASS target-close persistent share started with fresh authority: fresh-share=true, target=true, backend=macos-screencapturekit-scstream
2026-08-27T08:20:07.305Z PASS fresh share start retires the recovered one-shot frame under exact new authority: same-session=true, new-frame=true, exact-share=true
2026-08-27T08:20:07.512Z PASS exact target is alive while its closing share frame is current: share=true, recovered-retired=true, start-frame-retired=true, source=3
2026-08-27T08:20:07.516Z exact fixture target stopped
2026-08-27T08:20:07.516Z PASS rig closed the exact target while its persistent share was active: signal-requested=true, already-exited=false
2026-08-27T08:20:07.724Z PASS helper-originated exact-share failure stops server authority: capture-error/COMPUTER_NO_WINDOW, same-helper=true
2026-08-27T08:20:07.726Z PASS target close clears the exact share screenshot surface: HTTP 404, NO_COMPUTER_SCREENSHOT
2026-08-27T08:20:08.029Z PASS closed target cannot republish a queued native frame: 3 frame periods settled without authority republish
2026-08-27T08:20:08.031Z PASS closed-target frame is refused before helper action relay: HTTP 409, NO_COMPUTER_FRAME/stale_snapshot
2026-08-27T08:20:08.033Z PASS stale closed-target action cannot recreate a computer surface: the retired frame remained unavailable after the rejected mutation
2026-08-27T08:20:08.461Z PASS explicit observe cannot recover a closed exact target: HTTP 409, COMPUTER_NO_WINDOW/target_changed
2026-08-27T08:20:08.463Z PASS closed-target observe refusal preserves terminal teardown: the failed recovery did not restore observation, screenshot, pointer, share, or frame authority
2026-08-27T08:20:08.653Z PASS helper independently observes the exact target pair is gone: the helper no longer enumerates either real window from the closed fixture process
2026-08-27T08:20:08.655Z PASS target-close share stop is idempotently clean: false/false/not-active
2026-08-27T08:20:08.657Z PASS target-close cleanup leaves no share or frame authority: the same helper remains ready with no target, share, observation, screenshot, or frame authority
2026-08-27T08:20:08.735Z PASS target-close independent foreground/focus/pointer/Space invariants: {"foregroundUnchanged":true,"userFocusUnchanged":true,"foregroundIdentitySandwichHeld":true,"rawForegroundIdentitySandwichHeld":true,"foregroundAxFocusUnchanged":true,"foregroundAxFrontmostHeld":true,"cursorPositionUnchanged":true,"sharedPointerActivityObserved":false,"hidSystemPointerActivityObserved":false,"rawInputPointerActivityObserved":false,"injectedPointerActivityObserved":false,"pointerActivityMonitorHealthy":true,"sharedPointerBoundaryCorroborated":true,"sharedPointerBoundaryState":"corroborated","sharedPointerActivityState":"quiet","hidSystemKeyboardActivityObserved":false,"keyboardActivityMonitorHealthy":true,"sharedKeyboardBoundaryCorroborated":true,"sharedKeyboardBoundaryState":"corroborated","sharedKeyboardActivityState":"quiet","sharedInputSeatActivityObserved":false,"spaceUnchanged":true}
2026-08-27T08:20:08.814Z PASS whole-run independent foreground/focus/pointer/Space invariants: {"foregroundUnchanged":true,"userFocusUnchanged":true,"foregroundIdentitySandwichHeld":true,"rawForegroundIdentitySandwichHeld":true,"foregroundAxFocusUnchanged":true,"foregroundAxFrontmostHeld":true,"cursorPositionUnchanged":true,"sharedPointerActivityObserved":false,"hidSystemPointerActivityObserved":false,"rawInputPointerActivityObserved":false,"injectedPointerActivityObserved":false,"pointerActivityMonitorHealthy":true,"sharedPointerBoundaryCorroborated":true,"sharedPointerBoundaryState":"corroborated","sharedPointerActivityState":"quiet","hidSystemKeyboardActivityObserved":false,"keyboardActivityMonitorHealthy":true,"sharedKeyboardBoundaryCorroborated":true,"sharedKeyboardBoundaryState":"corroborated","sharedKeyboardActivityState":"quiet","sharedInputSeatActivityObserved":false,"spaceUnchanged":true}
2026-08-27T08:20:08.814Z PASS requested pointer evidence lane completed without unknown attribution: {"requestedLane":"quiet","quietObserved":true,"concurrentSharedSeatActivityObserved":false,"unknownObserved":false,"rawCursorPositionsRetained":false,"rawPlatformActivityCountersRetained":false,"rawHidSystemCountersRetained":false,"hidSystemActivityClaimedAsPhysical":false}
2026-08-27T08:20:09.609Z PASS post-run harness source commit matches coordinator binding: exact source SHA matched
2026-08-27T08:20:09.609Z PASS post-run harness checkout is detached: detached HEAD
2026-08-27T08:20:09.609Z PASS post-run harness checkout is clean: tracked, staged, deleted, and untracked sets are empty
2026-08-27T08:20:09.609Z PASS post-run harness source repository passes git fsck: git fsck --full passed
2026-08-27T08:20:09.609Z PASS post-run harness files are exact tracked blobs: runner, native probes, and acceptance finalizer match HEAD blobs
2026-08-27T08:20:09.612Z helper stopped
2026-08-27T08:20:09.612Z PASS helper remained alive until controlled teardown: SIGTERM was sent by the rig
2026-08-27T08:20:09.613Z PASS helper transport disconnected cleanly: helper session and observation were revoked
2026-08-27T08:20:09.613Z PASS helper was never respawned: 1 packaged helper process
2026-08-27T08:20:09.615Z server stopped
2026-08-27T08:20:09.615Z PASS server remained alive until controlled teardown: SIGTERM was sent by the rig
2026-08-27T08:20:09.615Z PASS server listener closed: the evidence port no longer accepts health requests
2026-08-27T08:20:09.626Z 206/206 checks passed
2026-08-27T08:20:09.628Z scratch directory removed
