2026-08-31T08:50:01.962Z PASS evidence output parent is an owner-private ordinary directory: the direct evidence parent is ordinary, owner-private, and current-user owned
2026-08-31T08:50:01.965Z PASS evidence output directory is newly created and owner-private: the runner created one private lane output directory
2026-08-31T08:50:03.371Z PASS pre-run harness source commit matches coordinator binding: exact source SHA matched
2026-08-31T08:50:03.371Z PASS pre-run harness checkout is detached: detached HEAD
2026-08-31T08:50:03.371Z PASS pre-run harness checkout is clean: tracked, staged, deleted, and untracked sets are empty
2026-08-31T08:50:03.371Z PASS pre-run harness source repository passes git fsck: git fsck --full passed
2026-08-31T08:50:03.371Z PASS pre-run harness files are exact tracked blobs: runner, native probes, and acceptance finalizer match HEAD blobs
2026-08-31T08:50:03.375Z PASS macOS host: Darwin
2026-08-31T08:50:03.382Z PASS expected checksum-manifest hash format: 64 lowercase hexadecimal characters
2026-08-31T08:50:03.382Z PASS canonical checksum-manifest name: SHA256SUMS.txt
2026-08-31T08:50:03.382Z PASS exact archive name: local-browser-bridge-v0.12.66-macos-universal.tar.gz
2026-08-31T08:50:03.382Z PASS checksum manifest is one bounded current-user-owned ordinary file: ordinary, singly linked, owner-controlled, and within the manifest byte bound
2026-08-31T08:50:03.382Z PASS checksum manifest stayed stable while it was bound: path and descriptor identity, size, links, and timestamps remained unchanged
2026-08-31T08:50:03.382Z PASS out-of-band checksum-manifest hash matches: 8a0833bfdd3ba2b4f0ce55d663e001293103a922b32db1d91f46010419a0452c
2026-08-31T08:50:03.383Z PASS checksum manifest has the exact canonical four-entry set: local-browser-bridge-v0.12.66-windows-x86_64.exe,local-computer-helper-v0.12.66-windows-x86_64.exe,local-browser-bridge-v0.12.66-macos-universal.tar.gz,local-browser-bridge-extension-v0.12.66.zip
2026-08-31T08:50:03.383Z PASS canonical manifest contains the macOS archive checksum: 57136a81cbc9d743c04ce49908e1aecad1fb22a6ff72ed3aa58244f193d29a80
2026-08-31T08:50:03.439Z PASS macOS archive bounded exact inventory: seventeen PAX-free regular-file/directory entries passed bounded streaming extraction
2026-08-31T08:50:03.439Z PASS archive checksum is bound by the canonical manifest: 57136a81cbc9d743c04ce49908e1aecad1fb22a6ff72ed3aa58244f193d29a80
2026-08-31T08:50:03.444Z PASS supplied server is archive-exact: 1e7a1bb634c68d4008b1366b838de9cf4ac626bb389bda309b37525fdacda429
2026-08-31T08:50:03.446Z PASS supplied helper is archive-exact: fa4583583793d631e1f34bdbaa5f82738ed07c72d478c6c85e7839347b4f84a4
2026-08-31T08:50:03.463Z PASS server universal architecture: arm64,x86_64
2026-08-31T08:50:03.463Z PASS helper universal architecture: arm64,x86_64
2026-08-31T08:50:03.463Z PASS helper uses packaged app layout: Local Computer Helper.app
2026-08-31T08:50:03.492Z PASS strict code-signature verification: server, helper executable, and helper app bundle passed strict verification
2026-08-31T08:50:03.500Z PASS helper bundle version: 0.12.66/0.12.66
2026-08-31T08:50:04.651Z PASS system probe foreground-window self-test: AX-focused/main identity wins over same-process app-share auxiliary compositor order
2026-08-31T08:50:05.280Z PASS optional physical-pointer adversarial prompt self-test: source-only optional adversarial prompt cannot satisfy either release lane
2026-08-31T08:50:05.912Z PASS app-share handoff bundle identity: dev.flrngel.local-browser-bridge.acceptance.app-share
2026-08-31T08:50:06.136Z PASS app-share handoff self-test: stable bundle/window/button vocabulary and create-once receipts
2026-08-31T08:50:06.192Z PASS screen-capture permission preflight: preexisting permission; no request was made
2026-08-31T08:50:06.192Z PASS accessibility permission preflight: preexisting permission; no request was made
2026-08-31T08:50:06.192Z PASS active Space probe available: nonzero active Space identity
2026-08-31T08:50:06.192Z PASS sandwiched foreground AX focus probe available: stable NSWorkspace/raw PSN plus exact AX focused/main-window identities are available
2026-08-31T08:50:39.558Z PASS native quiet-seat stabilization completed before candidate execution: 33367 ms across 60 stable native transitions after 0 reset(s)
2026-08-31T08:50:39.866Z PASS server version: 0.12.66
2026-08-31T08:50:40.079Z PASS helper version: 0.12.66
2026-08-31T08:50:40.586Z PASS fixture process identity: state belongs to the spawned fixture
2026-08-31T08:50:40.657Z PASS startup same-PID sibling is the target app's remembered receiver: sibling-main-and-focused=true, fixture-background=true
2026-08-31T08:50:40.984Z PASS packaged helper compatible: protocol-compatible helper 0.12.66
2026-08-31T08:50:40.984Z PASS single helper spawn: 1 packaged helper process
2026-08-31T08:50:40.984Z PASS acknowledged share advertised: computer.share.ack present
2026-08-31T08:50:40.984Z PASS native stream advertised: computer.capture.native-stream.v1 present
2026-08-31T08:50:40.984Z PASS input-delivery provenance advertised: computer.input-delivery-provenance.v1 present
2026-08-31T08:50:40.984Z PASS pointer-activity monitor advertised: computer.pointer-activity-monitor.v1 present
2026-08-31T08:50:41.244Z PASS helper status backend: background-window/ax+skylight+screencapturekit-stream
2026-08-31T08:50:41.244Z PASS background shared-session mode: background-window/shared-user-session/target-routed
2026-08-31T08:50:41.244Z PASS background input backend ready: target-routed input is ready
2026-08-31T08:50:41.244Z PASS semantic backend ready: macos-accessibility is ready without prompting
2026-08-31T08:50:41.244Z PASS fixture exact window discovered: 1 matching windows
2026-08-31T08:50:41.244Z PASS genuine same-PID sibling window discovered: 1 sibling matches, distinct=true
2026-08-31T08:50:41.244Z PASS fixture is a background target: neither same-PID fixture window owns the user's foreground process or front window
2026-08-31T08:50:41.551Z PASS exact fixture window observed: 1209x826
2026-08-31T08:50:41.551Z PASS semantic snapshot available: 4 elements
2026-08-31T08:50:41.555Z PASS semantic value element discovered: AXTextField
2026-08-31T08:50:43.114Z PASS semantic setValue confirmed: Confirmed/value-confirmed
2026-08-31T08:50:43.114Z PASS semantic setValue route, helper-preservation, and shared-pointer invariants: {"cursorPositionUnchanged":true,"foregroundUnchanged":true,"hardwareCursorPreservedByHelper":true,"helperGlobalPointerPreservation":"confirmed","hidSystemPointerActivityObserved":false,"injectedPointerActivityObserved":false,"inputDelivery":{"dispatchAttemptRecorded":true,"exactTargetBound":true,"globalHidInputUsed":false,"hardwareCursorMutationRequested":false,"osAcceptanceObserved":true,"osAcceptanceSignalAvailable":true,"route":"macosAccessibility","sharedInputSeatUsed":false,"supportLevel":"publicDocumented"},"pointerActivityMonitorHealthy":true,"rawInputPointerActivityObserved":false,"sharedPointerActivityObserved":false,"sharedPointerActivityState":"quiet","sharedPointerBoundaryCorroborated":true,"sharedPointerBoundaryState":"corroborated","spaceUnchanged":true,"userFocusUnchanged":true}
2026-08-31T08:50:43.447Z PASS semantic setValue screenshot changed: fresh exact-window pixels differ from the pre-action observation
2026-08-31T08:50:43.448Z PASS semantic action element discovered: AXButton
2026-08-31T08:50:45.129Z PASS semantic invoke target-side proof: fixture semantic counter advanced to 1
2026-08-31T08:50:45.129Z PASS semantic invoke conservatively classified: Partial/element-state-changed
2026-08-31T08:50:45.129Z PASS semantic invoke route, helper-preservation, and shared-pointer invariants: {"cursorPositionUnchanged":true,"foregroundUnchanged":true,"hardwareCursorPreservedByHelper":true,"helperGlobalPointerPreservation":"confirmed","hidSystemPointerActivityObserved":false,"injectedPointerActivityObserved":false,"inputDelivery":{"dispatchAttemptRecorded":true,"exactTargetBound":true,"globalHidInputUsed":false,"hardwareCursorMutationRequested":false,"osAcceptanceObserved":true,"osAcceptanceSignalAvailable":true,"route":"macosAccessibility","sharedInputSeatUsed":false,"supportLevel":"publicDocumented"},"pointerActivityMonitorHealthy":true,"rawInputPointerActivityObserved":false,"sharedPointerActivityObserved":false,"sharedPointerActivityState":"quiet","sharedPointerBoundaryCorroborated":true,"sharedPointerBoundaryState":"corroborated","spaceUnchanged":true,"userFocusUnchanged":true}
2026-08-31T08:50:45.560Z PASS semantic invoke screenshot changed: fresh exact-window pixels differ from the setValue stage
2026-08-31T08:50:46.394Z PASS persistent live share started: persistent-native-stream/exact-window
2026-08-31T08:50:46.394Z PASS SCStream start metadata: macos-screencapturekit-scstream, native=true, indicator-policy=true, selection=programmatic-exact-window
2026-08-31T08:50:46.394Z PASS live share ack pacing: latest-frame-wins, ackPaced=true
2026-08-31T08:50:46.394Z PASS live share cursor policy: system cursor excluded; synthetic session pointer composited
2026-08-31T08:50:46.709Z PASS persistent-share screenshot is fresh: sourceSequence=4
2026-08-31T08:50:47.937Z PASS same-PID sibling is remembered before primary pixel dispatch: sibling-main-and-focused=true, sibling-state-clean=true
2026-08-31T08:50:53.868Z PASS exact active target receiver observed during pixel lease: active-target=true, exact-main-and-focused=true, saved-user-owner=true
2026-08-31T08:50:53.911Z PASS background pixel click targets only primary and restores sibling receiver: only the primary click counter advanced and the target app's prior sibling receiver was restored
2026-08-31T08:50:53.911Z PASS pixel click conservatively classified: Unverifiable
2026-08-31T08:50:53.911Z PASS pixel action bound to persistent share: share=true, source=12
2026-08-31T08:50:53.911Z PASS live-share pixel click route, helper-preservation, and shared-pointer invariants: {"cursorPositionUnchanged":true,"foregroundUnchanged":true,"hardwareCursorPreservedByHelper":true,"helperGlobalPointerPreservation":"confirmed","hidSystemPointerActivityObserved":false,"injectedPointerActivityObserved":false,"inputDelivery":{"dispatchAttemptRecorded":true,"exactTargetBound":true,"globalHidInputUsed":false,"hardwareCursorMutationRequested":false,"osAcceptanceObserved":false,"osAcceptanceSignalAvailable":false,"route":"macosTargetedProcessEvent","sharedInputSeatUsed":false,"supportLevel":"privateUnsupported"},"pointerActivityMonitorHealthy":true,"rawInputPointerActivityObserved":false,"sharedPointerActivityObserved":false,"sharedPointerActivityState":"quiet","sharedPointerBoundaryCorroborated":true,"sharedPointerBoundaryState":"corroborated","spaceUnchanged":true,"userFocusUnchanged":true}
2026-08-31T08:50:53.941Z PASS same-PID pixel routing independent foreground/focus/pointer/Space invariants: {"foregroundUnchanged":true,"userFocusUnchanged":true,"foregroundIdentitySandwichHeld":true,"rawForegroundIdentitySandwichHeld":true,"foregroundAxFocusUnchanged":true,"foregroundAxFrontmostHeld":true,"cursorPositionUnchanged":true,"sharedPointerActivityObserved":false,"hidSystemPointerActivityObserved":false,"rawInputPointerActivityObserved":false,"injectedPointerActivityObserved":false,"pointerActivityMonitorHealthy":true,"sharedPointerBoundaryCorroborated":true,"sharedPointerBoundaryState":"corroborated","sharedPointerActivityState":"quiet","hidSystemKeyboardActivityObserved":false,"keyboardActivityMonitorHealthy":true,"sharedKeyboardBoundaryCorroborated":true,"sharedKeyboardBoundaryState":"corroborated","sharedKeyboardActivityState":"quiet","sharedInputSeatActivityObserved":false,"spaceUnchanged":true}
2026-08-31T08:50:54.251Z PASS native source remained live during input: source +66/drop +60; transport +3
2026-08-31T08:50:54.251Z PASS settled synthetic pointer published: action=click
2026-08-31T08:50:54.253Z PASS live-share action screenshot changed: fresh exact-window pixels include the action stage
2026-08-31T08:50:56.049Z PASS persistent share survived exact-target resize: 720x492 -> 820x552
2026-08-31T08:50:56.049Z PASS settled resize frame matches exact-window geometry: window=820x552, image=1218x820
2026-08-31T08:50:56.053Z PASS resize screenshot dimensions match settled observation: 1218x820
2026-08-31T08:50:56.053Z PASS resize screenshot geometry changed: 1209x826 -> 1218x820
2026-08-31T08:50:59.965Z PASS post-resize pixel click target-side proof: only the exact fixture click counter changed functional state after resize
2026-08-31T08:50:59.965Z PASS post-resize action bound to settled persistent share: frame=true, share=true, source=99
2026-08-31T08:50:59.965Z PASS post-resize pixel click conservatively classified: Unverifiable
2026-08-31T08:50:59.965Z PASS post-resize pixel click route, helper-preservation, and shared-pointer invariants: {"cursorPositionUnchanged":true,"foregroundUnchanged":true,"hardwareCursorPreservedByHelper":true,"helperGlobalPointerPreservation":"confirmed","hidSystemPointerActivityObserved":false,"injectedPointerActivityObserved":false,"inputDelivery":{"dispatchAttemptRecorded":true,"exactTargetBound":true,"globalHidInputUsed":false,"hardwareCursorMutationRequested":false,"osAcceptanceObserved":false,"osAcceptanceSignalAvailable":false,"route":"macosTargetedProcessEvent","sharedInputSeatUsed":false,"supportLevel":"privateUnsupported"},"pointerActivityMonitorHealthy":true,"rawInputPointerActivityObserved":false,"sharedPointerActivityObserved":false,"sharedPointerActivityState":"quiet","sharedPointerBoundaryCorroborated":true,"sharedPointerBoundaryState":"corroborated","spaceUnchanged":true,"userFocusUnchanged":true}
2026-08-31T08:50:59.965Z PASS post-resize pixel action independent foreground/focus/pointer/Space invariants: {"foregroundUnchanged":true,"userFocusUnchanged":true,"foregroundIdentitySandwichHeld":true,"rawForegroundIdentitySandwichHeld":true,"foregroundAxFocusUnchanged":true,"foregroundAxFrontmostHeld":true,"cursorPositionUnchanged":true,"sharedPointerActivityObserved":false,"hidSystemPointerActivityObserved":false,"rawInputPointerActivityObserved":false,"injectedPointerActivityObserved":false,"pointerActivityMonitorHealthy":true,"sharedPointerBoundaryCorroborated":true,"sharedPointerBoundaryState":"corroborated","sharedPointerActivityState":"quiet","hidSystemKeyboardActivityObserved":false,"keyboardActivityMonitorHealthy":true,"sharedKeyboardBoundaryCorroborated":true,"sharedKeyboardBoundaryState":"corroborated","sharedKeyboardActivityState":"quiet","sharedInputSeatActivityObserved":false,"spaceUnchanged":true}
2026-08-31T08:51:00.276Z PASS post-resize action retained resized exact-window stream: window=820x552, image=1218x820
2026-08-31T08:51:00.336Z PASS same-PID sibling is the prior receiver before text preparation: sibling-main-and-focused=true, sibling-state-clean=true
2026-08-31T08:51:00.468Z PASS background fixture field prepared without mutation while sibling remains prior receiver: the primary responder was prepared, the sibling was restored internally, and no target field mutated
2026-08-31T08:51:00.494Z PASS field preparation independent foreground/focus/pointer/Space invariants: {"foregroundUnchanged":true,"userFocusUnchanged":true,"foregroundIdentitySandwichHeld":true,"rawForegroundIdentitySandwichHeld":true,"foregroundAxFocusUnchanged":true,"foregroundAxFrontmostHeld":true,"cursorPositionUnchanged":true,"sharedPointerActivityObserved":false,"hidSystemPointerActivityObserved":false,"rawInputPointerActivityObserved":false,"injectedPointerActivityObserved":false,"pointerActivityMonitorHealthy":true,"sharedPointerBoundaryCorroborated":true,"sharedPointerBoundaryState":"corroborated","sharedPointerActivityState":"quiet","hidSystemKeyboardActivityObserved":false,"keyboardActivityMonitorHealthy":true,"sharedKeyboardBoundaryCorroborated":true,"sharedKeyboardBoundaryState":"corroborated","sharedKeyboardActivityState":"quiet","sharedInputSeatActivityObserved":false,"spaceUnchanged":true}
2026-08-31T08:51:00.869Z PASS same-PID sibling remains the exact prior receiver immediately before text request: sibling-main-and-focused=true
2026-08-31T08:51:03.889Z PASS native typeText exact fixture read-back with zero sibling mutation: appended 20 ASCII characters only to the primary field and restored the prior sibling receiver
2026-08-31T08:51:03.889Z PASS native typeText bounded product result: Unverifiable/exact-window-background, characters=20, utf16=20
2026-08-31T08:51:03.889Z PASS native typeText route, helper-preservation, and shared-pointer invariants: {"cursorPositionUnchanged":true,"foregroundUnchanged":true,"hardwareCursorPreservedByHelper":true,"helperGlobalPointerPreservation":"confirmed","hidSystemPointerActivityObserved":false,"injectedPointerActivityObserved":false,"inputDelivery":{"dispatchAttemptRecorded":true,"exactTargetBound":true,"globalHidInputUsed":false,"hardwareCursorMutationRequested":false,"osAcceptanceObserved":false,"osAcceptanceSignalAvailable":false,"route":"macosTargetedProcessEvent","sharedInputSeatUsed":false,"supportLevel":"privateUnsupported"},"pointerActivityMonitorHealthy":true,"rawInputPointerActivityObserved":false,"sharedPointerActivityObserved":false,"sharedPointerActivityState":"quiet","sharedPointerBoundaryCorroborated":true,"sharedPointerBoundaryState":"corroborated","spaceUnchanged":true,"userFocusUnchanged":true}
2026-08-31T08:51:03.920Z PASS native typeText independent foreground/focus/pointer/Space invariants: {"foregroundUnchanged":true,"userFocusUnchanged":true,"foregroundIdentitySandwichHeld":true,"rawForegroundIdentitySandwichHeld":true,"foregroundAxFocusUnchanged":true,"foregroundAxFrontmostHeld":true,"cursorPositionUnchanged":true,"sharedPointerActivityObserved":false,"hidSystemPointerActivityObserved":false,"rawInputPointerActivityObserved":false,"injectedPointerActivityObserved":false,"pointerActivityMonitorHealthy":true,"sharedPointerBoundaryCorroborated":true,"sharedPointerBoundaryState":"corroborated","sharedPointerActivityState":"quiet","hidSystemKeyboardActivityObserved":false,"keyboardActivityMonitorHealthy":true,"sharedKeyboardBoundaryCorroborated":true,"sharedKeyboardBoundaryState":"corroborated","sharedKeyboardActivityState":"quiet","sharedInputSeatActivityObserved":false,"spaceUnchanged":true}
2026-08-31T08:51:04.231Z PASS native text restore element discovered: AXTextField
2026-08-31T08:51:04.231Z PASS native text restore frame is bound to the persistent share authority: share=true, source=177
2026-08-31T08:51:06.307Z PASS native text fixture value restored: Confirmed/value-confirmed
2026-08-31T08:51:06.307Z PASS native text restore route, helper-preservation, and shared-pointer invariants: {"cursorPositionUnchanged":true,"foregroundUnchanged":true,"hardwareCursorPreservedByHelper":true,"helperGlobalPointerPreservation":"confirmed","hidSystemPointerActivityObserved":false,"injectedPointerActivityObserved":false,"inputDelivery":{"dispatchAttemptRecorded":true,"exactTargetBound":true,"globalHidInputUsed":false,"hardwareCursorMutationRequested":false,"osAcceptanceObserved":true,"osAcceptanceSignalAvailable":true,"route":"macosAccessibility","sharedInputSeatUsed":false,"supportLevel":"publicDocumented"},"pointerActivityMonitorHealthy":true,"rawInputPointerActivityObserved":false,"sharedPointerActivityObserved":false,"sharedPointerActivityState":"quiet","sharedPointerBoundaryCorroborated":true,"sharedPointerBoundaryState":"corroborated","spaceUnchanged":true,"userFocusUnchanged":true}
2026-08-31T08:51:06.308Z PASS native text restore exact fixture state: only the deterministic semantic value was restored
2026-08-31T08:51:06.618Z PASS persistent share sample count: 11 distinct transport frames
2026-08-31T08:51:06.618Z PASS one persistent share authority: 1 share IDs
2026-08-31T08:51:06.618Z PASS share-initial native stream metadata: macos-screencapturekit-scstream, native=true, indicator-policy=true, selection=programmatic-exact-window
2026-08-31T08:51:06.618Z PASS share-initial ack pacing metadata: ack=true, backpressure=latest-frame-wins
2026-08-31T08:51:06.618Z PASS share-cadence-1 native stream metadata: macos-screencapturekit-scstream, native=true, indicator-policy=true, selection=programmatic-exact-window
2026-08-31T08:51:06.618Z PASS share-cadence-1 ack pacing metadata: ack=true, backpressure=latest-frame-wins
2026-08-31T08:51:06.618Z PASS share-cadence-2 native stream metadata: macos-screencapturekit-scstream, native=true, indicator-policy=true, selection=programmatic-exact-window
2026-08-31T08:51:06.618Z PASS share-cadence-2 ack pacing metadata: ack=true, backpressure=latest-frame-wins
2026-08-31T08:51:06.618Z PASS share-after-long-action native stream metadata: macos-screencapturekit-scstream, native=true, indicator-policy=true, selection=programmatic-exact-window
2026-08-31T08:51:06.618Z PASS share-after-long-action ack pacing metadata: ack=true, backpressure=latest-frame-wins
2026-08-31T08:51:06.618Z PASS share-after-resize native stream metadata: macos-screencapturekit-scstream, native=true, indicator-policy=true, selection=programmatic-exact-window
2026-08-31T08:51:06.618Z PASS share-after-resize ack pacing metadata: ack=true, backpressure=latest-frame-wins
2026-08-31T08:51:06.618Z PASS share-resize-settled native stream metadata: macos-screencapturekit-scstream, native=true, indicator-policy=true, selection=programmatic-exact-window
2026-08-31T08:51:06.618Z PASS share-resize-settled ack pacing metadata: ack=true, backpressure=latest-frame-wins
2026-08-31T08:51:06.618Z PASS share-post-resize-cadence native stream metadata: macos-screencapturekit-scstream, native=true, indicator-policy=true, selection=programmatic-exact-window
2026-08-31T08:51:06.618Z PASS share-post-resize-cadence ack pacing metadata: ack=true, backpressure=latest-frame-wins
2026-08-31T08:51:06.618Z PASS share-after-post-resize-action native stream metadata: macos-screencapturekit-scstream, native=true, indicator-policy=true, selection=programmatic-exact-window
2026-08-31T08:51:06.618Z PASS share-after-post-resize-action ack pacing metadata: ack=true, backpressure=latest-frame-wins
2026-08-31T08:51:06.618Z PASS share-after-native-text-focus native stream metadata: macos-screencapturekit-scstream, native=true, indicator-policy=true, selection=programmatic-exact-window
2026-08-31T08:51:06.618Z PASS share-after-native-text-focus ack pacing metadata: ack=true, backpressure=latest-frame-wins
2026-08-31T08:51:06.618Z PASS share-after-native-text-delivery native stream metadata: macos-screencapturekit-scstream, native=true, indicator-policy=true, selection=programmatic-exact-window
2026-08-31T08:51:06.618Z PASS share-after-native-text-delivery ack pacing metadata: ack=true, backpressure=latest-frame-wins
2026-08-31T08:51:06.618Z PASS share-after-native-text-restore native stream metadata: macos-screencapturekit-scstream, native=true, indicator-policy=true, selection=programmatic-exact-window
2026-08-31T08:51:06.618Z PASS share-after-native-text-restore ack pacing metadata: ack=true, backpressure=latest-frame-wins
2026-08-31T08:51:06.618Z PASS share-cadence-1 independent sequences advance: source 4->7, transport 1->2
2026-08-31T08:51:06.618Z PASS share-cadence-1 drop counters are monotonic: source-drop 5->8, transport-drop 0->0
2026-08-31T08:51:06.618Z PASS share-cadence-1 previous frame was acknowledged: previous=1, ack=1, current=2
2026-08-31T08:51:06.618Z PASS share-cadence-2 independent sequences advance: source 7->12, transport 2->3
2026-08-31T08:51:06.618Z PASS share-cadence-2 drop counters are monotonic: source-drop 8->14, transport-drop 0->0
2026-08-31T08:51:06.618Z PASS share-cadence-2 previous frame was acknowledged: previous=2, ack=2, current=3
2026-08-31T08:51:06.618Z PASS share-after-long-action independent sequences advance: source 12->78, transport 3->6
2026-08-31T08:51:06.618Z PASS share-after-long-action drop counters are monotonic: source-drop 14->74, transport-drop 0->0
2026-08-31T08:51:06.618Z PASS share-after-long-action previous frame was acknowledged: previous=3, ack=5, current=6
2026-08-31T08:51:06.618Z PASS share-after-resize independent sequences advance: source 78->87, transport 6->8
2026-08-31T08:51:06.618Z PASS share-after-resize drop counters are monotonic: source-drop 74->82, transport-drop 0->0
2026-08-31T08:51:06.618Z PASS share-after-resize previous frame was acknowledged: previous=6, ack=7, current=8
2026-08-31T08:51:06.618Z PASS share-resize-settled independent sequences advance: source 87->91, transport 8->9
2026-08-31T08:51:06.618Z PASS share-resize-settled drop counters are monotonic: source-drop 82->89, transport-drop 0->0
2026-08-31T08:51:06.618Z PASS share-resize-settled previous frame was acknowledged: previous=8, ack=8, current=9
2026-08-31T08:51:06.618Z PASS share-post-resize-cadence independent sequences advance: source 91->99, transport 9->10
2026-08-31T08:51:06.618Z PASS share-post-resize-cadence drop counters are monotonic: source-drop 89->95, transport-drop 0->0
2026-08-31T08:51:06.618Z PASS share-post-resize-cadence previous frame was acknowledged: previous=9, ack=9, current=10
2026-08-31T08:51:06.618Z PASS share-after-post-resize-action independent sequences advance: source 99->138, transport 10->13
2026-08-31T08:51:06.618Z PASS share-after-post-resize-action drop counters are monotonic: source-drop 95->126, transport-drop 0->0
2026-08-31T08:51:06.618Z PASS share-after-post-resize-action previous frame was acknowledged: previous=10, ack=12, current=13
2026-08-31T08:51:06.618Z PASS share-after-native-text-focus independent sequences advance: source 138->143, transport 13->15
2026-08-31T08:51:06.619Z PASS share-after-native-text-focus drop counters are monotonic: source-drop 126->130, transport-drop 0->0
2026-08-31T08:51:06.619Z PASS share-after-native-text-focus previous frame was acknowledged: previous=13, ack=13, current=15
2026-08-31T08:51:06.619Z PASS share-after-native-text-delivery independent sequences advance: source 143->177, transport 15->18
2026-08-31T08:51:06.619Z PASS share-after-native-text-delivery drop counters are monotonic: source-drop 130->161, transport-drop 0->1
2026-08-31T08:51:06.619Z PASS share-after-native-text-delivery previous frame was acknowledged: previous=15, ack=17, current=18
2026-08-31T08:51:06.619Z PASS share-after-native-text-restore independent sequences advance: source 177->201, transport 18->21
2026-08-31T08:51:06.619Z PASS share-after-native-text-restore drop counters are monotonic: source-drop 161->182, transport-drop 1->1
2026-08-31T08:51:06.619Z PASS share-after-native-text-restore previous frame was acknowledged: previous=18, ack=20, current=21
2026-08-31T08:51:06.884Z PASS share status remains native and ack paced: macos-screencapturekit-scstream, source=204, transport=22
2026-08-31T08:51:06.884Z PASS share status drop domains retained: source-drop=184, transport-drop=1
2026-08-31T08:51:06.911Z PASS bounded fixture mouse-move instrumentation ready: baseline=61
2026-08-31T08:51:06.913Z PASS cancellation starts from a current resized share frame: share=true, source=201->204, transport=21->22, screenshot-bound=true
2026-08-31T08:51:07.725Z PASS cancellation waits for target-routed native move delivery: moveEvents=61->63, wait=812ms
2026-08-31T08:51:07.727Z PASS exact duplicate observes one causally dispatched product action: HTTP 409, CALL_IN_PROGRESS
2026-08-31T08:51:07.729Z PASS authenticated exact-call cancellation accepted: HTTP 202, requested=true
2026-08-31T08:51:07.730Z PASS canceled original reports conservative outcome unknown: HTTP 504, COMMAND_OUTCOME_UNKNOWN/outcome_unknown, elapsed=817ms
2026-08-31T08:51:07.732Z PASS completed call cannot be canceled twice: HTTP 409, CALL_NOT_IN_PROGRESS
2026-08-31T08:51:07.734Z PASS exact canceled call replays without redispatch: HTTP 504, replayed=true
2026-08-31T08:51:07.734Z PASS changed command cannot reuse canceled call identity: HTTP 409, CALL_ID_REUSED/invalid_request
2026-08-31T08:51:07.736Z PASS cancellation fail-closed state names the exact-session revocation: outcome-unknown/COMMAND_OUTCOME_UNKNOWN
2026-08-31T08:51:07.737Z PASS cancellation tears down the computer screenshot surface: HTTP 404, NO_COMPUTER_SCREENSHOT
2026-08-31T08:51:08.041Z PASS canceled share surface stays torn down: no queued SCStream frame republished authority after cancellation
2026-08-31T08:51:08.182Z PASS post-cancellation share stop is idempotently fail-closed: false/false/not-active
2026-08-31T08:51:08.185Z PASS explicit stop preserves surface teardown: computer observation, screenshot, pointer, and share authority remain unavailable
2026-08-31T08:51:08.185Z PASS revoked authority gates pre-recovery mutations before helper relay: HTTP 409, NO_COMPUTER_FRAME/stale_snapshot/reobserve
2026-08-31T08:51:08.187Z PASS gated old-frame action cannot recreate a computer surface: no frame, screenshot, pointer, or share authority was republished
2026-08-31T08:51:08.737Z PASS explicit one-shot observation recovers exact-session authority: session-preserved=true, fresh-frame=true
2026-08-31T08:51:08.739Z PASS pre-cancellation frame stays stale after explicit recovery: HTTP 409, COMPUTER_STALE_FRAME/stale_snapshot/reobserve
2026-08-31T08:51:08.741Z PASS rejected stale action preserves the recovered exact frame: the old frame was refused without replacing or revoking the recovered one-shot frame
2026-08-31T08:51:08.741Z PASS fixture final state: {"clicks":2,"semanticPresses":1,"semanticValueMatchesExpected":true,"resizeCount":1,"focusCount":1,"siblingFocusCount":1,"siblingTextLength":0,"siblingClicks":0,"distinctSamePidWindows":true,"moveEvents":63,"appliedControlSequence":2,"contentWidth":820,"contentHeight":520}
2026-08-31T08:51:08.741Z PASS canceled move, gated refusal, recovery, and stale refusal caused no functional fixture mutation: functional fixture state stayed exact; only bounded move-delivery instrumentation advanced
2026-08-31T08:51:08.781Z PASS final same-PID receiver main and focus are restored before target close: sibling-main-and-focused=true
2026-08-31T08:51:08.813Z PASS cancellation/stop independent foreground/focus/pointer/Space invariants: {"foregroundUnchanged":true,"userFocusUnchanged":true,"foregroundIdentitySandwichHeld":true,"rawForegroundIdentitySandwichHeld":true,"foregroundAxFocusUnchanged":true,"foregroundAxFrontmostHeld":true,"cursorPositionUnchanged":true,"sharedPointerActivityObserved":false,"hidSystemPointerActivityObserved":false,"rawInputPointerActivityObserved":false,"injectedPointerActivityObserved":false,"pointerActivityMonitorHealthy":true,"sharedPointerBoundaryCorroborated":true,"sharedPointerBoundaryState":"corroborated","sharedPointerActivityState":"quiet","hidSystemKeyboardActivityObserved":false,"keyboardActivityMonitorHealthy":true,"sharedKeyboardBoundaryCorroborated":true,"sharedKeyboardBoundaryState":"corroborated","sharedKeyboardActivityState":"quiet","sharedInputSeatActivityObserved":false,"spaceUnchanged":true}
2026-08-31T08:51:08.813Z PASS every retained screenshot is bound only to the primary exact window: 6 primary-only screenshot records; sibling excluded=true
2026-08-31T08:51:09.552Z PASS target-close persistent share started with fresh authority: fresh-share=true, target=true, backend=macos-screencapturekit-scstream
2026-08-31T08:51:09.552Z PASS fresh share start retires the recovered one-shot frame under exact new authority: same-session=true, new-frame=true, exact-share=true
2026-08-31T08:51:09.862Z PASS exact target is alive while its closing share frame is current: share=true, recovered-retired=true, start-frame-retired=true, source=4
2026-08-31T08:51:09.866Z exact fixture target stopped
2026-08-31T08:51:09.866Z PASS rig closed the exact target while its persistent share was active: signal-requested=true, already-exited=false
2026-08-31T08:51:10.177Z PASS helper-originated exact-share failure stops server authority: capture-error/COMPUTER_NO_WINDOW, same-helper=true
2026-08-31T08:51:10.178Z PASS target close clears the exact share screenshot surface: HTTP 404, NO_COMPUTER_SCREENSHOT
2026-08-31T08:51:10.483Z PASS closed target cannot republish a queued native frame: 3 frame periods settled without authority republish
2026-08-31T08:51:10.486Z PASS closed-target frame is refused before helper action relay: HTTP 409, NO_COMPUTER_FRAME/stale_snapshot
2026-08-31T08:51:10.489Z PASS stale closed-target action cannot recreate a computer surface: the retired frame remained unavailable after the rejected mutation
2026-08-31T08:51:11.274Z PASS explicit observe cannot recover a closed exact target: HTTP 409, COMPUTER_NO_WINDOW/target_changed
2026-08-31T08:51:11.277Z PASS closed-target observe refusal preserves terminal teardown: the failed recovery did not restore observation, screenshot, pointer, share, or frame authority
2026-08-31T08:51:11.853Z PASS helper independently observes the exact target pair is gone: the helper no longer enumerates either real window from the closed fixture process
2026-08-31T08:51:11.856Z PASS target-close share stop is idempotently clean: false/false/not-active
2026-08-31T08:51:11.858Z PASS target-close cleanup leaves no share or frame authority: the same helper remains ready with no target, share, observation, screenshot, or frame authority
2026-08-31T08:51:11.888Z PASS target-close independent foreground/focus/pointer/Space invariants: {"foregroundUnchanged":true,"userFocusUnchanged":true,"foregroundIdentitySandwichHeld":true,"rawForegroundIdentitySandwichHeld":true,"foregroundAxFocusUnchanged":true,"foregroundAxFrontmostHeld":true,"cursorPositionUnchanged":true,"sharedPointerActivityObserved":false,"hidSystemPointerActivityObserved":false,"rawInputPointerActivityObserved":false,"injectedPointerActivityObserved":false,"pointerActivityMonitorHealthy":true,"sharedPointerBoundaryCorroborated":true,"sharedPointerBoundaryState":"corroborated","sharedPointerActivityState":"quiet","hidSystemKeyboardActivityObserved":false,"keyboardActivityMonitorHealthy":true,"sharedKeyboardBoundaryCorroborated":true,"sharedKeyboardBoundaryState":"corroborated","sharedKeyboardActivityState":"quiet","sharedInputSeatActivityObserved":false,"spaceUnchanged":true}
2026-08-31T08:51:11.920Z PASS whole-run independent foreground/focus/pointer/Space invariants: {"foregroundUnchanged":true,"userFocusUnchanged":true,"foregroundIdentitySandwichHeld":true,"rawForegroundIdentitySandwichHeld":true,"foregroundAxFocusUnchanged":true,"foregroundAxFrontmostHeld":true,"cursorPositionUnchanged":true,"sharedPointerActivityObserved":false,"hidSystemPointerActivityObserved":false,"rawInputPointerActivityObserved":false,"injectedPointerActivityObserved":false,"pointerActivityMonitorHealthy":true,"sharedPointerBoundaryCorroborated":true,"sharedPointerBoundaryState":"corroborated","sharedPointerActivityState":"quiet","hidSystemKeyboardActivityObserved":false,"keyboardActivityMonitorHealthy":true,"sharedKeyboardBoundaryCorroborated":true,"sharedKeyboardBoundaryState":"corroborated","sharedKeyboardActivityState":"quiet","sharedInputSeatActivityObserved":false,"spaceUnchanged":true}
2026-08-31T08:51:11.920Z PASS requested pointer evidence lane completed without unknown attribution: {"requestedLane":"quiet","quietObserved":true,"concurrentSharedSeatActivityObserved":false,"unknownObserved":false,"rawCursorPositionsRetained":false,"rawPlatformActivityCountersRetained":false,"rawHidSystemCountersRetained":false,"hidSystemActivityClaimedAsPhysical":false}
2026-08-31T08:51:13.304Z PASS post-run harness source commit matches coordinator binding: exact source SHA matched
2026-08-31T08:51:13.304Z PASS post-run harness checkout is detached: detached HEAD
2026-08-31T08:51:13.304Z PASS post-run harness checkout is clean: tracked, staged, deleted, and untracked sets are empty
2026-08-31T08:51:13.304Z PASS post-run harness source repository passes git fsck: git fsck --full passed
2026-08-31T08:51:13.304Z PASS post-run harness files are exact tracked blobs: runner, native probes, and acceptance finalizer match HEAD blobs
2026-08-31T08:51:13.307Z helper stopped
2026-08-31T08:51:13.307Z PASS helper remained alive until controlled teardown: SIGTERM was sent by the rig
2026-08-31T08:51:13.309Z PASS helper transport disconnected cleanly: helper session and observation were revoked
2026-08-31T08:51:13.309Z PASS helper was never respawned: 1 packaged helper process
2026-08-31T08:51:13.310Z server stopped
2026-08-31T08:51:13.310Z PASS server remained alive until controlled teardown: SIGTERM was sent by the rig
2026-08-31T08:51:13.311Z PASS server listener closed: the evidence port no longer accepts health requests
2026-08-31T08:51:13.327Z 207/207 checks passed
2026-08-31T08:51:13.329Z scratch directory removed
