2026-08-28T22:54:11.702Z PASS evidence output parent is an owner-private ordinary directory: the direct evidence parent is ordinary, owner-private, and current-user owned
2026-08-28T22:54:11.706Z PASS evidence output directory is newly created and owner-private: the runner created one private lane output directory
2026-08-28T22:54:12.813Z PASS pre-run harness source commit matches coordinator binding: exact source SHA matched
2026-08-28T22:54:12.813Z PASS pre-run harness checkout is detached: detached HEAD
2026-08-28T22:54:12.813Z PASS pre-run harness checkout is clean: tracked, staged, deleted, and untracked sets are empty
2026-08-28T22:54:12.813Z PASS pre-run harness source repository passes git fsck: git fsck --full passed
2026-08-28T22:54:12.813Z PASS pre-run harness files are exact tracked blobs: runner, native probes, and acceptance finalizer match HEAD blobs
2026-08-28T22:54:12.816Z PASS macOS host: Darwin
2026-08-28T22:54:12.823Z PASS expected checksum-manifest hash format: 64 lowercase hexadecimal characters
2026-08-28T22:54:12.823Z PASS canonical checksum-manifest name: SHA256SUMS.txt
2026-08-28T22:54:12.823Z PASS exact archive name: local-browser-bridge-v0.12.47-macos-universal.tar.gz
2026-08-28T22:54:12.824Z PASS checksum manifest is one bounded current-user-owned ordinary file: ordinary, singly linked, owner-controlled, and within the manifest byte bound
2026-08-28T22:54:12.824Z PASS checksum manifest stayed stable while it was bound: path and descriptor identity, size, links, and timestamps remained unchanged
2026-08-28T22:54:12.824Z PASS out-of-band checksum-manifest hash matches: 9e6aae0f414a5916332fb59a6a192be9618ee6147eed376099c8dd1d99fc9a30
2026-08-28T22:54:12.824Z PASS checksum manifest has the exact canonical four-entry set: local-browser-bridge-v0.12.47-windows-x86_64.exe,local-computer-helper-v0.12.47-windows-x86_64.exe,local-browser-bridge-v0.12.47-macos-universal.tar.gz,local-browser-bridge-extension-v0.12.47.zip
2026-08-28T22:54:12.824Z PASS canonical manifest contains the macOS archive checksum: 6670b301d6f427ad18342bea76a6cc754574dcfa2cb15812a65724edaac83ec7
2026-08-28T22:54:12.882Z PASS macOS archive bounded exact inventory: seventeen PAX-free regular-file/directory entries passed bounded streaming extraction
2026-08-28T22:54:12.882Z PASS archive checksum is bound by the canonical manifest: 6670b301d6f427ad18342bea76a6cc754574dcfa2cb15812a65724edaac83ec7
2026-08-28T22:54:12.886Z PASS supplied server is archive-exact: 28c2c2d18f597b8c1848074eab41d20c57803afbcdc8d339be7a5fe2f9a1003f
2026-08-28T22:54:12.888Z PASS supplied helper is archive-exact: 26b79793a877aafd0786ae08e92c1b5d0495c42166976ad055a4b188d18bc12a
2026-08-28T22:54:12.901Z PASS server universal architecture: arm64,x86_64
2026-08-28T22:54:12.901Z PASS helper universal architecture: arm64,x86_64
2026-08-28T22:54:12.901Z PASS helper uses packaged app layout: Local Computer Helper.app
2026-08-28T22:54:12.924Z PASS strict code-signature verification: server, helper executable, and helper app bundle passed strict verification
2026-08-28T22:54:12.931Z PASS helper bundle version: 0.12.47/0.12.47
2026-08-28T22:54:13.917Z PASS system probe foreground-window self-test: AX-focused/main identity wins over same-process app-share auxiliary compositor order
2026-08-28T22:54:14.529Z PASS optional physical-pointer adversarial prompt self-test: source-only optional adversarial prompt cannot satisfy either release lane
2026-08-28T22:54:15.112Z PASS app-share handoff bundle identity: dev.flrngel.local-browser-bridge.acceptance.app-share
2026-08-28T22:54:15.349Z PASS app-share handoff self-test: stable bundle/window/button vocabulary and create-once receipts
2026-08-28T22:54:15.461Z PASS screen-capture permission preflight: preexisting permission; no request was made
2026-08-28T22:54:15.461Z PASS accessibility permission preflight: preexisting permission; no request was made
2026-08-28T22:54:15.461Z PASS active Space probe available: nonzero active Space identity
2026-08-28T22:54:15.461Z PASS sandwiched foreground AX focus probe available: stable NSWorkspace/raw PSN plus exact AX focused/main-window identities are available
2026-08-28T22:54:48.876Z Observed hid-keyboard-activity; reset the native quiet-seat epoch before candidate execution.
2026-08-28T22:54:49.492Z Observed hid-keyboard-activity; reset the native quiet-seat epoch before candidate execution.
2026-08-28T22:54:50.128Z Observed hid-keyboard-activity; reset the native quiet-seat epoch before candidate execution.
2026-08-28T22:54:50.737Z Observed hid-pointer-activity; reset the native quiet-seat epoch before candidate execution.
2026-08-28T22:54:51.334Z Observed hid-pointer-activity; reset the native quiet-seat epoch before candidate execution.
2026-08-28T22:54:51.970Z Observed hid-pointer-activity; reset the native quiet-seat epoch before candidate execution.
2026-08-28T22:54:52.593Z Observed hid-keyboard-activity; reset the native quiet-seat epoch before candidate execution.
2026-08-28T22:54:53.184Z Observed hid-pointer-activity; reset the native quiet-seat epoch before candidate execution.
2026-08-28T22:54:53.800Z Observed hid-pointer-activity; reset the native quiet-seat epoch before candidate execution.
2026-08-28T22:54:54.373Z Observed hid-pointer-activity; reset the native quiet-seat epoch before candidate execution.
2026-08-28T22:54:54.961Z Observed hid-pointer-activity; reset the native quiet-seat epoch before candidate execution.
2026-08-28T22:54:55.561Z Observed hid-pointer-activity; reset the native quiet-seat epoch before candidate execution.
2026-08-28T22:54:56.151Z Observed hid-pointer-activity; reset the native quiet-seat epoch before candidate execution.
2026-08-28T22:54:56.753Z Observed hid-pointer-activity; reset the native quiet-seat epoch before candidate execution.
2026-08-28T22:54:58.555Z Observed hid-pointer-activity; reset the native quiet-seat epoch before candidate execution.
2026-08-28T22:54:59.150Z Observed hid-pointer-activity; reset the native quiet-seat epoch before candidate execution.
2026-08-28T22:54:59.754Z Observed hid-pointer-activity; reset the native quiet-seat epoch before candidate execution.
2026-08-28T22:55:00.353Z Observed hid-pointer-activity; reset the native quiet-seat epoch before candidate execution.
2026-08-28T22:55:00.955Z Observed hid-pointer-activity; reset the native quiet-seat epoch before candidate execution.
2026-08-28T22:55:01.535Z Observed hid-pointer-activity; reset the native quiet-seat epoch before candidate execution.
2026-08-28T22:55:02.139Z Observed hid-pointer-activity; reset the native quiet-seat epoch before candidate execution.
2026-08-28T22:55:02.739Z Observed hid-pointer-activity; reset the native quiet-seat epoch before candidate execution.
2026-08-28T22:55:03.341Z Observed hid-pointer-activity; reset the native quiet-seat epoch before candidate execution.
2026-08-28T22:55:03.941Z Observed hid-pointer-activity; reset the native quiet-seat epoch before candidate execution.
2026-08-28T22:55:04.522Z Observed hid-pointer-activity; reset the native quiet-seat epoch before candidate execution.
2026-08-28T22:55:05.126Z Observed hid-pointer-activity; reset the native quiet-seat epoch before candidate execution.
2026-08-28T22:55:05.707Z Observed hid-pointer-activity; reset the native quiet-seat epoch before candidate execution.
2026-08-28T22:55:06.307Z Observed hid-pointer-activity; reset the native quiet-seat epoch before candidate execution.
2026-08-28T22:55:06.892Z Observed hid-pointer-activity; reset the native quiet-seat epoch before candidate execution.
2026-08-28T22:55:07.501Z Observed hid-pointer-activity; reset the native quiet-seat epoch before candidate execution.
2026-08-28T22:55:08.096Z Observed hid-keyboard-activity; reset the native quiet-seat epoch before candidate execution.
2026-08-28T22:55:44.339Z PASS native quiet-seat stabilization completed before candidate execution: 36243 ms across 60 stable native transitions after 31 reset(s)
2026-08-28T22:55:44.671Z PASS server version: 0.12.47
2026-08-28T22:55:44.909Z PASS helper version: 0.12.47
2026-08-28T22:55:45.417Z PASS fixture process identity: state belongs to the spawned fixture
2026-08-28T22:55:45.571Z PASS startup same-PID sibling is the target app's remembered receiver: sibling-main-and-focused=true, fixture-background=true
2026-08-28T22:55:45.899Z PASS packaged helper compatible: protocol-compatible helper 0.12.47
2026-08-28T22:55:45.899Z PASS single helper spawn: 1 packaged helper process
2026-08-28T22:55:45.899Z PASS acknowledged share advertised: computer.share.ack present
2026-08-28T22:55:45.899Z PASS native stream advertised: computer.capture.native-stream.v1 present
2026-08-28T22:55:45.899Z PASS input-delivery provenance advertised: computer.input-delivery-provenance.v1 present
2026-08-28T22:55:45.899Z PASS pointer-activity monitor advertised: computer.pointer-activity-monitor.v1 present
2026-08-28T22:55:46.101Z PASS helper status backend: background-window/ax+skylight+screencapturekit-stream
2026-08-28T22:55:46.101Z PASS background shared-session mode: background-window/shared-user-session/target-routed
2026-08-28T22:55:46.101Z PASS background input backend ready: target-routed input is ready
2026-08-28T22:55:46.101Z PASS semantic backend ready: macos-accessibility is ready without prompting
2026-08-28T22:55:46.101Z PASS fixture exact window discovered: 1 matching windows
2026-08-28T22:55:46.101Z PASS genuine same-PID sibling window discovered: 1 sibling matches, distinct=true
2026-08-28T22:55:46.101Z PASS fixture is a background target: neither same-PID fixture window owns the user's foreground process or front window
2026-08-28T22:55:46.385Z PASS exact fixture window observed: 1209x826
2026-08-28T22:55:46.385Z PASS semantic snapshot available: 4 elements
2026-08-28T22:55:46.389Z PASS semantic value element discovered: AXTextField
2026-08-28T22:55:47.403Z PASS semantic setValue confirmed: Confirmed/value-confirmed
2026-08-28T22:55:47.403Z PASS semantic setValue route, helper-preservation, and shared-pointer invariants: {"cursorPositionUnchanged":true,"foregroundUnchanged":true,"hardwareCursorPreservedByHelper":true,"helperGlobalPointerPreservation":"confirmed","hidSystemPointerActivityObserved":false,"injectedPointerActivityObserved":false,"inputDelivery":{"dispatchAttemptRecorded":true,"exactTargetBound":true,"globalHidInputUsed":false,"hardwareCursorMutationRequested":false,"osAcceptanceObserved":true,"osAcceptanceSignalAvailable":true,"route":"macosAccessibility","sharedInputSeatUsed":false,"supportLevel":"publicDocumented"},"pointerActivityMonitorHealthy":true,"rawInputPointerActivityObserved":false,"sharedPointerActivityObserved":false,"sharedPointerActivityState":"quiet","sharedPointerBoundaryCorroborated":true,"sharedPointerBoundaryState":"corroborated","spaceUnchanged":true,"userFocusUnchanged":true}
2026-08-28T22:55:47.646Z PASS semantic setValue screenshot changed: fresh exact-window pixels differ from the pre-action observation
2026-08-28T22:55:47.646Z PASS semantic action element discovered: AXButton
2026-08-28T22:55:48.729Z PASS semantic invoke target-side proof: fixture semantic counter advanced to 1
2026-08-28T22:55:48.729Z PASS semantic invoke conservatively classified: Partial/element-state-changed
2026-08-28T22:55:48.729Z PASS semantic invoke route, helper-preservation, and shared-pointer invariants: {"cursorPositionUnchanged":true,"foregroundUnchanged":true,"hardwareCursorPreservedByHelper":true,"helperGlobalPointerPreservation":"confirmed","hidSystemPointerActivityObserved":false,"injectedPointerActivityObserved":false,"inputDelivery":{"dispatchAttemptRecorded":true,"exactTargetBound":true,"globalHidInputUsed":false,"hardwareCursorMutationRequested":false,"osAcceptanceObserved":true,"osAcceptanceSignalAvailable":true,"route":"macosAccessibility","sharedInputSeatUsed":false,"supportLevel":"publicDocumented"},"pointerActivityMonitorHealthy":true,"rawInputPointerActivityObserved":false,"sharedPointerActivityObserved":false,"sharedPointerActivityState":"quiet","sharedPointerBoundaryCorroborated":true,"sharedPointerBoundaryState":"corroborated","spaceUnchanged":true,"userFocusUnchanged":true}
2026-08-28T22:55:48.976Z PASS semantic invoke screenshot changed: fresh exact-window pixels differ from the setValue stage
2026-08-28T22:55:49.682Z PASS persistent live share started: persistent-native-stream/exact-window
2026-08-28T22:55:49.682Z PASS SCStream start metadata: macos-screencapturekit-scstream, native=true, indicator-policy=true, selection=programmatic-exact-window
2026-08-28T22:55:49.682Z PASS live share ack pacing: latest-frame-wins, ackPaced=true
2026-08-28T22:55:49.682Z PASS live share cursor policy: system cursor excluded; synthetic session pointer composited
2026-08-28T22:55:49.995Z PASS persistent-share screenshot is fresh: sourceSequence=3
2026-08-28T22:55:50.673Z PASS same-PID sibling is remembered before primary pixel dispatch: sibling-main-and-focused=true, sibling-state-clean=true
2026-08-28T22:55:53.511Z PASS exact active target receiver observed during pixel lease: active-target=true, exact-main-and-focused=true, saved-user-owner=true
2026-08-28T22:55:53.603Z PASS background pixel click targets only primary and restores sibling receiver: only the primary click counter advanced and the target app's prior sibling receiver was restored
2026-08-28T22:55:53.604Z PASS pixel click conservatively classified: Unverifiable
2026-08-28T22:55:53.604Z PASS pixel action bound to persistent share: share=true, source=9
2026-08-28T22:55:53.604Z PASS live-share pixel click route, helper-preservation, and shared-pointer invariants: {"cursorPositionUnchanged":true,"foregroundUnchanged":true,"hardwareCursorPreservedByHelper":true,"helperGlobalPointerPreservation":"confirmed","hidSystemPointerActivityObserved":false,"injectedPointerActivityObserved":false,"inputDelivery":{"dispatchAttemptRecorded":true,"exactTargetBound":true,"globalHidInputUsed":false,"hardwareCursorMutationRequested":false,"osAcceptanceObserved":false,"osAcceptanceSignalAvailable":false,"route":"macosTargetedProcessEvent","sharedInputSeatUsed":false,"supportLevel":"privateUnsupported"},"pointerActivityMonitorHealthy":true,"rawInputPointerActivityObserved":false,"sharedPointerActivityObserved":false,"sharedPointerActivityState":"quiet","sharedPointerBoundaryCorroborated":true,"sharedPointerBoundaryState":"corroborated","spaceUnchanged":true,"userFocusUnchanged":true}
2026-08-28T22:55:53.674Z PASS same-PID pixel routing independent foreground/focus/pointer/Space invariants: {"foregroundUnchanged":true,"userFocusUnchanged":true,"foregroundIdentitySandwichHeld":true,"rawForegroundIdentitySandwichHeld":true,"foregroundAxFocusUnchanged":true,"foregroundAxFrontmostHeld":true,"cursorPositionUnchanged":true,"sharedPointerActivityObserved":false,"hidSystemPointerActivityObserved":false,"rawInputPointerActivityObserved":false,"injectedPointerActivityObserved":false,"pointerActivityMonitorHealthy":true,"sharedPointerBoundaryCorroborated":true,"sharedPointerBoundaryState":"corroborated","sharedPointerActivityState":"quiet","hidSystemKeyboardActivityObserved":false,"keyboardActivityMonitorHealthy":true,"sharedKeyboardBoundaryCorroborated":true,"sharedKeyboardBoundaryState":"corroborated","sharedKeyboardActivityState":"quiet","sharedInputSeatActivityObserved":false,"spaceUnchanged":true}
2026-08-28T22:55:53.882Z PASS native source remained live during input: source +33/drop +29; transport +4
2026-08-28T22:55:53.882Z PASS settled synthetic pointer published: action=click
2026-08-28T22:55:53.885Z PASS live-share action screenshot changed: fresh exact-window pixels include the action stage
2026-08-28T22:55:54.993Z PASS persistent share survived exact-target resize: 720x492 -> 820x552
2026-08-28T22:55:54.993Z PASS settled resize frame matches exact-window geometry: window=820x552, image=1218x820
2026-08-28T22:55:54.996Z PASS resize screenshot dimensions match settled observation: 1218x820
2026-08-28T22:55:54.996Z PASS resize screenshot geometry changed: 1209x826 -> 1218x820
2026-08-28T22:55:57.417Z PASS post-resize pixel click target-side proof: only the exact fixture click counter changed functional state after resize
2026-08-28T22:55:57.418Z PASS post-resize action bound to settled persistent share: frame=true, share=true, source=56
2026-08-28T22:55:57.418Z PASS post-resize pixel click conservatively classified: Unverifiable
2026-08-28T22:55:57.418Z PASS post-resize pixel click route, helper-preservation, and shared-pointer invariants: {"cursorPositionUnchanged":true,"foregroundUnchanged":true,"hardwareCursorPreservedByHelper":true,"helperGlobalPointerPreservation":"confirmed","hidSystemPointerActivityObserved":false,"injectedPointerActivityObserved":false,"inputDelivery":{"dispatchAttemptRecorded":true,"exactTargetBound":true,"globalHidInputUsed":false,"hardwareCursorMutationRequested":false,"osAcceptanceObserved":false,"osAcceptanceSignalAvailable":false,"route":"macosTargetedProcessEvent","sharedInputSeatUsed":false,"supportLevel":"privateUnsupported"},"pointerActivityMonitorHealthy":true,"rawInputPointerActivityObserved":false,"sharedPointerActivityObserved":false,"sharedPointerActivityState":"quiet","sharedPointerBoundaryCorroborated":true,"sharedPointerBoundaryState":"corroborated","spaceUnchanged":true,"userFocusUnchanged":true}
2026-08-28T22:55:57.418Z PASS post-resize pixel action independent foreground/focus/pointer/Space invariants: {"foregroundUnchanged":true,"userFocusUnchanged":true,"foregroundIdentitySandwichHeld":true,"rawForegroundIdentitySandwichHeld":true,"foregroundAxFocusUnchanged":true,"foregroundAxFrontmostHeld":true,"cursorPositionUnchanged":true,"sharedPointerActivityObserved":false,"hidSystemPointerActivityObserved":false,"rawInputPointerActivityObserved":false,"injectedPointerActivityObserved":false,"pointerActivityMonitorHealthy":true,"sharedPointerBoundaryCorroborated":true,"sharedPointerBoundaryState":"corroborated","sharedPointerActivityState":"quiet","hidSystemKeyboardActivityObserved":false,"keyboardActivityMonitorHealthy":true,"sharedKeyboardBoundaryCorroborated":true,"sharedKeyboardBoundaryState":"corroborated","sharedKeyboardActivityState":"quiet","sharedInputSeatActivityObserved":false,"spaceUnchanged":true}
2026-08-28T22:55:57.623Z PASS post-resize action retained resized exact-window stream: window=820x552, image=1218x820
2026-08-28T22:55:57.805Z PASS same-PID sibling is the prior receiver before text preparation: sibling-main-and-focused=true, sibling-state-clean=true
2026-08-28T22:55:57.990Z PASS background fixture field prepared without mutation while sibling remains prior receiver: the primary responder was prepared, the sibling was restored internally, and no target field mutated
2026-08-28T22:55:58.066Z PASS field preparation independent foreground/focus/pointer/Space invariants: {"foregroundUnchanged":true,"userFocusUnchanged":true,"foregroundIdentitySandwichHeld":true,"rawForegroundIdentitySandwichHeld":true,"foregroundAxFocusUnchanged":true,"foregroundAxFrontmostHeld":true,"cursorPositionUnchanged":true,"sharedPointerActivityObserved":false,"hidSystemPointerActivityObserved":false,"rawInputPointerActivityObserved":false,"injectedPointerActivityObserved":false,"pointerActivityMonitorHealthy":true,"sharedPointerBoundaryCorroborated":true,"sharedPointerBoundaryState":"corroborated","sharedPointerActivityState":"quiet","hidSystemKeyboardActivityObserved":false,"keyboardActivityMonitorHealthy":true,"sharedKeyboardBoundaryCorroborated":true,"sharedKeyboardBoundaryState":"corroborated","sharedKeyboardActivityState":"quiet","sharedInputSeatActivityObserved":false,"spaceUnchanged":true}
2026-08-28T22:55:58.243Z PASS same-PID sibling remains the exact prior receiver immediately before text request: sibling-main-and-focused=true
2026-08-28T22:55:59.931Z PASS native typeText exact fixture read-back with zero sibling mutation: appended 20 ASCII characters only to the primary field and restored the prior sibling receiver
2026-08-28T22:55:59.931Z PASS native typeText bounded product result: Unverifiable/exact-window-background, characters=20, utf16=20
2026-08-28T22:55:59.931Z PASS native typeText route, helper-preservation, and shared-pointer invariants: {"cursorPositionUnchanged":true,"foregroundUnchanged":true,"hardwareCursorPreservedByHelper":true,"helperGlobalPointerPreservation":"confirmed","hidSystemPointerActivityObserved":false,"injectedPointerActivityObserved":false,"inputDelivery":{"dispatchAttemptRecorded":true,"exactTargetBound":true,"globalHidInputUsed":false,"hardwareCursorMutationRequested":false,"osAcceptanceObserved":false,"osAcceptanceSignalAvailable":false,"route":"macosTargetedProcessEvent","sharedInputSeatUsed":false,"supportLevel":"privateUnsupported"},"pointerActivityMonitorHealthy":true,"rawInputPointerActivityObserved":false,"sharedPointerActivityObserved":false,"sharedPointerActivityState":"quiet","sharedPointerBoundaryCorroborated":true,"sharedPointerBoundaryState":"corroborated","spaceUnchanged":true,"userFocusUnchanged":true}
2026-08-28T22:56:00.004Z PASS native typeText independent foreground/focus/pointer/Space invariants: {"foregroundUnchanged":true,"userFocusUnchanged":true,"foregroundIdentitySandwichHeld":true,"rawForegroundIdentitySandwichHeld":true,"foregroundAxFocusUnchanged":true,"foregroundAxFrontmostHeld":true,"cursorPositionUnchanged":true,"sharedPointerActivityObserved":false,"hidSystemPointerActivityObserved":false,"rawInputPointerActivityObserved":false,"injectedPointerActivityObserved":false,"pointerActivityMonitorHealthy":true,"sharedPointerBoundaryCorroborated":true,"sharedPointerBoundaryState":"corroborated","sharedPointerActivityState":"quiet","hidSystemKeyboardActivityObserved":false,"keyboardActivityMonitorHealthy":true,"sharedKeyboardBoundaryCorroborated":true,"sharedKeyboardBoundaryState":"corroborated","sharedKeyboardActivityState":"quiet","sharedInputSeatActivityObserved":false,"spaceUnchanged":true}
2026-08-28T22:56:00.210Z PASS native text restore element discovered: AXTextField
2026-08-28T22:56:00.210Z PASS native text restore frame is bound to the persistent share authority: share=true, source=104
2026-08-28T22:56:01.246Z PASS native text fixture value restored: Confirmed/value-confirmed
2026-08-28T22:56:01.246Z PASS native text restore route, helper-preservation, and shared-pointer invariants: {"cursorPositionUnchanged":true,"foregroundUnchanged":true,"hardwareCursorPreservedByHelper":true,"helperGlobalPointerPreservation":"confirmed","hidSystemPointerActivityObserved":false,"injectedPointerActivityObserved":false,"inputDelivery":{"dispatchAttemptRecorded":true,"exactTargetBound":true,"globalHidInputUsed":false,"hardwareCursorMutationRequested":false,"osAcceptanceObserved":true,"osAcceptanceSignalAvailable":true,"route":"macosAccessibility","sharedInputSeatUsed":false,"supportLevel":"publicDocumented"},"pointerActivityMonitorHealthy":true,"rawInputPointerActivityObserved":false,"sharedPointerActivityObserved":false,"sharedPointerActivityState":"quiet","sharedPointerBoundaryCorroborated":true,"sharedPointerBoundaryState":"corroborated","spaceUnchanged":true,"userFocusUnchanged":true}
2026-08-28T22:56:01.246Z PASS native text restore exact fixture state: only the deterministic semantic value was restored
2026-08-28T22:56:01.555Z PASS persistent share sample count: 11 distinct transport frames
2026-08-28T22:56:01.555Z PASS one persistent share authority: 1 share IDs
2026-08-28T22:56:01.555Z PASS share-initial native stream metadata: macos-screencapturekit-scstream, native=true, indicator-policy=true, selection=programmatic-exact-window
2026-08-28T22:56:01.555Z PASS share-initial ack pacing metadata: ack=true, backpressure=latest-frame-wins
2026-08-28T22:56:01.555Z PASS share-cadence-1 native stream metadata: macos-screencapturekit-scstream, native=true, indicator-policy=true, selection=programmatic-exact-window
2026-08-28T22:56:01.555Z PASS share-cadence-1 ack pacing metadata: ack=true, backpressure=latest-frame-wins
2026-08-28T22:56:01.555Z PASS share-cadence-2 native stream metadata: macos-screencapturekit-scstream, native=true, indicator-policy=true, selection=programmatic-exact-window
2026-08-28T22:56:01.555Z PASS share-cadence-2 ack pacing metadata: ack=true, backpressure=latest-frame-wins
2026-08-28T22:56:01.555Z PASS share-after-long-action native stream metadata: macos-screencapturekit-scstream, native=true, indicator-policy=true, selection=programmatic-exact-window
2026-08-28T22:56:01.555Z PASS share-after-long-action ack pacing metadata: ack=true, backpressure=latest-frame-wins
2026-08-28T22:56:01.555Z PASS share-after-resize native stream metadata: macos-screencapturekit-scstream, native=true, indicator-policy=true, selection=programmatic-exact-window
2026-08-28T22:56:01.555Z PASS share-after-resize ack pacing metadata: ack=true, backpressure=latest-frame-wins
2026-08-28T22:56:01.555Z PASS share-resize-settled native stream metadata: macos-screencapturekit-scstream, native=true, indicator-policy=true, selection=programmatic-exact-window
2026-08-28T22:56:01.555Z PASS share-resize-settled ack pacing metadata: ack=true, backpressure=latest-frame-wins
2026-08-28T22:56:01.555Z PASS share-post-resize-cadence native stream metadata: macos-screencapturekit-scstream, native=true, indicator-policy=true, selection=programmatic-exact-window
2026-08-28T22:56:01.555Z PASS share-post-resize-cadence ack pacing metadata: ack=true, backpressure=latest-frame-wins
2026-08-28T22:56:01.555Z PASS share-after-post-resize-action native stream metadata: macos-screencapturekit-scstream, native=true, indicator-policy=true, selection=programmatic-exact-window
2026-08-28T22:56:01.555Z PASS share-after-post-resize-action ack pacing metadata: ack=true, backpressure=latest-frame-wins
2026-08-28T22:56:01.555Z PASS share-after-native-text-focus native stream metadata: macos-screencapturekit-scstream, native=true, indicator-policy=true, selection=programmatic-exact-window
2026-08-28T22:56:01.555Z PASS share-after-native-text-focus ack pacing metadata: ack=true, backpressure=latest-frame-wins
2026-08-28T22:56:01.555Z PASS share-after-native-text-delivery native stream metadata: macos-screencapturekit-scstream, native=true, indicator-policy=true, selection=programmatic-exact-window
2026-08-28T22:56:01.555Z PASS share-after-native-text-delivery ack pacing metadata: ack=true, backpressure=latest-frame-wins
2026-08-28T22:56:01.555Z PASS share-after-native-text-restore native stream metadata: macos-screencapturekit-scstream, native=true, indicator-policy=true, selection=programmatic-exact-window
2026-08-28T22:56:01.555Z PASS share-after-native-text-restore ack pacing metadata: ack=true, backpressure=latest-frame-wins
2026-08-28T22:56:01.555Z PASS share-cadence-1 independent sequences advance: source 3->6, transport 1->2
2026-08-28T22:56:01.555Z PASS share-cadence-1 drop counters are monotonic: source-drop 4->5, transport-drop 0->0
2026-08-28T22:56:01.555Z PASS share-cadence-1 previous frame was acknowledged: previous=1, ack=1, current=2
2026-08-28T22:56:01.555Z PASS share-cadence-2 independent sequences advance: source 6->9, transport 2->3
2026-08-28T22:56:01.555Z PASS share-cadence-2 drop counters are monotonic: source-drop 5->7, transport-drop 0->0
2026-08-28T22:56:01.555Z PASS share-cadence-2 previous frame was acknowledged: previous=2, ack=2, current=3
2026-08-28T22:56:01.555Z PASS share-after-long-action independent sequences advance: source 9->42, transport 3->7
2026-08-28T22:56:01.555Z PASS share-after-long-action drop counters are monotonic: source-drop 7->36, transport-drop 0->0
2026-08-28T22:56:01.555Z PASS share-after-long-action previous frame was acknowledged: previous=3, ack=6, current=7
2026-08-28T22:56:01.555Z PASS share-after-resize independent sequences advance: source 42->51, transport 7->9
2026-08-28T22:56:01.555Z PASS share-after-resize drop counters are monotonic: source-drop 36->43, transport-drop 0->0
2026-08-28T22:56:01.555Z PASS share-after-resize previous frame was acknowledged: previous=7, ack=8, current=9
2026-08-28T22:56:01.555Z PASS share-resize-settled independent sequences advance: source 51->53, transport 9->10
2026-08-28T22:56:01.555Z PASS share-resize-settled drop counters are monotonic: source-drop 43->44, transport-drop 0->0
2026-08-28T22:56:01.555Z PASS share-resize-settled previous frame was acknowledged: previous=9, ack=9, current=10
2026-08-28T22:56:01.555Z PASS share-post-resize-cadence independent sequences advance: source 53->56, transport 10->11
2026-08-28T22:56:01.555Z PASS share-post-resize-cadence drop counters are monotonic: source-drop 44->46, transport-drop 0->0
2026-08-28T22:56:01.555Z PASS share-post-resize-cadence previous frame was acknowledged: previous=10, ack=10, current=11
2026-08-28T22:56:01.555Z PASS share-after-post-resize-action independent sequences advance: source 56->80, transport 11->15
2026-08-28T22:56:01.555Z PASS share-after-post-resize-action drop counters are monotonic: source-drop 46->66, transport-drop 0->0
2026-08-28T22:56:01.555Z PASS share-after-post-resize-action previous frame was acknowledged: previous=11, ack=14, current=15
2026-08-28T22:56:01.555Z PASS share-after-native-text-focus independent sequences advance: source 80->82, transport 15->16
2026-08-28T22:56:01.555Z PASS share-after-native-text-focus drop counters are monotonic: source-drop 66->68, transport-drop 0->0
2026-08-28T22:56:01.555Z PASS share-after-native-text-focus previous frame was acknowledged: previous=15, ack=15, current=16
2026-08-28T22:56:01.555Z PASS share-after-native-text-delivery independent sequences advance: source 82->104, transport 16->19
2026-08-28T22:56:01.555Z PASS share-after-native-text-delivery drop counters are monotonic: source-drop 68->87, transport-drop 0->0
2026-08-28T22:56:01.555Z PASS share-after-native-text-delivery previous frame was acknowledged: previous=16, ack=18, current=19
2026-08-28T22:56:01.555Z PASS share-after-native-text-restore independent sequences advance: source 104->118, transport 19->22
2026-08-28T22:56:01.555Z PASS share-after-native-text-restore drop counters are monotonic: source-drop 87->98, transport-drop 0->0
2026-08-28T22:56:01.555Z PASS share-after-native-text-restore previous frame was acknowledged: previous=19, ack=21, current=22
2026-08-28T22:56:01.743Z PASS share status remains native and ack paced: macos-screencapturekit-scstream, source=121, transport=23
2026-08-28T22:56:01.743Z PASS share status drop domains retained: source-drop=99, transport-drop=0
2026-08-28T22:56:01.743Z PASS cancellation starts from a current resized share frame: share=true, source=118, screenshot-bound=true
2026-08-28T22:56:01.833Z PASS bounded fixture mouse-move instrumentation ready: baseline=61
2026-08-28T22:56:02.238Z PASS cancellation waits for target-routed native move delivery: moveEvents=61->62, wait=405ms
2026-08-28T22:56:02.240Z PASS exact duplicate observes one causally dispatched product action: HTTP 409, CALL_IN_PROGRESS
2026-08-28T22:56:02.241Z PASS authenticated exact-call cancellation accepted: HTTP 202, requested=true
2026-08-28T22:56:02.241Z PASS canceled original reports conservative outcome unknown: HTTP 504, COMMAND_OUTCOME_UNKNOWN/outcome_unknown, elapsed=408ms
2026-08-28T22:56:02.243Z PASS completed call cannot be canceled twice: HTTP 409, CALL_NOT_IN_PROGRESS
2026-08-28T22:56:02.245Z PASS exact canceled call replays without redispatch: HTTP 504, replayed=true
2026-08-28T22:56:02.246Z PASS changed command cannot reuse canceled call identity: HTTP 409, CALL_ID_REUSED/invalid_request
2026-08-28T22:56:02.248Z PASS cancellation fail-closed state names the exact-session revocation: outcome-unknown/COMMAND_OUTCOME_UNKNOWN
2026-08-28T22:56:02.250Z PASS cancellation tears down the computer screenshot surface: HTTP 404, NO_COMPUTER_SCREENSHOT
2026-08-28T22:56:02.551Z PASS canceled share surface stays torn down: no queued SCStream frame republished authority after cancellation
2026-08-28T22:56:02.554Z PASS post-cancellation share stop is idempotently fail-closed: false/false/not-active
2026-08-28T22:56:02.556Z PASS explicit stop preserves surface teardown: computer observation, screenshot, pointer, and share authority remain unavailable
2026-08-28T22:56:02.558Z PASS revoked authority gates pre-recovery mutations before helper relay: HTTP 409, NO_COMPUTER_FRAME/stale_snapshot/reobserve
2026-08-28T22:56:02.559Z PASS gated old-frame action cannot recreate a computer surface: no frame, screenshot, pointer, or share authority was republished
2026-08-28T22:56:02.876Z PASS explicit one-shot observation recovers exact-session authority: session-preserved=true, fresh-frame=true
2026-08-28T22:56:02.878Z PASS pre-cancellation frame stays stale after explicit recovery: HTTP 409, COMPUTER_STALE_FRAME/stale_snapshot/reobserve
2026-08-28T22:56:02.880Z PASS rejected stale action preserves the recovered exact frame: the old frame was refused without replacing or revoking the recovered one-shot frame
2026-08-28T22:56:02.880Z PASS fixture final state: {"clicks":2,"semanticPresses":1,"semanticValueMatchesExpected":true,"resizeCount":1,"focusCount":1,"siblingFocusCount":1,"siblingTextLength":0,"siblingClicks":0,"distinctSamePidWindows":true,"moveEvents":62,"appliedControlSequence":2,"contentWidth":820,"contentHeight":520}
2026-08-28T22:56:02.880Z PASS canceled move, gated refusal, recovery, and stale refusal caused no functional fixture mutation: functional fixture state stayed exact; only bounded move-delivery instrumentation advanced
2026-08-28T22:56:02.964Z PASS final same-PID receiver main and focus are restored before target close: sibling-main-and-focused=true
2026-08-28T22:56:03.037Z PASS cancellation/stop independent foreground/focus/pointer/Space invariants: {"foregroundUnchanged":true,"userFocusUnchanged":true,"foregroundIdentitySandwichHeld":true,"rawForegroundIdentitySandwichHeld":true,"foregroundAxFocusUnchanged":true,"foregroundAxFrontmostHeld":true,"cursorPositionUnchanged":true,"sharedPointerActivityObserved":false,"hidSystemPointerActivityObserved":false,"rawInputPointerActivityObserved":false,"injectedPointerActivityObserved":false,"pointerActivityMonitorHealthy":true,"sharedPointerBoundaryCorroborated":true,"sharedPointerBoundaryState":"corroborated","sharedPointerActivityState":"quiet","hidSystemKeyboardActivityObserved":false,"keyboardActivityMonitorHealthy":true,"sharedKeyboardBoundaryCorroborated":true,"sharedKeyboardBoundaryState":"corroborated","sharedKeyboardActivityState":"quiet","sharedInputSeatActivityObserved":false,"spaceUnchanged":true}
2026-08-28T22:56:03.037Z PASS every retained screenshot is bound only to the primary exact window: 6 primary-only screenshot records; sibling excluded=true
2026-08-28T22:56:03.779Z PASS target-close persistent share started with fresh authority: fresh-share=true, target=true, backend=macos-screencapturekit-scstream
2026-08-28T22:56:03.779Z PASS fresh share start retires the recovered one-shot frame under exact new authority: same-session=true, new-frame=true, exact-share=true
2026-08-28T22:56:04.089Z PASS exact target is alive while its closing share frame is current: share=true, recovered-retired=true, start-frame-retired=true, source=4
2026-08-28T22:56:04.092Z exact fixture target stopped
2026-08-28T22:56:04.092Z PASS rig closed the exact target while its persistent share was active: signal-requested=true, already-exited=false
2026-08-28T22:56:04.301Z PASS helper-originated exact-share failure stops server authority: capture-error/COMPUTER_NO_WINDOW, same-helper=true
2026-08-28T22:56:04.302Z PASS target close clears the exact share screenshot surface: HTTP 404, NO_COMPUTER_SCREENSHOT
2026-08-28T22:56:04.606Z PASS closed target cannot republish a queued native frame: 3 frame periods settled without authority republish
2026-08-28T22:56:04.609Z PASS closed-target frame is refused before helper action relay: HTTP 409, NO_COMPUTER_FRAME/stale_snapshot
2026-08-28T22:56:04.611Z PASS stale closed-target action cannot recreate a computer surface: the retired frame remained unavailable after the rejected mutation
2026-08-28T22:56:04.893Z PASS explicit observe cannot recover a closed exact target: HTTP 409, COMPUTER_NO_WINDOW/target_changed
2026-08-28T22:56:04.894Z PASS closed-target observe refusal preserves terminal teardown: the failed recovery did not restore observation, screenshot, pointer, share, or frame authority
2026-08-28T22:56:05.079Z PASS helper independently observes the exact target pair is gone: the helper no longer enumerates either real window from the closed fixture process
2026-08-28T22:56:05.081Z PASS target-close share stop is idempotently clean: false/false/not-active
2026-08-28T22:56:05.082Z PASS target-close cleanup leaves no share or frame authority: the same helper remains ready with no target, share, observation, screenshot, or frame authority
2026-08-28T22:56:05.165Z PASS target-close independent foreground/focus/pointer/Space invariants: {"foregroundUnchanged":true,"userFocusUnchanged":true,"foregroundIdentitySandwichHeld":true,"rawForegroundIdentitySandwichHeld":true,"foregroundAxFocusUnchanged":true,"foregroundAxFrontmostHeld":true,"cursorPositionUnchanged":true,"sharedPointerActivityObserved":false,"hidSystemPointerActivityObserved":false,"rawInputPointerActivityObserved":false,"injectedPointerActivityObserved":false,"pointerActivityMonitorHealthy":true,"sharedPointerBoundaryCorroborated":true,"sharedPointerBoundaryState":"corroborated","sharedPointerActivityState":"quiet","hidSystemKeyboardActivityObserved":false,"keyboardActivityMonitorHealthy":true,"sharedKeyboardBoundaryCorroborated":true,"sharedKeyboardBoundaryState":"corroborated","sharedKeyboardActivityState":"quiet","sharedInputSeatActivityObserved":false,"spaceUnchanged":true}
2026-08-28T22:56:05.227Z PASS whole-run independent foreground/focus/pointer/Space invariants: {"foregroundUnchanged":true,"userFocusUnchanged":true,"foregroundIdentitySandwichHeld":true,"rawForegroundIdentitySandwichHeld":true,"foregroundAxFocusUnchanged":true,"foregroundAxFrontmostHeld":true,"cursorPositionUnchanged":true,"sharedPointerActivityObserved":false,"hidSystemPointerActivityObserved":false,"rawInputPointerActivityObserved":false,"injectedPointerActivityObserved":false,"pointerActivityMonitorHealthy":true,"sharedPointerBoundaryCorroborated":true,"sharedPointerBoundaryState":"corroborated","sharedPointerActivityState":"quiet","hidSystemKeyboardActivityObserved":false,"keyboardActivityMonitorHealthy":true,"sharedKeyboardBoundaryCorroborated":true,"sharedKeyboardBoundaryState":"corroborated","sharedKeyboardActivityState":"quiet","sharedInputSeatActivityObserved":false,"spaceUnchanged":true}
2026-08-28T22:56:05.227Z PASS requested pointer evidence lane completed without unknown attribution: {"requestedLane":"quiet","quietObserved":true,"concurrentSharedSeatActivityObserved":false,"unknownObserved":false,"rawCursorPositionsRetained":false,"rawPlatformActivityCountersRetained":false,"rawHidSystemCountersRetained":false,"hidSystemActivityClaimedAsPhysical":false}
2026-08-28T22:56:06.370Z PASS post-run harness source commit matches coordinator binding: exact source SHA matched
2026-08-28T22:56:06.370Z PASS post-run harness checkout is detached: detached HEAD
2026-08-28T22:56:06.370Z PASS post-run harness checkout is clean: tracked, staged, deleted, and untracked sets are empty
2026-08-28T22:56:06.370Z PASS post-run harness source repository passes git fsck: git fsck --full passed
2026-08-28T22:56:06.370Z PASS post-run harness files are exact tracked blobs: runner, native probes, and acceptance finalizer match HEAD blobs
2026-08-28T22:56:06.373Z helper stopped
2026-08-28T22:56:06.373Z PASS helper remained alive until controlled teardown: SIGTERM was sent by the rig
2026-08-28T22:56:06.374Z PASS helper transport disconnected cleanly: helper session and observation were revoked
2026-08-28T22:56:06.374Z PASS helper was never respawned: 1 packaged helper process
2026-08-28T22:56:06.376Z server stopped
2026-08-28T22:56:06.376Z PASS server remained alive until controlled teardown: SIGTERM was sent by the rig
2026-08-28T22:56:06.376Z PASS server listener closed: the evidence port no longer accepts health requests
2026-08-28T22:56:06.390Z 207/207 checks passed
2026-08-28T22:56:06.392Z scratch directory removed
