2026-08-27T09:26:07.898Z PASS evidence output parent is an owner-private ordinary directory: the direct evidence parent is ordinary, owner-private, and current-user owned
2026-08-27T09:26:07.900Z PASS evidence output directory is newly created and owner-private: the runner created one private lane output directory
2026-08-27T09:26:08.724Z PASS pre-run harness source commit matches coordinator binding: exact source SHA matched
2026-08-27T09:26:08.724Z PASS pre-run harness checkout is detached: detached HEAD
2026-08-27T09:26:08.724Z PASS pre-run harness checkout is clean: tracked, staged, deleted, and untracked sets are empty
2026-08-27T09:26:08.724Z PASS pre-run harness source repository passes git fsck: git fsck --full passed
2026-08-27T09:26:08.724Z PASS pre-run harness files are exact tracked blobs: runner, native probes, and acceptance finalizer match HEAD blobs
2026-08-27T09:26:08.731Z PASS macOS host: Darwin
2026-08-27T09:26:08.738Z PASS expected checksum-manifest hash format: 64 lowercase hexadecimal characters
2026-08-27T09:26:08.738Z PASS canonical checksum-manifest name: SHA256SUMS.txt
2026-08-27T09:26:08.738Z PASS exact archive name: local-browser-bridge-v0.12.39-macos-universal.tar.gz
2026-08-27T09:26:08.738Z PASS checksum manifest is one bounded current-user-owned ordinary file: ordinary, singly linked, owner-controlled, and within the manifest byte bound
2026-08-27T09:26:08.738Z PASS checksum manifest stayed stable while it was bound: path and descriptor identity, size, links, and timestamps remained unchanged
2026-08-27T09:26:08.738Z PASS out-of-band checksum-manifest hash matches: ad91bd33cc1fac9960105cbdbe86ad86b7a3fe32de7756a1df90f3e17ebafa66
2026-08-27T09:26:08.738Z PASS checksum manifest has the exact canonical four-entry set: local-browser-bridge-v0.12.39-windows-x86_64.exe,local-computer-helper-v0.12.39-windows-x86_64.exe,local-browser-bridge-v0.12.39-macos-universal.tar.gz,local-browser-bridge-extension-v0.12.39.zip
2026-08-27T09:26:08.738Z PASS canonical manifest contains the macOS archive checksum: cd44a6bd044149972395a5e62794ba4158cc27c63803c50ca4d935ba22f41843
2026-08-27T09:26:08.783Z PASS macOS archive bounded exact inventory: ten PAX-free regular-file/directory entries passed bounded streaming extraction
2026-08-27T09:26:08.783Z PASS archive checksum is bound by the canonical manifest: cd44a6bd044149972395a5e62794ba4158cc27c63803c50ca4d935ba22f41843
2026-08-27T09:26:08.788Z PASS supplied server is archive-exact: e4974bab12d7992bd56d3d6b1fdde41bcab29207e4376bc14521e1f4fe577ff2
2026-08-27T09:26:08.790Z PASS supplied helper is archive-exact: c3e87ad87b724727d44cd564c49449be3baec2acb4e5fb750c4a3fd5040b19ca
2026-08-27T09:26:08.803Z PASS server universal architecture: arm64,x86_64
2026-08-27T09:26:08.804Z PASS helper universal architecture: arm64,x86_64
2026-08-27T09:26:08.804Z PASS helper uses packaged app layout: Local Computer Helper.app
2026-08-27T09:26:08.828Z PASS strict code-signature verification: server, helper executable, and helper app bundle passed strict verification
2026-08-27T09:26:08.833Z PASS helper bundle version: 0.12.39/0.12.39
2026-08-27T09:26:10.207Z PASS optional physical-pointer adversarial prompt self-test: source-only optional adversarial prompt cannot satisfy either release lane
2026-08-27T09:26:10.803Z PASS app-share handoff bundle identity: dev.flrngel.local-browser-bridge.acceptance.app-share
2026-08-27T09:26:10.956Z PASS app-share handoff self-test: stable bundle/window/button vocabulary and create-once receipts
2026-08-27T09:26:11.154Z PASS screen-capture permission preflight: preexisting permission; no request was made
2026-08-27T09:26:11.154Z PASS accessibility permission preflight: preexisting permission; no request was made
2026-08-27T09:26:11.154Z PASS active Space probe available: nonzero active Space identity
2026-08-27T09:26:11.154Z PASS sandwiched foreground AX focus probe available: stable NSWorkspace/raw PSN plus exact AX focused/main-window identities are available
2026-08-27T09:26:47.922Z PASS native quiet-seat stabilization completed before candidate execution: 36767 ms across 60 stable native transitions after 0 reset(s)
2026-08-27T09:26:47.929Z PASS server version: 0.12.39
2026-08-27T09:26:47.934Z PASS helper version: 0.12.39
2026-08-27T09:26:48.441Z PASS fixture process identity: state belongs to the spawned fixture
2026-08-27T09:26:48.588Z PASS startup same-PID sibling is the target app's remembered receiver: sibling-main-and-focused=true, fixture-background=true
2026-08-27T09:26:48.916Z PASS packaged helper compatible: protocol-compatible helper 0.12.39
2026-08-27T09:26:48.916Z PASS single helper spawn: 1 packaged helper process
2026-08-27T09:26:48.916Z PASS acknowledged share advertised: computer.share.ack present
2026-08-27T09:26:48.916Z PASS native stream advertised: computer.capture.native-stream.v1 present
2026-08-27T09:26:48.916Z PASS input-delivery provenance advertised: computer.input-delivery-provenance.v1 present
2026-08-27T09:26:48.916Z PASS pointer-activity monitor advertised: computer.pointer-activity-monitor.v1 present
2026-08-27T09:26:49.117Z PASS helper status backend: background-window/ax+skylight+screencapturekit-stream
2026-08-27T09:26:49.117Z PASS background shared-session mode: background-window/shared-user-session/target-routed
2026-08-27T09:26:49.117Z PASS background input backend ready: target-routed input is ready
2026-08-27T09:26:49.117Z PASS semantic backend ready: macos-accessibility is ready without prompting
2026-08-27T09:26:49.117Z PASS fixture exact window discovered: 1 matching windows
2026-08-27T09:26:49.117Z PASS genuine same-PID sibling window discovered: 1 sibling matches, distinct=true
2026-08-27T09:26:49.117Z PASS fixture is a background target: neither same-PID fixture window owns the user's foreground process or front window
2026-08-27T09:26:49.382Z PASS exact fixture window observed: 1209x826
2026-08-27T09:26:49.382Z PASS semantic snapshot available: 4 elements
2026-08-27T09:26:49.387Z PASS semantic value element discovered: AXTextField
2026-08-27T09:26:50.616Z PASS semantic setValue confirmed: Confirmed/value-confirmed
2026-08-27T09:26:50.616Z PASS semantic setValue route, helper-preservation, and shared-pointer invariants: {"cursorPositionUnchanged":true,"foregroundUnchanged":true,"hardwareCursorPreservedByHelper":true,"helperGlobalPointerPreservation":"confirmed","hidSystemPointerActivityObserved":false,"injectedPointerActivityObserved":false,"inputDelivery":{"dispatchAttemptRecorded":true,"exactTargetBound":true,"globalHidInputUsed":false,"hardwareCursorMutationRequested":false,"osAcceptanceObserved":true,"osAcceptanceSignalAvailable":true,"route":"macosAccessibility","sharedInputSeatUsed":false,"supportLevel":"publicDocumented"},"pointerActivityMonitorHealthy":true,"rawInputPointerActivityObserved":false,"sharedPointerActivityObserved":false,"sharedPointerActivityState":"quiet","sharedPointerBoundaryCorroborated":true,"sharedPointerBoundaryState":"corroborated","spaceUnchanged":true,"userFocusUnchanged":true}
2026-08-27T09:26:50.859Z PASS semantic setValue screenshot changed: fresh exact-window pixels differ from the pre-action observation
2026-08-27T09:26:50.859Z PASS semantic action element discovered: AXButton
2026-08-27T09:26:52.086Z PASS semantic invoke target-side proof: fixture semantic counter advanced to 1
2026-08-27T09:26:52.086Z PASS semantic invoke conservatively classified: Partial/element-state-changed
2026-08-27T09:26:52.086Z PASS semantic invoke route, helper-preservation, and shared-pointer invariants: {"cursorPositionUnchanged":true,"foregroundUnchanged":true,"hardwareCursorPreservedByHelper":true,"helperGlobalPointerPreservation":"confirmed","hidSystemPointerActivityObserved":false,"injectedPointerActivityObserved":false,"inputDelivery":{"dispatchAttemptRecorded":true,"exactTargetBound":true,"globalHidInputUsed":false,"hardwareCursorMutationRequested":false,"osAcceptanceObserved":true,"osAcceptanceSignalAvailable":true,"route":"macosAccessibility","sharedInputSeatUsed":false,"supportLevel":"publicDocumented"},"pointerActivityMonitorHealthy":true,"rawInputPointerActivityObserved":false,"sharedPointerActivityObserved":false,"sharedPointerActivityState":"quiet","sharedPointerBoundaryCorroborated":true,"sharedPointerBoundaryState":"corroborated","spaceUnchanged":true,"userFocusUnchanged":true}
2026-08-27T09:26:52.317Z PASS semantic invoke screenshot changed: fresh exact-window pixels differ from the setValue stage
2026-08-27T09:26:52.959Z PASS persistent live share started: persistent-native-stream/exact-window
2026-08-27T09:26:52.959Z PASS SCStream start metadata: macos-screencapturekit-scstream, native=true, indicator-policy=true, selection=programmatic-exact-window
2026-08-27T09:26:52.959Z PASS live share ack pacing: latest-frame-wins, ackPaced=true
2026-08-27T09:26:52.959Z PASS live share cursor policy: system cursor excluded; synthetic session pointer composited
2026-08-27T09:26:53.273Z PASS persistent-share screenshot is fresh: sourceSequence=3
2026-08-27T09:26:53.885Z PASS same-PID sibling is remembered before primary pixel dispatch: sibling-main-and-focused=true, sibling-state-clean=true
2026-08-27T09:26:56.665Z PASS exact active target receiver observed during pixel lease: active-target=true, exact-main-and-focused=true, saved-user-owner=true
2026-08-27T09:26:56.778Z PASS background pixel click targets only primary and restores sibling receiver: only the primary click counter advanced and the target app's prior sibling receiver was restored
2026-08-27T09:26:56.778Z PASS pixel click conservatively classified: Unverifiable
2026-08-27T09:26:56.778Z PASS pixel action bound to persistent share: share=true, source=8
2026-08-27T09:26:56.778Z PASS live-share pixel click route, helper-preservation, and shared-pointer invariants: {"cursorPositionUnchanged":true,"foregroundUnchanged":true,"hardwareCursorPreservedByHelper":true,"helperGlobalPointerPreservation":"confirmed","hidSystemPointerActivityObserved":false,"injectedPointerActivityObserved":false,"inputDelivery":{"dispatchAttemptRecorded":true,"exactTargetBound":true,"globalHidInputUsed":false,"hardwareCursorMutationRequested":false,"osAcceptanceObserved":false,"osAcceptanceSignalAvailable":false,"route":"macosTargetedProcessEvent","sharedInputSeatUsed":false,"supportLevel":"privateUnsupported"},"pointerActivityMonitorHealthy":true,"rawInputPointerActivityObserved":false,"sharedPointerActivityObserved":false,"sharedPointerActivityState":"quiet","sharedPointerBoundaryCorroborated":true,"sharedPointerBoundaryState":"corroborated","spaceUnchanged":true,"userFocusUnchanged":true}
2026-08-27T09:26:56.866Z PASS same-PID pixel routing independent foreground/focus/pointer/Space invariants: {"foregroundUnchanged":true,"userFocusUnchanged":true,"foregroundIdentitySandwichHeld":true,"rawForegroundIdentitySandwichHeld":true,"foregroundAxFocusUnchanged":true,"foregroundAxFrontmostHeld":true,"cursorPositionUnchanged":true,"sharedPointerActivityObserved":false,"hidSystemPointerActivityObserved":false,"rawInputPointerActivityObserved":false,"injectedPointerActivityObserved":false,"pointerActivityMonitorHealthy":true,"sharedPointerBoundaryCorroborated":true,"sharedPointerBoundaryState":"corroborated","sharedPointerActivityState":"quiet","hidSystemKeyboardActivityObserved":false,"keyboardActivityMonitorHealthy":true,"sharedKeyboardBoundaryCorroborated":true,"sharedKeyboardBoundaryState":"corroborated","sharedKeyboardActivityState":"quiet","sharedInputSeatActivityObserved":false,"spaceUnchanged":true}
2026-08-27T09:26:56.971Z PASS native source remained live during input: source +32/drop +29; transport +4
2026-08-27T09:26:56.971Z PASS settled synthetic pointer published: action=click
2026-08-27T09:26:56.973Z PASS live-share action screenshot changed: fresh exact-window pixels include the action stage
2026-08-27T09:26:58.087Z PASS persistent share survived exact-target resize: 720x492 -> 820x552
2026-08-27T09:26:58.087Z PASS settled resize frame matches exact-window geometry: window=820x552, image=1218x820
2026-08-27T09:26:58.089Z PASS resize screenshot dimensions match settled observation: 1218x820
2026-08-27T09:26:58.089Z PASS resize screenshot geometry changed: 1209x826 -> 1218x820
2026-08-27T09:26:58.747Z PASS app-share WAITING presentation independent foreground/focus/pointer/Space invariants: {"foregroundUnchanged":true,"userFocusUnchanged":true,"foregroundIdentitySandwichHeld":true,"rawForegroundIdentitySandwichHeld":true,"foregroundAxFocusUnchanged":true,"foregroundAxFrontmostHeld":true,"cursorPositionUnchanged":true,"sharedPointerActivityObserved":false,"hidSystemPointerActivityObserved":false,"rawInputPointerActivityObserved":false,"injectedPointerActivityObserved":false,"pointerActivityMonitorHealthy":true,"sharedPointerBoundaryCorroborated":true,"sharedPointerBoundaryState":"corroborated","sharedPointerActivityState":"quiet","hidSystemKeyboardActivityObserved":false,"keyboardActivityMonitorHealthy":true,"sharedKeyboardBoundaryCorroborated":true,"sharedKeyboardBoundaryState":"corroborated","sharedKeyboardActivityState":"quiet","sharedInputSeatActivityObserved":false,"spaceUnchanged":true}
2026-08-27T09:26:58.747Z PASS app-share WAITING presentation remained quiet: the bound app appeared without shared-pointer or user-context activity
2026-08-27T09:26:58.866Z PASS app-share READY presentation independent foreground/focus/pointer/Space invariants: {"foregroundUnchanged":true,"userFocusUnchanged":true,"foregroundIdentitySandwichHeld":true,"rawForegroundIdentitySandwichHeld":true,"foregroundAxFocusUnchanged":true,"foregroundAxFrontmostHeld":true,"cursorPositionUnchanged":true,"sharedPointerActivityObserved":false,"hidSystemPointerActivityObserved":false,"rawInputPointerActivityObserved":false,"injectedPointerActivityObserved":false,"pointerActivityMonitorHealthy":true,"sharedPointerBoundaryCorroborated":true,"sharedPointerBoundaryState":"corroborated","sharedPointerActivityState":"quiet","hidSystemKeyboardActivityObserved":false,"keyboardActivityMonitorHealthy":true,"sharedKeyboardBoundaryCorroborated":true,"sharedKeyboardBoundaryState":"corroborated","sharedKeyboardActivityState":"quiet","sharedInputSeatActivityObserved":false,"spaceUnchanged":true}
2026-08-27T09:26:58.866Z PASS app-share READY transition preserved the shared input seat: foreground, focus, cursor, HID counters, and active Space stayed unchanged
2026-08-27T09:26:58.866Z ACTION REQUIRED: through the separately authorized exact-app share for dev.flrngel.local-browser-bridge.acceptance.app-share, press START APP-SHARE CHECK exactly once. Do not use the shared desktop or retry.
2026-08-27T09:27:26.599Z FAIL exact-app-share action independent foreground/focus/pointer/Space invariants: {"foregroundUnchanged":true,"userFocusUnchanged":false,"foregroundIdentitySandwichHeld":true,"rawForegroundIdentitySandwichHeld":true,"foregroundAxFocusUnchanged":true,"foregroundAxFrontmostHeld":true,"cursorPositionUnchanged":true,"sharedPointerActivityObserved":false,"hidSystemPointerActivityObserved":false,"rawInputPointerActivityObserved":false,"injectedPointerActivityObserved":false,"pointerActivityMonitorHealthy":true,"sharedPointerBoundaryCorroborated":true,"sharedPointerBoundaryState":"corroborated","sharedPointerActivityState":"quiet","hidSystemKeyboardActivityObserved":false,"keyboardActivityMonitorHealthy":true,"sharedKeyboardBoundaryCorroborated":true,"sharedKeyboardBoundaryState":"corroborated","sharedKeyboardActivityState":"quiet","sharedInputSeatActivityObserved":false,"spaceUnchanged":true}
2026-08-27T09:27:26.848Z FATAL exact-app-share action independent foreground/focus/pointer/Space invariants: {"foregroundUnchanged":true,"userFocusUnchanged":false,"foregroundIdentitySandwichHeld":true,"rawForegroundIdentitySandwichHeld":true,"foregroundAxFocusUnchanged":true,"foregroundAxFrontmostHeld":true,"cursorPositionUnchanged":true,"sharedPointerActivityObserved":false,"hidSystemPointerActivityObserved":false,"rawInputPointerActivityObserved":false,"injectedPointerActivityObserved":false,"pointerActivityMonitorHealthy":true,"sharedPointerBoundaryCorroborated":true,"sharedPointerBoundaryState":"corroborated","sharedPointerActivityState":"quiet","hidSystemKeyboardActivityObserved":false,"keyboardActivityMonitorHealthy":true,"sharedKeyboardBoundaryCorroborated":true,"sharedKeyboardBoundaryState":"corroborated","sharedKeyboardActivityState":"quiet","sharedInputSeatActivityObserved":false,"spaceUnchanged":true}
2026-08-27T09:27:26.851Z pointer handoff prompt stopped
2026-08-27T09:27:26.854Z helper stopped
2026-08-27T09:27:26.855Z server stopped
2026-08-27T09:27:26.858Z fixture stopped
2026-08-27T09:27:26.860Z scratch directory removed
