2026-08-30T01:03:40.069Z PASS evidence output parent is an owner-private ordinary directory: the direct evidence parent is ordinary, owner-private, and current-user owned
2026-08-30T01:03:40.072Z PASS evidence output directory is newly created and owner-private: the runner created one private lane output directory
2026-08-30T01:03:41.379Z PASS pre-run harness source commit matches coordinator binding: exact source SHA matched
2026-08-30T01:03:41.379Z PASS pre-run harness checkout is detached: detached HEAD
2026-08-30T01:03:41.379Z PASS pre-run harness checkout is clean: tracked, staged, deleted, and untracked sets are empty
2026-08-30T01:03:41.379Z PASS pre-run harness source repository passes git fsck: git fsck --full passed
2026-08-30T01:03:41.379Z PASS pre-run harness files are exact tracked blobs: runner, native probes, and acceptance finalizer match HEAD blobs
2026-08-30T01:03:41.387Z PASS macOS host: Darwin
2026-08-30T01:03:41.394Z PASS expected checksum-manifest hash format: 64 lowercase hexadecimal characters
2026-08-30T01:03:41.394Z PASS canonical checksum-manifest name: SHA256SUMS.txt
2026-08-30T01:03:41.394Z PASS exact archive name: local-browser-bridge-v0.12.64-macos-universal.tar.gz
2026-08-30T01:03:41.394Z PASS checksum manifest is one bounded current-user-owned ordinary file: ordinary, singly linked, owner-controlled, and within the manifest byte bound
2026-08-30T01:03:41.395Z PASS checksum manifest stayed stable while it was bound: path and descriptor identity, size, links, and timestamps remained unchanged
2026-08-30T01:03:41.395Z PASS out-of-band checksum-manifest hash matches: 653355de7c92b266a9c6f9bf0f14958f7497e33fb0299aa95f727c2f87ae1504
2026-08-30T01:03:41.395Z PASS checksum manifest has the exact canonical four-entry set: local-browser-bridge-v0.12.64-windows-x86_64.exe,local-computer-helper-v0.12.64-windows-x86_64.exe,local-browser-bridge-v0.12.64-macos-universal.tar.gz,local-browser-bridge-extension-v0.12.64.zip
2026-08-30T01:03:41.395Z PASS canonical manifest contains the macOS archive checksum: f1e4635e85645834ca4beb2f7ceea9e2f45032eadb5ec664ff1760b033d69519
2026-08-30T01:03:41.451Z PASS macOS archive bounded exact inventory: seventeen PAX-free regular-file/directory entries passed bounded streaming extraction
2026-08-30T01:03:41.451Z PASS archive checksum is bound by the canonical manifest: f1e4635e85645834ca4beb2f7ceea9e2f45032eadb5ec664ff1760b033d69519
2026-08-30T01:03:41.456Z PASS supplied server is archive-exact: dabb24693f68e58a7524f6efb6b25103b837d7dc775e9053af358e150107712f
2026-08-30T01:03:41.458Z PASS supplied helper is archive-exact: 2d2a63c0adb50870d19ec4559afc6e7d907202239b81b50271e3378a038a3a75
2026-08-30T01:03:41.473Z PASS server universal architecture: arm64,x86_64
2026-08-30T01:03:41.473Z PASS helper universal architecture: arm64,x86_64
2026-08-30T01:03:41.473Z PASS helper uses packaged app layout: Local Computer Helper.app
2026-08-30T01:03:41.499Z PASS strict code-signature verification: server, helper executable, and helper app bundle passed strict verification
2026-08-30T01:03:41.506Z PASS helper bundle version: 0.12.64/0.12.64
2026-08-30T01:03:42.527Z PASS system probe foreground-window self-test: AX-focused/main identity wins over same-process app-share auxiliary compositor order
2026-08-30T01:03:43.192Z PASS optional physical-pointer adversarial prompt self-test: source-only optional adversarial prompt cannot satisfy either release lane
2026-08-30T01:03:43.812Z PASS app-share handoff bundle identity: dev.flrngel.local-browser-bridge.acceptance.app-share
2026-08-30T01:03:44.060Z PASS app-share handoff self-test: stable bundle/window/button vocabulary and create-once receipts
2026-08-30T01:03:44.160Z PASS screen-capture permission preflight: preexisting permission; no request was made
2026-08-30T01:03:44.160Z PASS accessibility permission preflight: preexisting permission; no request was made
2026-08-30T01:03:44.160Z PASS active Space probe available: nonzero active Space identity
2026-08-30T01:03:44.160Z PASS sandwiched foreground AX focus probe available: stable NSWorkspace/raw PSN plus exact AX focused/main-window identities are available
2026-08-30T01:04:20.638Z PASS native quiet-seat stabilization completed before candidate execution: 36477 ms across 60 stable native transitions after 0 reset(s)
2026-08-30T01:04:20.645Z PASS server version: 0.12.64
2026-08-30T01:04:20.651Z PASS helper version: 0.12.64
2026-08-30T01:04:21.157Z PASS fixture process identity: state belongs to the spawned fixture
2026-08-30T01:04:21.323Z PASS startup same-PID sibling is the target app's remembered receiver: sibling-main-and-focused=true, fixture-background=true
2026-08-30T01:04:21.754Z PASS packaged helper compatible: protocol-compatible helper 0.12.64
2026-08-30T01:04:21.754Z PASS single helper spawn: 1 packaged helper process
2026-08-30T01:04:21.754Z PASS acknowledged share advertised: computer.share.ack present
2026-08-30T01:04:21.754Z PASS native stream advertised: computer.capture.native-stream.v1 present
2026-08-30T01:04:21.754Z PASS input-delivery provenance advertised: computer.input-delivery-provenance.v1 present
2026-08-30T01:04:21.754Z PASS pointer-activity monitor advertised: computer.pointer-activity-monitor.v1 present
2026-08-30T01:04:22.043Z PASS helper status backend: background-window/ax+skylight+screencapturekit-stream
2026-08-30T01:04:22.043Z PASS background shared-session mode: background-window/shared-user-session/target-routed
2026-08-30T01:04:22.043Z PASS background input backend ready: target-routed input is ready
2026-08-30T01:04:22.043Z PASS semantic backend ready: macos-accessibility is ready without prompting
2026-08-30T01:04:22.043Z PASS fixture exact window discovered: 1 matching windows
2026-08-30T01:04:22.043Z PASS genuine same-PID sibling window discovered: 1 sibling matches, distinct=true
2026-08-30T01:04:22.043Z PASS fixture is a background target: neither same-PID fixture window owns the user's foreground process or front window
2026-08-30T01:04:22.446Z PASS exact fixture window observed: 1209x826
2026-08-30T01:04:22.446Z PASS semantic snapshot available: 4 elements
2026-08-30T01:04:22.450Z PASS semantic value element discovered: AXTextField
2026-08-30T01:04:23.791Z PASS semantic setValue confirmed: Confirmed/value-confirmed
2026-08-30T01:04:23.792Z PASS semantic setValue route, helper-preservation, and shared-pointer invariants: {"cursorPositionUnchanged":true,"foregroundUnchanged":true,"hardwareCursorPreservedByHelper":true,"helperGlobalPointerPreservation":"confirmed","hidSystemPointerActivityObserved":false,"injectedPointerActivityObserved":false,"inputDelivery":{"dispatchAttemptRecorded":true,"exactTargetBound":true,"globalHidInputUsed":false,"hardwareCursorMutationRequested":false,"osAcceptanceObserved":true,"osAcceptanceSignalAvailable":true,"route":"macosAccessibility","sharedInputSeatUsed":false,"supportLevel":"publicDocumented"},"pointerActivityMonitorHealthy":true,"rawInputPointerActivityObserved":false,"sharedPointerActivityObserved":false,"sharedPointerActivityState":"quiet","sharedPointerBoundaryCorroborated":true,"sharedPointerBoundaryState":"corroborated","spaceUnchanged":true,"userFocusUnchanged":true}
2026-08-30T01:04:24.133Z PASS semantic setValue screenshot changed: fresh exact-window pixels differ from the pre-action observation
2026-08-30T01:04:24.133Z PASS semantic action element discovered: AXButton
2026-08-30T01:04:25.531Z PASS semantic invoke target-side proof: fixture semantic counter advanced to 1
2026-08-30T01:04:25.531Z PASS semantic invoke conservatively classified: Partial/element-state-changed
2026-08-30T01:04:25.531Z PASS semantic invoke route, helper-preservation, and shared-pointer invariants: {"cursorPositionUnchanged":true,"foregroundUnchanged":true,"hardwareCursorPreservedByHelper":true,"helperGlobalPointerPreservation":"confirmed","hidSystemPointerActivityObserved":false,"injectedPointerActivityObserved":false,"inputDelivery":{"dispatchAttemptRecorded":true,"exactTargetBound":true,"globalHidInputUsed":false,"hardwareCursorMutationRequested":false,"osAcceptanceObserved":true,"osAcceptanceSignalAvailable":true,"route":"macosAccessibility","sharedInputSeatUsed":false,"supportLevel":"publicDocumented"},"pointerActivityMonitorHealthy":true,"rawInputPointerActivityObserved":false,"sharedPointerActivityObserved":false,"sharedPointerActivityState":"quiet","sharedPointerBoundaryCorroborated":true,"sharedPointerBoundaryState":"corroborated","spaceUnchanged":true,"userFocusUnchanged":true}
2026-08-30T01:04:25.883Z PASS semantic invoke screenshot changed: fresh exact-window pixels differ from the setValue stage
2026-08-30T01:04:26.781Z PASS persistent live share started: persistent-native-stream/exact-window
2026-08-30T01:04:26.781Z PASS SCStream start metadata: macos-screencapturekit-scstream, native=true, indicator-policy=true, selection=programmatic-exact-window
2026-08-30T01:04:26.781Z PASS live share ack pacing: latest-frame-wins, ackPaced=true
2026-08-30T01:04:26.781Z PASS live share cursor policy: system cursor excluded; synthetic session pointer composited
2026-08-30T01:04:27.197Z PASS persistent-share screenshot is fresh: sourceSequence=4
2026-08-30T01:04:28.309Z PASS same-PID sibling is remembered before primary pixel dispatch: sibling-main-and-focused=true, sibling-state-clean=true
2026-08-30T01:04:33.333Z PASS exact active target receiver observed during pixel lease: active-target=true, exact-main-and-focused=true, saved-user-owner=true
2026-08-30T01:04:33.436Z PASS background pixel click targets only primary and restores sibling receiver: only the primary click counter advanced and the target app's prior sibling receiver was restored
2026-08-30T01:04:33.436Z PASS pixel click conservatively classified: Unverifiable
2026-08-30T01:04:33.436Z PASS pixel action bound to persistent share: share=true, source=12
2026-08-30T01:04:33.436Z PASS live-share pixel click route, helper-preservation, and shared-pointer invariants: {"cursorPositionUnchanged":true,"foregroundUnchanged":true,"hardwareCursorPreservedByHelper":true,"helperGlobalPointerPreservation":"confirmed","hidSystemPointerActivityObserved":false,"injectedPointerActivityObserved":false,"inputDelivery":{"dispatchAttemptRecorded":true,"exactTargetBound":true,"globalHidInputUsed":false,"hardwareCursorMutationRequested":false,"osAcceptanceObserved":false,"osAcceptanceSignalAvailable":false,"route":"macosTargetedProcessEvent","sharedInputSeatUsed":false,"supportLevel":"privateUnsupported"},"pointerActivityMonitorHealthy":true,"rawInputPointerActivityObserved":false,"sharedPointerActivityObserved":false,"sharedPointerActivityState":"quiet","sharedPointerBoundaryCorroborated":true,"sharedPointerBoundaryState":"corroborated","spaceUnchanged":true,"userFocusUnchanged":true}
2026-08-30T01:04:33.518Z PASS same-PID pixel routing independent foreground/focus/pointer/Space invariants: {"foregroundUnchanged":true,"userFocusUnchanged":true,"foregroundIdentitySandwichHeld":true,"rawForegroundIdentitySandwichHeld":true,"foregroundAxFocusUnchanged":true,"foregroundAxFrontmostHeld":true,"cursorPositionUnchanged":true,"sharedPointerActivityObserved":false,"hidSystemPointerActivityObserved":false,"rawInputPointerActivityObserved":false,"injectedPointerActivityObserved":false,"pointerActivityMonitorHealthy":true,"sharedPointerBoundaryCorroborated":true,"sharedPointerBoundaryState":"corroborated","sharedPointerActivityState":"quiet","hidSystemKeyboardActivityObserved":false,"keyboardActivityMonitorHealthy":true,"sharedKeyboardBoundaryCorroborated":true,"sharedKeyboardBoundaryState":"corroborated","sharedKeyboardActivityState":"quiet","sharedInputSeatActivityObserved":false,"spaceUnchanged":true}
2026-08-30T01:04:33.829Z PASS native source remained live during input: source +58/drop +54; transport +3
2026-08-30T01:04:33.829Z PASS settled synthetic pointer published: action=click
2026-08-30T01:04:33.831Z PASS live-share action screenshot changed: fresh exact-window pixels include the action stage
2026-08-30T01:04:35.555Z PASS persistent share survived exact-target resize: 720x492 -> 820x552
2026-08-30T01:04:35.556Z PASS settled resize frame matches exact-window geometry: window=820x552, image=1218x820
2026-08-30T01:04:35.559Z PASS resize screenshot dimensions match settled observation: 1218x820
2026-08-30T01:04:35.559Z PASS resize screenshot geometry changed: 1209x826 -> 1218x820
2026-08-30T01:04:36.443Z PASS app-share WAITING presentation independent foreground/focus/pointer/Space invariants: {"foregroundUnchanged":true,"userFocusUnchanged":true,"foregroundIdentitySandwichHeld":true,"rawForegroundIdentitySandwichHeld":true,"foregroundAxFocusUnchanged":true,"foregroundAxFrontmostHeld":true,"cursorPositionUnchanged":true,"sharedPointerActivityObserved":false,"hidSystemPointerActivityObserved":false,"rawInputPointerActivityObserved":false,"injectedPointerActivityObserved":false,"pointerActivityMonitorHealthy":true,"sharedPointerBoundaryCorroborated":true,"sharedPointerBoundaryState":"corroborated","sharedPointerActivityState":"quiet","hidSystemKeyboardActivityObserved":false,"keyboardActivityMonitorHealthy":true,"sharedKeyboardBoundaryCorroborated":true,"sharedKeyboardBoundaryState":"corroborated","sharedKeyboardActivityState":"quiet","sharedInputSeatActivityObserved":false,"spaceUnchanged":true}
2026-08-30T01:04:36.443Z PASS app-share WAITING presentation remained quiet: the bound app appeared without shared-pointer or user-context activity
2026-08-30T01:04:36.543Z PASS app-share READY presentation independent foreground/focus/pointer/Space invariants: {"foregroundUnchanged":true,"userFocusUnchanged":true,"foregroundIdentitySandwichHeld":true,"rawForegroundIdentitySandwichHeld":true,"foregroundAxFocusUnchanged":true,"foregroundAxFrontmostHeld":true,"cursorPositionUnchanged":true,"sharedPointerActivityObserved":false,"hidSystemPointerActivityObserved":false,"rawInputPointerActivityObserved":false,"injectedPointerActivityObserved":false,"pointerActivityMonitorHealthy":true,"sharedPointerBoundaryCorroborated":true,"sharedPointerBoundaryState":"corroborated","sharedPointerActivityState":"quiet","hidSystemKeyboardActivityObserved":false,"keyboardActivityMonitorHealthy":true,"sharedKeyboardBoundaryCorroborated":true,"sharedKeyboardBoundaryState":"corroborated","sharedKeyboardActivityState":"quiet","sharedInputSeatActivityObserved":false,"spaceUnchanged":true}
2026-08-30T01:04:36.544Z PASS app-share READY transition preserved the shared input seat: foreground, focus, cursor, HID counters, and active Space stayed unchanged
2026-08-30T01:04:36.544Z ACTION REQUIRED: through the separately authorized exact-app share for dev.flrngel.local-browser-bridge.acceptance.app-share, press START APP-SHARE CHECK exactly once. Do not use the shared desktop or retry.
2026-08-30T01:05:02.406Z PASS exact-app-share action independent foreground/focus/pointer/Space invariants: {"foregroundUnchanged":true,"userFocusUnchanged":true,"foregroundIdentitySandwichHeld":true,"rawForegroundIdentitySandwichHeld":true,"foregroundAxFocusUnchanged":true,"foregroundAxFrontmostHeld":true,"cursorPositionUnchanged":true,"sharedPointerActivityObserved":false,"hidSystemPointerActivityObserved":false,"rawInputPointerActivityObserved":false,"injectedPointerActivityObserved":false,"pointerActivityMonitorHealthy":true,"sharedPointerBoundaryCorroborated":true,"sharedPointerBoundaryState":"corroborated","sharedPointerActivityState":"quiet","hidSystemKeyboardActivityObserved":false,"keyboardActivityMonitorHealthy":true,"sharedKeyboardBoundaryCorroborated":true,"sharedKeyboardBoundaryState":"corroborated","sharedKeyboardActivityState":"quiet","sharedInputSeatActivityObserved":false,"spaceUnchanged":true}
2026-08-30T01:05:02.406Z PASS exact-app-share action did not use the shared input seat: foreground, focus, cursor, HID counters, and active Space stayed unchanged across the external app action
2026-08-30T01:05:02.564Z PASS app-share ACTION transition independent foreground/focus/pointer/Space invariants: {"foregroundUnchanged":true,"userFocusUnchanged":true,"foregroundIdentitySandwichHeld":true,"rawForegroundIdentitySandwichHeld":true,"foregroundAxFocusUnchanged":true,"foregroundAxFrontmostHeld":true,"cursorPositionUnchanged":true,"sharedPointerActivityObserved":false,"hidSystemPointerActivityObserved":false,"rawInputPointerActivityObserved":false,"injectedPointerActivityObserved":false,"pointerActivityMonitorHealthy":true,"sharedPointerBoundaryCorroborated":true,"sharedPointerBoundaryState":"corroborated","sharedPointerActivityState":"quiet","hidSystemKeyboardActivityObserved":false,"keyboardActivityMonitorHealthy":true,"sharedKeyboardBoundaryCorroborated":true,"sharedKeyboardBoundaryState":"corroborated","sharedKeyboardActivityState":"quiet","sharedInputSeatActivityObserved":false,"spaceUnchanged":true}
2026-08-30T01:05:02.564Z PASS app-share ACTION transition remained outside the shared input seat: the exact app remained bound while the product action window opened
2026-08-30T01:05:02.565Z PASS app-share receipt retained the exact persistent share: target=true, share=true, source-bound=true, geometry=true
2026-08-30T01:05:04.011Z PASS post-handoff share action authority is fresh and exact: target=true, share=true, source-advanced=true, transport-advanced=true, frame-rebased=true, estimatedAgeMs=986.50341796875
2026-08-30T01:05:04.011Z PASS app-share handoff and frame refresh caused no target mutation: the exact target functional baseline stayed unchanged until fresh action authority was bound
2026-08-30T01:05:04.011Z PASS post-handoff share action authority remained fresh at dispatch: frame-bound=true, estimatedAgeMs=986.50341796875
2026-08-30T01:05:13.617Z PASS post-resize command returned a recorded dispatch attempt: a returned response cannot complete the handoff without product dispatch evidence
2026-08-30T01:05:13.730Z PASS post-resize pixel click target-side proof: only the exact fixture click counter changed functional state after resize
2026-08-30T01:05:13.730Z PASS post-resize action bound to settled persistent share: frame=true, share=true, source=365
2026-08-30T01:05:13.730Z PASS post-resize pixel click conservatively classified: Unverifiable
2026-08-30T01:05:13.730Z PASS post-resize pixel click route, helper-preservation, and shared-pointer invariants: {"cursorPositionUnchanged":true,"foregroundUnchanged":true,"hardwareCursorPreservedByHelper":true,"helperGlobalPointerPreservation":"confirmed","hidSystemPointerActivityObserved":false,"injectedPointerActivityObserved":false,"inputDelivery":{"dispatchAttemptRecorded":true,"exactTargetBound":true,"globalHidInputUsed":false,"hardwareCursorMutationRequested":false,"osAcceptanceObserved":false,"osAcceptanceSignalAvailable":false,"route":"macosTargetedProcessEvent","sharedInputSeatUsed":false,"supportLevel":"privateUnsupported"},"pointerActivityMonitorHealthy":true,"rawInputPointerActivityObserved":false,"sharedPointerActivityObserved":false,"sharedPointerActivityState":"quiet","sharedPointerBoundaryCorroborated":true,"sharedPointerBoundaryState":"corroborated","spaceUnchanged":true,"userFocusUnchanged":true}
2026-08-30T01:05:13.730Z PASS post-resize pixel action independent foreground/focus/pointer/Space invariants: {"foregroundUnchanged":true,"userFocusUnchanged":true,"foregroundIdentitySandwichHeld":true,"rawForegroundIdentitySandwichHeld":true,"foregroundAxFocusUnchanged":true,"foregroundAxFrontmostHeld":true,"cursorPositionUnchanged":true,"sharedPointerActivityObserved":false,"hidSystemPointerActivityObserved":false,"rawInputPointerActivityObserved":false,"injectedPointerActivityObserved":false,"pointerActivityMonitorHealthy":true,"sharedPointerBoundaryCorroborated":true,"sharedPointerBoundaryState":"corroborated","sharedPointerActivityState":"quiet","hidSystemKeyboardActivityObserved":false,"keyboardActivityMonitorHealthy":true,"sharedKeyboardBoundaryCorroborated":true,"sharedKeyboardBoundaryState":"corroborated","sharedKeyboardActivityState":"quiet","sharedInputSeatActivityObserved":false,"spaceUnchanged":true}
2026-08-30T01:05:13.730Z PASS exact-app-share concurrency preserved both product and independent shared-seat boundaries: both post-resize boundaries stayed quiet and the exact target postcondition advanced
2026-08-30T01:05:13.848Z PASS app-share pre-completion boundary independent foreground/focus/pointer/Space invariants: {"foregroundUnchanged":true,"userFocusUnchanged":true,"foregroundIdentitySandwichHeld":true,"rawForegroundIdentitySandwichHeld":true,"foregroundAxFocusUnchanged":true,"foregroundAxFrontmostHeld":true,"cursorPositionUnchanged":true,"sharedPointerActivityObserved":false,"hidSystemPointerActivityObserved":false,"rawInputPointerActivityObserved":false,"injectedPointerActivityObserved":false,"pointerActivityMonitorHealthy":true,"sharedPointerBoundaryCorroborated":true,"sharedPointerBoundaryState":"corroborated","sharedPointerActivityState":"quiet","hidSystemKeyboardActivityObserved":false,"keyboardActivityMonitorHealthy":true,"sharedKeyboardBoundaryCorroborated":true,"sharedKeyboardBoundaryState":"corroborated","sharedKeyboardActivityState":"quiet","sharedInputSeatActivityObserved":false,"spaceUnchanged":true}
2026-08-30T01:05:13.848Z PASS app-share pre-completion boundary remained quiet: the shared cursor, HID counters, foreground, focus, and Space stayed unchanged
2026-08-30T01:05:20.612Z FATAL bound app-share completion receipt timed out: app-share completion receipt failed its exact bound schema
2026-08-30T01:05:20.617Z helper stopped
2026-08-30T01:05:20.618Z server stopped
2026-08-30T01:05:20.622Z fixture stopped
2026-08-30T01:05:20.625Z scratch directory removed
