2026-08-29T03:53:55.514Z PASS evidence output parent is an owner-private ordinary directory: the direct evidence parent is ordinary, owner-private, and current-user owned
2026-08-29T03:53:55.517Z PASS evidence output directory is newly created and owner-private: the runner created one private lane output directory
2026-08-29T03:53:57.318Z PASS pre-run harness source commit matches coordinator binding: exact source SHA matched
2026-08-29T03:53:57.318Z PASS pre-run harness checkout is detached: detached HEAD
2026-08-29T03:53:57.318Z PASS pre-run harness checkout is clean: tracked, staged, deleted, and untracked sets are empty
2026-08-29T03:53:57.318Z PASS pre-run harness source repository passes git fsck: git fsck --full passed
2026-08-29T03:53:57.318Z PASS pre-run harness files are exact tracked blobs: runner, native probes, and acceptance finalizer match HEAD blobs
2026-08-29T03:53:57.322Z PASS macOS host: Darwin
2026-08-29T03:53:57.329Z PASS expected checksum-manifest hash format: 64 lowercase hexadecimal characters
2026-08-29T03:53:57.329Z PASS canonical checksum-manifest name: SHA256SUMS.txt
2026-08-29T03:53:57.329Z PASS exact archive name: local-browser-bridge-v0.12.54-macos-universal.tar.gz
2026-08-29T03:53:57.330Z PASS checksum manifest is one bounded current-user-owned ordinary file: ordinary, singly linked, owner-controlled, and within the manifest byte bound
2026-08-29T03:53:57.330Z PASS checksum manifest stayed stable while it was bound: path and descriptor identity, size, links, and timestamps remained unchanged
2026-08-29T03:53:57.330Z PASS out-of-band checksum-manifest hash matches: e47129c3b73b73a7fc565251a6d6780288862b4374381362d71545f294ef56a0
2026-08-29T03:53:57.330Z PASS checksum manifest has the exact canonical four-entry set: local-browser-bridge-v0.12.54-windows-x86_64.exe,local-computer-helper-v0.12.54-windows-x86_64.exe,local-browser-bridge-v0.12.54-macos-universal.tar.gz,local-browser-bridge-extension-v0.12.54.zip
2026-08-29T03:53:57.330Z PASS canonical manifest contains the macOS archive checksum: d70ec0ec3a87786b6fe75cf343f0fe9f2faaf2355777893395cf78d65bb6cdd2
2026-08-29T03:53:57.391Z PASS macOS archive bounded exact inventory: seventeen PAX-free regular-file/directory entries passed bounded streaming extraction
2026-08-29T03:53:57.391Z PASS archive checksum is bound by the canonical manifest: d70ec0ec3a87786b6fe75cf343f0fe9f2faaf2355777893395cf78d65bb6cdd2
2026-08-29T03:53:57.396Z PASS supplied server is archive-exact: 22514e8903e53044a5b07b18058af275e77757788f5f8849dcc8b204c9113b4b
2026-08-29T03:53:57.399Z PASS supplied helper is archive-exact: 8fbcdac451651bb8e91462b544be16a9410605099c2a19d0df5213d17d630286
2026-08-29T03:53:57.414Z PASS server universal architecture: arm64,x86_64
2026-08-29T03:53:57.414Z PASS helper universal architecture: arm64,x86_64
2026-08-29T03:53:57.414Z PASS helper uses packaged app layout: Local Computer Helper.app
2026-08-29T03:53:57.442Z PASS strict code-signature verification: server, helper executable, and helper app bundle passed strict verification
2026-08-29T03:53:57.450Z PASS helper bundle version: 0.12.54/0.12.54
2026-08-29T03:53:58.521Z PASS system probe foreground-window self-test: AX-focused/main identity wins over same-process app-share auxiliary compositor order
2026-08-29T03:53:59.137Z PASS optional physical-pointer adversarial prompt self-test: source-only optional adversarial prompt cannot satisfy either release lane
2026-08-29T03:53:59.792Z PASS app-share handoff bundle identity: dev.flrngel.local-browser-bridge.acceptance.app-share
2026-08-29T03:54:00.036Z PASS app-share handoff self-test: stable bundle/window/button vocabulary and create-once receipts
2026-08-29T03:54:00.127Z PASS screen-capture permission preflight: preexisting permission; no request was made
2026-08-29T03:54:00.127Z PASS accessibility permission preflight: preexisting permission; no request was made
2026-08-29T03:54:00.127Z PASS active Space probe available: nonzero active Space identity
2026-08-29T03:54:00.127Z PASS sandwiched foreground AX focus probe available: stable NSWorkspace/raw PSN plus exact AX focused/main-window identities are available
2026-08-29T03:54:36.592Z PASS native quiet-seat stabilization completed before candidate execution: 36465 ms across 60 stable native transitions after 0 reset(s)
2026-08-29T03:54:36.902Z PASS server version: 0.12.54
2026-08-29T03:54:37.226Z PASS helper version: 0.12.54
2026-08-29T03:54:37.944Z PASS fixture process identity: state belongs to the spawned fixture
2026-08-29T03:54:38.194Z PASS startup same-PID sibling is the target app's remembered receiver: sibling-main-and-focused=true, fixture-background=true
2026-08-29T03:54:39.147Z PASS packaged helper compatible: protocol-compatible helper 0.12.54
2026-08-29T03:54:39.147Z PASS single helper spawn: 1 packaged helper process
2026-08-29T03:54:39.147Z PASS acknowledged share advertised: computer.share.ack present
2026-08-29T03:54:39.147Z PASS native stream advertised: computer.capture.native-stream.v1 present
2026-08-29T03:54:39.147Z PASS input-delivery provenance advertised: computer.input-delivery-provenance.v1 present
2026-08-29T03:54:39.147Z PASS pointer-activity monitor advertised: computer.pointer-activity-monitor.v1 present
2026-08-29T03:54:40.125Z PASS helper status backend: background-window/ax+skylight+screencapturekit-stream
2026-08-29T03:54:40.125Z PASS background shared-session mode: background-window/shared-user-session/target-routed
2026-08-29T03:54:40.125Z PASS background input backend ready: target-routed input is ready
2026-08-29T03:54:40.125Z PASS semantic backend ready: macos-accessibility is ready without prompting
2026-08-29T03:54:40.125Z PASS fixture exact window discovered: 1 matching windows
2026-08-29T03:54:40.125Z PASS genuine same-PID sibling window discovered: 1 sibling matches, distinct=true
2026-08-29T03:54:40.125Z PASS fixture is a background target: neither same-PID fixture window owns the user's foreground process or front window
2026-08-29T03:54:41.281Z PASS exact fixture window observed: 1209x826
2026-08-29T03:54:41.281Z PASS semantic snapshot available: 4 elements
2026-08-29T03:54:41.284Z PASS semantic value element discovered: AXTextField
2026-08-29T03:54:43.580Z PASS semantic setValue confirmed: Confirmed/value-confirmed
2026-08-29T03:54:43.580Z PASS semantic setValue route, helper-preservation, and shared-pointer invariants: {"cursorPositionUnchanged":true,"foregroundUnchanged":true,"hardwareCursorPreservedByHelper":true,"helperGlobalPointerPreservation":"confirmed","hidSystemPointerActivityObserved":false,"injectedPointerActivityObserved":false,"inputDelivery":{"dispatchAttemptRecorded":true,"exactTargetBound":true,"globalHidInputUsed":false,"hardwareCursorMutationRequested":false,"osAcceptanceObserved":true,"osAcceptanceSignalAvailable":true,"route":"macosAccessibility","sharedInputSeatUsed":false,"supportLevel":"publicDocumented"},"pointerActivityMonitorHealthy":true,"rawInputPointerActivityObserved":false,"sharedPointerActivityObserved":false,"sharedPointerActivityState":"quiet","sharedPointerBoundaryCorroborated":true,"sharedPointerBoundaryState":"corroborated","spaceUnchanged":true,"userFocusUnchanged":true}
2026-08-29T03:54:44.473Z PASS semantic setValue screenshot changed: fresh exact-window pixels differ from the pre-action observation
2026-08-29T03:54:44.473Z PASS semantic action element discovered: AXButton
2026-08-29T03:54:46.970Z PASS semantic invoke target-side proof: fixture semantic counter advanced to 1
2026-08-29T03:54:46.970Z PASS semantic invoke conservatively classified: Partial/element-state-changed
2026-08-29T03:54:46.970Z PASS semantic invoke route, helper-preservation, and shared-pointer invariants: {"cursorPositionUnchanged":true,"foregroundUnchanged":true,"hardwareCursorPreservedByHelper":true,"helperGlobalPointerPreservation":"confirmed","hidSystemPointerActivityObserved":false,"injectedPointerActivityObserved":false,"inputDelivery":{"dispatchAttemptRecorded":true,"exactTargetBound":true,"globalHidInputUsed":false,"hardwareCursorMutationRequested":false,"osAcceptanceObserved":true,"osAcceptanceSignalAvailable":true,"route":"macosAccessibility","sharedInputSeatUsed":false,"supportLevel":"publicDocumented"},"pointerActivityMonitorHealthy":true,"rawInputPointerActivityObserved":false,"sharedPointerActivityObserved":false,"sharedPointerActivityState":"quiet","sharedPointerBoundaryCorroborated":true,"sharedPointerBoundaryState":"corroborated","spaceUnchanged":true,"userFocusUnchanged":true}
2026-08-29T03:54:47.973Z PASS semantic invoke screenshot changed: fresh exact-window pixels differ from the setValue stage
2026-08-29T03:54:50.270Z PASS persistent live share started: persistent-native-stream/exact-window
2026-08-29T03:54:50.270Z PASS SCStream start metadata: macos-screencapturekit-scstream, native=true, indicator-policy=true, selection=programmatic-exact-window
2026-08-29T03:54:50.270Z PASS live share ack pacing: latest-frame-wins, ackPaced=true
2026-08-29T03:54:50.270Z PASS live share cursor policy: system cursor excluded; synthetic session pointer composited
2026-08-29T03:54:51.319Z PASS persistent-share screenshot is fresh: sourceSequence=11
2026-08-29T03:54:54.775Z PASS same-PID sibling is remembered before primary pixel dispatch: sibling-main-and-focused=true, sibling-state-clean=true
2026-08-29T03:55:02.937Z PASS exact active target receiver observed during pixel lease: active-target=true, exact-main-and-focused=true, saved-user-owner=true
2026-08-29T03:55:03.046Z PASS background pixel click targets only primary and restores sibling receiver: only the primary click counter advanced and the target app's prior sibling receiver was restored
2026-08-29T03:55:03.046Z PASS pixel click conservatively classified: Unverifiable
2026-08-29T03:55:03.046Z PASS pixel action bound to persistent share: share=true, source=42
2026-08-29T03:55:03.046Z PASS live-share pixel click route, helper-preservation, and shared-pointer invariants: {"cursorPositionUnchanged":true,"foregroundUnchanged":true,"hardwareCursorPreservedByHelper":true,"helperGlobalPointerPreservation":"confirmed","hidSystemPointerActivityObserved":false,"injectedPointerActivityObserved":false,"inputDelivery":{"dispatchAttemptRecorded":true,"exactTargetBound":true,"globalHidInputUsed":false,"hardwareCursorMutationRequested":false,"osAcceptanceObserved":false,"osAcceptanceSignalAvailable":false,"route":"macosTargetedProcessEvent","sharedInputSeatUsed":false,"supportLevel":"privateUnsupported"},"pointerActivityMonitorHealthy":true,"rawInputPointerActivityObserved":false,"sharedPointerActivityObserved":false,"sharedPointerActivityState":"quiet","sharedPointerBoundaryCorroborated":true,"sharedPointerBoundaryState":"corroborated","spaceUnchanged":true,"userFocusUnchanged":true}
2026-08-29T03:55:03.142Z PASS same-PID pixel routing independent foreground/focus/pointer/Space invariants: {"foregroundUnchanged":true,"userFocusUnchanged":true,"foregroundIdentitySandwichHeld":true,"rawForegroundIdentitySandwichHeld":true,"foregroundAxFocusUnchanged":true,"foregroundAxFrontmostHeld":true,"cursorPositionUnchanged":true,"sharedPointerActivityObserved":false,"hidSystemPointerActivityObserved":false,"rawInputPointerActivityObserved":false,"injectedPointerActivityObserved":false,"pointerActivityMonitorHealthy":true,"sharedPointerBoundaryCorroborated":true,"sharedPointerBoundaryState":"corroborated","sharedPointerActivityState":"quiet","hidSystemKeyboardActivityObserved":false,"keyboardActivityMonitorHealthy":true,"sharedKeyboardBoundaryCorroborated":true,"sharedKeyboardBoundaryState":"corroborated","sharedKeyboardActivityState":"quiet","sharedInputSeatActivityObserved":false,"spaceUnchanged":true}
2026-08-29T03:55:03.969Z PASS native source remained live during input: source +95/drop +90; transport +3
2026-08-29T03:55:03.970Z PASS settled synthetic pointer published: action=click
2026-08-29T03:55:03.973Z PASS live-share action screenshot changed: fresh exact-window pixels include the action stage
2026-08-29T03:55:07.487Z PASS persistent share survived exact-target resize: 720x492 -> 820x552
2026-08-29T03:55:07.487Z PASS settled resize frame matches exact-window geometry: window=820x552, image=1218x820
2026-08-29T03:55:07.492Z PASS resize screenshot dimensions match settled observation: 1218x820
2026-08-29T03:55:07.492Z PASS resize screenshot geometry changed: 1209x826 -> 1218x820
2026-08-29T03:55:15.276Z PASS post-resize pixel click target-side proof: only the exact fixture click counter changed functional state after resize
2026-08-29T03:55:15.276Z PASS post-resize action bound to settled persistent share: frame=true, share=true, source=180
2026-08-29T03:55:15.276Z PASS post-resize pixel click conservatively classified: Unverifiable
2026-08-29T03:55:15.276Z PASS post-resize pixel click route, helper-preservation, and shared-pointer invariants: {"cursorPositionUnchanged":true,"foregroundUnchanged":true,"hardwareCursorPreservedByHelper":true,"helperGlobalPointerPreservation":"confirmed","hidSystemPointerActivityObserved":false,"injectedPointerActivityObserved":false,"inputDelivery":{"dispatchAttemptRecorded":true,"exactTargetBound":true,"globalHidInputUsed":false,"hardwareCursorMutationRequested":false,"osAcceptanceObserved":false,"osAcceptanceSignalAvailable":false,"route":"macosTargetedProcessEvent","sharedInputSeatUsed":false,"supportLevel":"privateUnsupported"},"pointerActivityMonitorHealthy":true,"rawInputPointerActivityObserved":false,"sharedPointerActivityObserved":false,"sharedPointerActivityState":"quiet","sharedPointerBoundaryCorroborated":true,"sharedPointerBoundaryState":"corroborated","spaceUnchanged":true,"userFocusUnchanged":true}
2026-08-29T03:55:15.276Z PASS post-resize pixel action independent foreground/focus/pointer/Space invariants: {"foregroundUnchanged":true,"userFocusUnchanged":true,"foregroundIdentitySandwichHeld":true,"rawForegroundIdentitySandwichHeld":true,"foregroundAxFocusUnchanged":true,"foregroundAxFrontmostHeld":true,"cursorPositionUnchanged":true,"sharedPointerActivityObserved":false,"hidSystemPointerActivityObserved":false,"rawInputPointerActivityObserved":false,"injectedPointerActivityObserved":false,"pointerActivityMonitorHealthy":true,"sharedPointerBoundaryCorroborated":true,"sharedPointerBoundaryState":"corroborated","sharedPointerActivityState":"quiet","hidSystemKeyboardActivityObserved":false,"keyboardActivityMonitorHealthy":true,"sharedKeyboardBoundaryCorroborated":true,"sharedKeyboardBoundaryState":"corroborated","sharedKeyboardActivityState":"quiet","sharedInputSeatActivityObserved":false,"spaceUnchanged":true}
2026-08-29T03:55:16.206Z PASS post-resize action retained resized exact-window stream: window=820x552, image=1218x820
2026-08-29T03:55:16.414Z PASS same-PID sibling is the prior receiver before text preparation: sibling-main-and-focused=true, sibling-state-clean=true
2026-08-29T03:55:16.613Z PASS background fixture field prepared without mutation while sibling remains prior receiver: the primary responder was prepared, the sibling was restored internally, and no target field mutated
2026-08-29T03:55:16.709Z PASS field preparation independent foreground/focus/pointer/Space invariants: {"foregroundUnchanged":true,"userFocusUnchanged":true,"foregroundIdentitySandwichHeld":true,"rawForegroundIdentitySandwichHeld":true,"foregroundAxFocusUnchanged":true,"foregroundAxFrontmostHeld":true,"cursorPositionUnchanged":true,"sharedPointerActivityObserved":false,"hidSystemPointerActivityObserved":false,"rawInputPointerActivityObserved":false,"injectedPointerActivityObserved":false,"pointerActivityMonitorHealthy":true,"sharedPointerBoundaryCorroborated":true,"sharedPointerBoundaryState":"corroborated","sharedPointerActivityState":"quiet","hidSystemKeyboardActivityObserved":false,"keyboardActivityMonitorHealthy":true,"sharedKeyboardBoundaryCorroborated":true,"sharedKeyboardBoundaryState":"corroborated","sharedKeyboardActivityState":"quiet","sharedInputSeatActivityObserved":false,"spaceUnchanged":true}
2026-08-29T03:55:17.460Z PASS same-PID sibling remains the exact prior receiver immediately before text request: sibling-main-and-focused=true
2026-08-29T03:55:23.479Z PASS native typeText exact fixture read-back with zero sibling mutation: appended 20 ASCII characters only to the primary field and restored the prior sibling receiver
2026-08-29T03:55:23.479Z PASS native typeText bounded product result: Unverifiable/exact-window-background, characters=20, utf16=20
2026-08-29T03:55:23.479Z PASS native typeText route, helper-preservation, and shared-pointer invariants: {"cursorPositionUnchanged":true,"foregroundUnchanged":true,"hardwareCursorPreservedByHelper":true,"helperGlobalPointerPreservation":"confirmed","hidSystemPointerActivityObserved":false,"injectedPointerActivityObserved":false,"inputDelivery":{"dispatchAttemptRecorded":true,"exactTargetBound":true,"globalHidInputUsed":false,"hardwareCursorMutationRequested":false,"osAcceptanceObserved":false,"osAcceptanceSignalAvailable":false,"route":"macosTargetedProcessEvent","sharedInputSeatUsed":false,"supportLevel":"privateUnsupported"},"pointerActivityMonitorHealthy":true,"rawInputPointerActivityObserved":false,"sharedPointerActivityObserved":false,"sharedPointerActivityState":"quiet","sharedPointerBoundaryCorroborated":true,"sharedPointerBoundaryState":"corroborated","spaceUnchanged":true,"userFocusUnchanged":true}
2026-08-29T03:55:23.575Z PASS native typeText independent foreground/focus/pointer/Space invariants: {"foregroundUnchanged":true,"userFocusUnchanged":true,"foregroundIdentitySandwichHeld":true,"rawForegroundIdentitySandwichHeld":true,"foregroundAxFocusUnchanged":true,"foregroundAxFrontmostHeld":true,"cursorPositionUnchanged":true,"sharedPointerActivityObserved":false,"hidSystemPointerActivityObserved":false,"rawInputPointerActivityObserved":false,"injectedPointerActivityObserved":false,"pointerActivityMonitorHealthy":true,"sharedPointerBoundaryCorroborated":true,"sharedPointerBoundaryState":"corroborated","sharedPointerActivityState":"quiet","hidSystemKeyboardActivityObserved":false,"keyboardActivityMonitorHealthy":true,"sharedKeyboardBoundaryCorroborated":true,"sharedKeyboardBoundaryState":"corroborated","sharedKeyboardActivityState":"quiet","sharedInputSeatActivityObserved":false,"spaceUnchanged":true}
2026-08-29T03:55:24.500Z PASS native text restore element discovered: AXTextField
2026-08-29T03:55:24.500Z PASS native text restore frame is bound to the persistent share authority: share=true, source=337
2026-08-29T03:55:28.903Z PASS native text fixture value restored: Confirmed/value-confirmed
2026-08-29T03:55:28.903Z PASS native text restore route, helper-preservation, and shared-pointer invariants: {"cursorPositionUnchanged":true,"foregroundUnchanged":true,"hardwareCursorPreservedByHelper":true,"helperGlobalPointerPreservation":"confirmed","hidSystemPointerActivityObserved":false,"injectedPointerActivityObserved":false,"inputDelivery":{"dispatchAttemptRecorded":true,"exactTargetBound":true,"globalHidInputUsed":false,"hardwareCursorMutationRequested":false,"osAcceptanceObserved":true,"osAcceptanceSignalAvailable":true,"route":"macosAccessibility","sharedInputSeatUsed":false,"supportLevel":"publicDocumented"},"pointerActivityMonitorHealthy":true,"rawInputPointerActivityObserved":false,"sharedPointerActivityObserved":false,"sharedPointerActivityState":"quiet","sharedPointerBoundaryCorroborated":true,"sharedPointerBoundaryState":"corroborated","spaceUnchanged":true,"userFocusUnchanged":true}
2026-08-29T03:55:28.903Z PASS native text restore exact fixture state: only the deterministic semantic value was restored
2026-08-29T03:55:30.040Z PASS persistent share sample count: 11 distinct transport frames
2026-08-29T03:55:30.040Z PASS one persistent share authority: 1 share IDs
2026-08-29T03:55:30.040Z PASS share-initial native stream metadata: macos-screencapturekit-scstream, native=true, indicator-policy=true, selection=programmatic-exact-window
2026-08-29T03:55:30.040Z PASS share-initial ack pacing metadata: ack=true, backpressure=latest-frame-wins
2026-08-29T03:55:30.040Z PASS share-cadence-1 native stream metadata: macos-screencapturekit-scstream, native=true, indicator-policy=true, selection=programmatic-exact-window
2026-08-29T03:55:30.040Z PASS share-cadence-1 ack pacing metadata: ack=true, backpressure=latest-frame-wins
2026-08-29T03:55:30.040Z PASS share-cadence-2 native stream metadata: macos-screencapturekit-scstream, native=true, indicator-policy=true, selection=programmatic-exact-window
2026-08-29T03:55:30.040Z PASS share-cadence-2 ack pacing metadata: ack=true, backpressure=latest-frame-wins
2026-08-29T03:55:30.040Z PASS share-after-long-action native stream metadata: macos-screencapturekit-scstream, native=true, indicator-policy=true, selection=programmatic-exact-window
2026-08-29T03:55:30.040Z PASS share-after-long-action ack pacing metadata: ack=true, backpressure=latest-frame-wins
2026-08-29T03:55:30.040Z PASS share-after-resize native stream metadata: macos-screencapturekit-scstream, native=true, indicator-policy=true, selection=programmatic-exact-window
2026-08-29T03:55:30.040Z PASS share-after-resize ack pacing metadata: ack=true, backpressure=latest-frame-wins
2026-08-29T03:55:30.040Z PASS share-resize-settled native stream metadata: macos-screencapturekit-scstream, native=true, indicator-policy=true, selection=programmatic-exact-window
2026-08-29T03:55:30.040Z PASS share-resize-settled ack pacing metadata: ack=true, backpressure=latest-frame-wins
2026-08-29T03:55:30.040Z PASS share-post-resize-cadence native stream metadata: macos-screencapturekit-scstream, native=true, indicator-policy=true, selection=programmatic-exact-window
2026-08-29T03:55:30.040Z PASS share-post-resize-cadence ack pacing metadata: ack=true, backpressure=latest-frame-wins
2026-08-29T03:55:30.040Z PASS share-after-post-resize-action native stream metadata: macos-screencapturekit-scstream, native=true, indicator-policy=true, selection=programmatic-exact-window
2026-08-29T03:55:30.040Z PASS share-after-post-resize-action ack pacing metadata: ack=true, backpressure=latest-frame-wins
2026-08-29T03:55:30.040Z PASS share-after-native-text-focus native stream metadata: macos-screencapturekit-scstream, native=true, indicator-policy=true, selection=programmatic-exact-window
2026-08-29T03:55:30.040Z PASS share-after-native-text-focus ack pacing metadata: ack=true, backpressure=latest-frame-wins
2026-08-29T03:55:30.041Z PASS share-after-native-text-delivery native stream metadata: macos-screencapturekit-scstream, native=true, indicator-policy=true, selection=programmatic-exact-window
2026-08-29T03:55:30.041Z PASS share-after-native-text-delivery ack pacing metadata: ack=true, backpressure=latest-frame-wins
2026-08-29T03:55:30.041Z PASS share-after-native-text-restore native stream metadata: macos-screencapturekit-scstream, native=true, indicator-policy=true, selection=programmatic-exact-window
2026-08-29T03:55:30.041Z PASS share-after-native-text-restore ack pacing metadata: ack=true, backpressure=latest-frame-wins
2026-08-29T03:55:30.041Z PASS share-cadence-1 independent sequences advance: source 11->21, transport 1->2
2026-08-29T03:55:30.041Z PASS share-cadence-1 drop counters are monotonic: source-drop 19->29, transport-drop 0->0
2026-08-29T03:55:30.041Z PASS share-cadence-1 previous frame was acknowledged: previous=1, ack=1, current=2
2026-08-29T03:55:30.041Z PASS share-cadence-2 independent sequences advance: source 21->42, transport 2->4
2026-08-29T03:55:30.041Z PASS share-cadence-2 drop counters are monotonic: source-drop 29->48, transport-drop 0->0
2026-08-29T03:55:30.041Z PASS share-cadence-2 previous frame was acknowledged: previous=2, ack=2, current=4
2026-08-29T03:55:30.041Z PASS share-after-long-action independent sequences advance: source 42->137, transport 4->7
2026-08-29T03:55:30.041Z PASS share-after-long-action drop counters are monotonic: source-drop 48->138, transport-drop 0->2
2026-08-29T03:55:30.041Z PASS share-after-long-action previous frame was acknowledged: previous=4, ack=6, current=7
2026-08-29T03:55:30.041Z PASS share-after-resize independent sequences advance: source 137->157, transport 7->8
2026-08-29T03:55:30.041Z PASS share-after-resize drop counters are monotonic: source-drop 138->160, transport-drop 2->2
2026-08-29T03:55:30.041Z PASS share-after-resize previous frame was acknowledged: previous=7, ack=7, current=8
2026-08-29T03:55:30.041Z PASS share-resize-settled independent sequences advance: source 157->168, transport 8->9
2026-08-29T03:55:30.041Z PASS share-resize-settled drop counters are monotonic: source-drop 160->171, transport-drop 2->2
2026-08-29T03:55:30.041Z PASS share-resize-settled previous frame was acknowledged: previous=8, ack=8, current=9
2026-08-29T03:55:30.041Z PASS share-post-resize-cadence independent sequences advance: source 168->180, transport 9->10
2026-08-29T03:55:30.041Z PASS share-post-resize-cadence drop counters are monotonic: source-drop 171->181, transport-drop 2->2
2026-08-29T03:55:30.041Z PASS share-post-resize-cadence previous frame was acknowledged: previous=9, ack=9, current=10
2026-08-29T03:55:30.041Z PASS share-after-post-resize-action independent sequences advance: source 180->256, transport 10->13
2026-08-29T03:55:30.041Z PASS share-after-post-resize-action drop counters are monotonic: source-drop 181->253, transport-drop 2->2
2026-08-29T03:55:30.041Z PASS share-after-post-resize-action previous frame was acknowledged: previous=10, ack=12, current=13
2026-08-29T03:55:30.041Z PASS share-after-native-text-focus independent sequences advance: source 256->266, transport 13->14
2026-08-29T03:55:30.041Z PASS share-after-native-text-focus drop counters are monotonic: source-drop 253->262, transport-drop 2->2
2026-08-29T03:55:30.041Z PASS share-after-native-text-focus previous frame was acknowledged: previous=13, ack=13, current=14
2026-08-29T03:55:30.041Z PASS share-after-native-text-delivery independent sequences advance: source 266->337, transport 14->17
2026-08-29T03:55:30.041Z PASS share-after-native-text-delivery drop counters are monotonic: source-drop 262->331, transport-drop 2->2
2026-08-29T03:55:30.041Z PASS share-after-native-text-delivery previous frame was acknowledged: previous=14, ack=16, current=17
2026-08-29T03:55:30.041Z PASS share-after-native-text-restore independent sequences advance: source 337->392, transport 17->20
2026-08-29T03:55:30.042Z PASS share-after-native-text-restore drop counters are monotonic: source-drop 331->382, transport-drop 2->2
2026-08-29T03:55:30.042Z PASS share-after-native-text-restore previous frame was acknowledged: previous=17, ack=19, current=20
2026-08-29T03:55:31.034Z PASS share status remains native and ack paced: macos-screencapturekit-scstream, source=392, transport=20
2026-08-29T03:55:31.034Z PASS share status drop domains retained: source-drop=382, transport-drop=2
2026-08-29T03:55:31.034Z PASS cancellation starts from a current resized share frame: share=true, source=392, screenshot-bound=true
2026-08-29T03:55:31.127Z PASS bounded fixture mouse-move instrumentation ready: baseline=61
2026-08-29T03:55:41.381Z FATAL fixture target-routed cancellation move dispatch timed out
2026-08-29T03:55:41.383Z helper stopped
2026-08-29T03:55:41.388Z server stopped
2026-08-29T03:55:41.390Z fixture stopped
2026-08-29T03:55:41.393Z scratch directory removed
